<html>
<body>
<pre>
<h1>µVision Build Log</h1>
<h2>Tool Versions:</h2>
IDE-Version: ¦ÌVision V5.22.0.0
Copyright (C) 2016 ARM Ltd and ARM Germany GmbH. All rights reserved.
License Information: Jiarui XU, HKUST, LIC=03CTG-VPVHX-LCFJF-6Y1BY-UQX6Z-ET0W4
 
Tool Versions:
Toolchain:       MDK-ARM Plus  Version: 5.22
Toolchain Path:  C:\Keil_v5\ARM\ARMCC\Bin
C Compiler:      Armcc.exe V5.06 update 4 (build 422)
Assembler:       Armasm.exe V5.06 update 4 (build 422)
Linker/Locator:  ArmLink.exe V5.06 update 4 (build 422)
Library Manager: ArmAr.exe V5.06 update 4 (build 422)
Hex Converter:   FromElf.exe V5.06 update 4 (build 422)
CPU DLL:         SARMCM3.DLL V5.22
Dialog DLL:      DCM.DLL V1.13.9.0
Target DLL:      STLink\ST-LINKIII-KEIL_SWO.dll V2.0.18.0
Dialog DLL:      TCM.DLL V1.21.0.0
 
<h2>Project:</h2>
\\Mac\Home\Documents\Robomaster\Robotmaster_share\robot\user\Template.uvprojx
Project File Date:  03/16/2017

<h2>Output:</h2>
*** Using Compiler 'V5.06 update 4 (build 422)', folder: 'C:\Keil_v5\ARM\ARMCC\Bin'
Build target 'HKUST_RM2017_Mainboard'
compiling main.c...
led.h(7): warning:  #1295-D: Deprecated declaration LED_master_init - give arg types
  void LED_master_init();
pwm.h(11): warning:  #1-D: last line of file ends without a newline
  void Friction_wheel_control2(u16 speed);
led.h(7): warning:  #1295-D: Deprecated declaration LED_master_init - give arg types
  void LED_master_init();
1.8 TFT_display.h(87): warning:  #1295-D: Deprecated declaration tft_brightness_check_menu - give arg types
  void tft_brightness_check_menu();
adc.h(35): warning:  #1295-D: Deprecated declaration get_mcu_temperature - give arg types
  float get_mcu_temperature();
pwm.h(11): warning:  #1-D: last line of file ends without a newline
  void Friction_wheel_control2(u16 speed);
led.h(7): warning:  #1295-D: Deprecated declaration LED_master_init - give arg types
  void LED_master_init();
pneumatic.h(3): warning:  #1295-D: Deprecated declaration pneumatic_init - give arg types
  void pneumatic_init();
pneumatic.h(4): warning:  #1-D: last line of file ends without a newline
  void pneumatic_control(u8 port, u8 state);
can.h(4): warning:  #1295-D: Deprecated declaration CAN1_Configuration - give arg types
  void CAN1_Configuration();
can.h(5): warning:  #1295-D: Deprecated declaration CAN2_Configuration - give arg types
  void CAN2_Configuration();
judge.h(33): warning:  #1-D: last line of file ends without a newline
  extern InfantryJudge_Struct InfantryJudge;
function_list.h(28): warning:  #1295-D: Deprecated declaration LED_master_init - give arg types
  void LED_master_init();
function_list.h(33): warning:  #1295-D: Deprecated declaration tft_update - give arg types
  void tft_update();
function_list.h(34): warning:  #1295-D: Deprecated declaration tft_clear - give arg types
  void tft_clear();
function_list.h(54): warning:  #1295-D: Deprecated declaration pneumatic_init - give arg types
  void pneumatic_init();
function_list.h(58): warning:  #1295-D: Deprecated declaration CAN1_Configuration - give arg types
  void CAN1_Configuration();
function_list.h(59): warning:  #1295-D: Deprecated declaration CAN2_Configuration - give arg types
  void CAN2_Configuration();
gimbal_control.h(17): warning:  #1295-D: Deprecated declaration gimbal_exceed_right_bound - give arg types
  int16_t gimbal_exceed_right_bound();
gimbal_control.h(18): warning:  #1295-D: Deprecated declaration gimbal_exceed_left_bound - give arg types
  int16_t gimbal_exceed_left_bound();
gimbal_control.h(19): warning:  #1295-D: Deprecated declaration gimbal_exceed_upper_bound - give arg types
  int16_t gimbal_exceed_upper_bound();
gimbal_control.h(20): warning:  #1295-D: Deprecated declaration gimbal_exceed_lower_bound - give arg types
  int16_t gimbal_exceed_lower_bound();
gimbal_control.h(21): warning:  #1295-D: Deprecated declaration chassis_follow - give arg types
  int16_t chassis_follow();
gimbal_control.h(24): warning:  #1-D: last line of file ends without a newline
  void buff_switch();
gimbal_control.h(24): warning:  #1295-D: Deprecated declaration buff_switch - give arg types
  void buff_switch();
external_control.h(4): warning:  #1295-D: Deprecated declaration external_control - give arg types
  void external_control();
external_control.h(5): warning:  #1295-D: Deprecated declaration remote_control - give arg types
  void remote_control();
external_control.h(6): warning:  #1295-D: Deprecated declaration computer_control - give arg types
  void computer_control();
main.c: 28 warnings, 0 errors
linking...
Program Size: Code=42856 RO-data=2936 RW-data=20752 ZI-data=6160  
FromELF: creating hex file...
"..\OBJ\Template.axf" - 0 Error(s), 28 Warning(s).

<h2>Collection of Component include folders:</h2>
  \\Mac\Home\Documents\Robomaster\Robotmaster_share\robot\user\RTE\_HKUST_RM2017_Mainboard
  C:\Keil_v5\ARM\PACK\Keil\STM32F4xx_DFP\2.11.0\Drivers\CMSIS\Device\ST\STM32F4xx\Include

<h2>Collection of Component Files used:</h2>
Build Time Elapsed:  00:00:04
</pre>
</body>
</html>
