Component: ARM Compiler 5.06 update 4 (build 422) Tool: armlink [4d35d2]

==============================================================================

Section Cross References

    stm32f4xx_it.o(.text) refers to ticks.o(.text) for TimeTick_Decrement
    main.o(.text) refers to ticks.o(.text) for SysTick_Init
    main.o(.text) refers to dbus.o(.text) for Dbus_init
    main.o(.text) refers to 1.8 tft_display.o(.text) for tft_init
    main.o(.text) refers to led.o(.text) for LED_master_init
    main.o(.text) refers to yaw_gyro.o(.text) for gyro_init
    main.o(.text) refers to adc.o(.text) for ADC1_init
    main.o(.text) refers to judge.o(.text) for judging_system_init
    main.o(.text) refers to pneumatic.o(.text) for pneumatic_init
    main.o(.text) refers to can1.o(.text) for CAN1_Configuration
    main.o(.text) refers to can2.o(.text) for CAN2_Configuration
    main.o(.text) refers to data_monitor.o(.text) for DataMonitor_Init
    main.o(.text) refers to driver_encoder.o(.text) for ENCODER_Init
    main.o(.text) refers to driver_gun.o(.text) for GUN_Init
    main.o(.text) refers to pid_s.o(.text) for PID_init
    main.o(.text) refers to flash.o(.text) for readFlash
    main.o(.text) refers to external_control.o(.text) for external_control
    main.o(.text) refers to main.o(.bss) for wheels_pos_pid
    main.o(.text) refers to main.o(.data) for buffer_remain
    main.o(.text) refers to canbusprocess.o(.bss) for GMYawEncoder
    main.o(.text) refers to gpio.o(.constdata) for PB3
    system_stm32f4xx.o(.text) refers to system_stm32f4xx.o(.data) for SystemCoreClock
    external_control.o(.text) refers to dbus.o(.text) for DBUS_CheckPush
    external_control.o(.text) refers to dflt_clz.o(x$fpl$dflt) for __aeabi_i2d
    external_control.o(.text) refers to dmul.o(x$fpl$dmul) for __aeabi_dmul
    external_control.o(.text) refers to f2d.o(x$fpl$f2d) for __aeabi_f2d
    external_control.o(.text) refers to daddsub_clz.o(x$fpl$dadd) for __aeabi_dadd
    external_control.o(.text) refers to d2f.o(x$fpl$d2f) for __aeabi_d2f
    external_control.o(.text) refers to customized_function.o(.text) for limit_int_range
    external_control.o(.text) refers to gimbal_control.o(.text) for gimbal_exceed_right_bound
    external_control.o(.text) refers to chassis_control.o(.text) for control_car
    external_control.o(.text) refers to external_control.o(.data) for last_ch_input
    external_control.o(.text) refers to dbus.o(.bss) for DBUS_ReceiveData
    external_control.o(.text) refers to canbusprocess.o(.bss) for GMYawEncoder
    external_control.o(.text) refers to main.o(.data) for init_yaw_pos
    external_control.o(.text) refers to flash.o(.text) for writeFlash
    external_control.o(.text) refers to buzzer.o(.text) for buzzer_on
    external_control.o(.text) refers to main.o(.bss) for manual_buff_yaw_pos
    gimbal_control.o(.text) refers to pid_s.o(.text) for PID_output2
    gimbal_control.o(.text) refers to canbusprocess.o(.text) for Set_CM_Speed
    gimbal_control.o(.text) refers to canbusprocess.o(.bss) for GMPitchEncoder
    gimbal_control.o(.text) refers to main.o(.bss) for gimbal_speed_pid
    gimbal_control.o(.text) refers to main.o(.data) for init_pitch_pos
    gimbal_control.o(.text) refers to dbus.o(.text) for DBUS_CheckPush
    pid_s.o(.text) refers to f2d.o(x$fpl$f2d) for __aeabi_f2d
    pid_s.o(.text) refers to fabs.o(i.fabs) for fabs
    power_control.o(.text) refers to judge.o(.bss) for InfantryJudge
    power_control.o(.text) refers to main.o(.data) for buffer_remain
    chassis_control.o(.text) refers to f2d.o(x$fpl$f2d) for __aeabi_f2d
    chassis_control.o(.text) refers to sin.o(i.sin) for sin
    chassis_control.o(.text) refers to cos.o(i.cos) for cos
    chassis_control.o(.text) refers to pid_s.o(.text) for PID_output2
    chassis_control.o(.text) refers to canbusprocess.o(.text) for Set_CM_Speed
    chassis_control.o(.text) refers to main.o(.data) for target_angle
    chassis_control.o(.text) refers to yaw_gyro.o(.data) for output_angle
    chassis_control.o(.text) refers to main.o(.bss) for angle_pid
    chassis_control.o(.text) refers to dbus.o(.bss) for DBUS_ReceiveData
    chassis_control.o(.text) refers to canbusprocess.o(.bss) for CM1Encoder
    customized_function.o(.text) refers to ticks.o(.text) for get_ms_ticks
    startup_stm32f40_41xxx.o(STACK) refers (Special) to heapauxi.o(.text) for __use_two_region_memory
    startup_stm32f40_41xxx.o(HEAP) refers (Special) to heapauxi.o(.text) for __use_two_region_memory
    startup_stm32f40_41xxx.o(RESET) refers (Special) to heapauxi.o(.text) for __use_two_region_memory
    startup_stm32f40_41xxx.o(RESET) refers to startup_stm32f40_41xxx.o(STACK) for __initial_sp
    startup_stm32f40_41xxx.o(RESET) refers to startup_stm32f40_41xxx.o(.text) for Reset_Handler
    startup_stm32f40_41xxx.o(RESET) refers to stm32f4xx_it.o(.text) for NMI_Handler
[...]
    TIM_ClearOC1Ref                          0x08004433   Thumb Code    18  stm32f4xx_tim.o(.text)
    TIM_ClearOC2Ref                          0x08004445   Thumb Code    24  stm32f4xx_tim.o(.text)
    TIM_ClearOC3Ref                          0x0800445d   Thumb Code    18  stm32f4xx_tim.o(.text)
    TIM_ClearOC4Ref                          0x0800446f   Thumb Code    24  stm32f4xx_tim.o(.text)
    TIM_OC1PolarityConfig                    0x08004487   Thumb Code    18  stm32f4xx_tim.o(.text)
    TIM_OC1NPolarityConfig                   0x08004499   Thumb Code    18  stm32f4xx_tim.o(.text)
    TIM_OC2PolarityConfig                    0x080044ab   Thumb Code    26  stm32f4xx_tim.o(.text)
    TIM_OC2NPolarityConfig                   0x080044c5   Thumb Code    26  stm32f4xx_tim.o(.text)
    TIM_OC3PolarityConfig                    0x080044df   Thumb Code    26  stm32f4xx_tim.o(.text)
    TIM_OC3NPolarityConfig                   0x080044f9   Thumb Code    26  stm32f4xx_tim.o(.text)
    TIM_OC4PolarityConfig                    0x08004513   Thumb Code    26  stm32f4xx_tim.o(.text)
    TIM_CCxCmd                               0x0800452d   Thumb Code    30  stm32f4xx_tim.o(.text)
    TIM_CCxNCmd                              0x0800454b   Thumb Code    30  stm32f4xx_tim.o(.text)
    TIM_SetIC4Prescaler                      0x08004569   Thumb Code    26  stm32f4xx_tim.o(.text)
    TIM_SetIC3Prescaler                      0x080045d3   Thumb Code    18  stm32f4xx_tim.o(.text)
    TIM_SetIC2Prescaler                      0x0800462d   Thumb Code    26  stm32f4xx_tim.o(.text)
    TIM_SetIC1Prescaler                      0x080046a1   Thumb Code    18  stm32f4xx_tim.o(.text)
    TIM_ICInit                               0x080046ed   Thumb Code   110  stm32f4xx_tim.o(.text)
    TIM_ICStructInit                         0x0800475b   Thumb Code    18  stm32f4xx_tim.o(.text)
    TIM_PWMIConfig                           0x0800476d   Thumb Code   124  stm32f4xx_tim.o(.text)
    TIM_GetCapture1                          0x080047e9   Thumb Code     6  stm32f4xx_tim.o(.text)
    TIM_GetCapture2                          0x080047ef   Thumb Code     6  stm32f4xx_tim.o(.text)
    TIM_GetCapture3                          0x080047f5   Thumb Code     6  stm32f4xx_tim.o(.text)
    TIM_GetCapture4                          0x080047fb   Thumb Code     6  stm32f4xx_tim.o(.text)
    TIM_BDTRConfig                           0x08004801   Thumb Code    32  stm32f4xx_tim.o(.text)
    TIM_BDTRStructInit                       0x08004821   Thumb Code    18  stm32f4xx_tim.o(.text)
    TIM_CtrlPWMOutputs                       0x08004833   Thumb Code    30  stm32f4xx_tim.o(.text)
    TIM_SelectCOM                            0x08004851   Thumb Code    24  stm32f4xx_tim.o(.text)
    TIM_CCPreloadControl                     0x08004869   Thumb Code    24  stm32f4xx_tim.o(.text)
    TIM_ITConfig                             0x08004881   Thumb Code    18  stm32f4xx_tim.o(.text)
    TIM_GenerateEvent                        0x08004893   Thumb Code     4  stm32f4xx_tim.o(.text)
    TIM_GetFlagStatus                        0x08004897   Thumb Code    18  stm32f4xx_tim.o(.text)
    TIM_ClearFlag                            0x080048a9   Thumb Code     6  stm32f4xx_tim.o(.text)
    TIM_GetITStatus                          0x080048af   Thumb Code    34  stm32f4xx_tim.o(.text)
    TIM_ClearITPendingBit                    0x080048d1   Thumb Code     6  stm32f4xx_tim.o(.text)
    TIM_DMAConfig                            0x080048d7   Thumb Code    10  stm32f4xx_tim.o(.text)
    TIM_DMACmd                               0x080048e1   Thumb Code    18  stm32f4xx_tim.o(.text)
    TIM_SelectCCDMA                          0x080048f3   Thumb Code    24  stm32f4xx_tim.o(.text)
    TIM_InternalClockConfig                  0x0800490b   Thumb Code    12  stm32f4xx_tim.o(.text)
    TIM_SelectInputTrigger                   0x08004917   Thumb Code    18  stm32f4xx_tim.o(.text)
    TIM_ITRxExternalClockConfig              0x08004929   Thumb Code    24  stm32f4xx_tim.o(.text)
    TIM_TIxExternalClockConfig               0x08004941   Thumb Code    62  stm32f4xx_tim.o(.text)
    TIM_ETRConfig                            0x0800497f   Thumb Code    28  stm32f4xx_tim.o(.text)
    TIM_ETRClockMode1Config                  0x0800499b   Thumb Code    54  stm32f4xx_tim.o(.text)
    TIM_ETRClockMode2Config                  0x080049d1   Thumb Code    32  stm32f4xx_tim.o(.text)
    TIM_SelectOutputTrigger                  0x080049f1   Thumb Code    18  stm32f4xx_tim.o(.text)
    TIM_SelectSlaveMode                      0x08004a03   Thumb Code    18  stm32f4xx_tim.o(.text)
    TIM_SelectMasterSlaveMode                0x08004a15   Thumb Code    18  stm32f4xx_tim.o(.text)
    TIM_EncoderInterfaceConfig               0x08004a27   Thumb Code    66  stm32f4xx_tim.o(.text)
    TIM_SelectHallSensor                     0x08004a69   Thumb Code    24  stm32f4xx_tim.o(.text)
    TIM_RemapConfig                          0x08004a81   Thumb Code     6  stm32f4xx_tim.o(.text)
    USART_DeInit                             0x08004a89   Thumb Code   206  stm32f4xx_usart.o(.text)
    USART_Init                               0x08004b57   Thumb Code   204  stm32f4xx_usart.o(.text)
    USART_StructInit                         0x08004c23   Thumb Code    24  stm32f4xx_usart.o(.text)
    USART_ClockInit                          0x08004c3b   Thumb Code    32  stm32f4xx_usart.o(.text)
    USART_ClockStructInit                    0x08004c5b   Thumb Code    12  stm32f4xx_usart.o(.text)
    USART_Cmd                                0x08004c67   Thumb Code    24  stm32f4xx_usart.o(.text)
    USART_SetPrescaler                       0x08004c7f   Thumb Code    16  stm32f4xx_usart.o(.text)
    USART_OverSampling8Cmd                   0x08004c8f   Thumb Code    22  stm32f4xx_usart.o(.text)
    USART_OneBitMethodCmd                    0x08004ca5   Thumb Code    24  stm32f4xx_usart.o(.text)
    USART_SendData                           0x08004cbd   Thumb Code     8  stm32f4xx_usart.o(.text)
    USART_ReceiveData                        0x08004cc5   Thumb Code    10  stm32f4xx_usart.o(.text)
    USART_SetAddress                         0x08004ccf   Thumb Code    18  stm32f4xx_usart.o(.text)
    USART_ReceiverWakeUpCmd                  0x08004ce1   Thumb Code    24  stm32f4xx_usart.o(.text)
    USART_WakeUpConfig                       0x08004cf9   Thumb Code    18  stm32f4xx_usart.o(.text)
    USART_LINBreakDetectLengthConfig         0x08004d0b   Thumb Code    18  stm32f4xx_usart.o(.text)
    USART_LINCmd                             0x08004d1d   Thumb Code    24  stm32f4xx_usart.o(.text)
    USART_SendBreak                          0x08004d35   Thumb Code    10  stm32f4xx_usart.o(.text)
    USART_HalfDuplexCmd                      0x08004d3f   Thumb Code    24  stm32f4xx_usart.o(.text)
    USART_SetGuardTime                       0x08004d57   Thumb Code    16  stm32f4xx_usart.o(.text)
    USART_SmartCardCmd                       0x08004d67   Thumb Code    24  stm32f4xx_usart.o(.text)
    USART_SmartCardNACKCmd                   0x08004d7f   Thumb Code    24  stm32f4xx_usart.o(.text)
    USART_IrDAConfig                         0x08004d97   Thumb Code    18  stm32f4xx_usart.o(.text)
    USART_IrDACmd                            0x08004da9   Thumb Code    24  stm32f4xx_usart.o(.text)
    USART_DMACmd                             0x08004dc1   Thumb Code    18  stm32f4xx_usart.o(.text)
    USART_ITConfig                           0x08004dd3   Thumb Code    74  stm32f4xx_usart.o(.text)
    USART_GetFlagStatus                      0x08004e1d   Thumb Code    26  stm32f4xx_usart.o(.text)
    USART_ClearFlag                          0x08004e37   Thumb Code    18  stm32f4xx_usart.o(.text)
    USART_GetITStatus                        0x08004e49   Thumb Code   118  stm32f4xx_usart.o(.text)
    USART_ClearITPendingBit                  0x08004ebf   Thumb Code    30  stm32f4xx_usart.o(.text)
    RCC_DeInit                               0x08004edd   Thumb Code    82  stm32f4xx_rcc.o(.text)
    RCC_HSEConfig                            0x08004f2f   Thumb Code    14  stm32f4xx_rcc.o(.text)
    RCC_GetFlagStatus                        0x08004f3d   Thumb Code    60  stm32f4xx_rcc.o(.text)
    RCC_WaitForHSEStartUp                    0x08004f79   Thumb Code    56  stm32f4xx_rcc.o(.text)
    RCC_AdjustHSICalibrationValue            0x08004fb1   Thumb Code    20  stm32f4xx_rcc.o(.text)
    RCC_HSICmd                               0x08004fc5   Thumb Code     6  stm32f4xx_rcc.o(.text)
    RCC_LSEConfig                            0x08004fcb   Thumb Code    46  stm32f4xx_rcc.o(.text)
    RCC_LSICmd                               0x08004ff9   Thumb Code     6  stm32f4xx_rcc.o(.text)
    RCC_PLLConfig                            0x08004fff   Thumb Code    32  stm32f4xx_rcc.o(.text)
    RCC_PLLCmd                               0x0800501f   Thumb Code     6  stm32f4xx_rcc.o(.text)
    RCC_PLLI2SConfig                         0x08005025   Thumb Code    14  stm32f4xx_rcc.o(.text)
    RCC_PLLI2SCmd                            0x08005033   Thumb Code     6  stm32f4xx_rcc.o(.text)
    RCC_PLLSAIConfig                         0x08005039   Thumb Code    20  stm32f4xx_rcc.o(.text)
    RCC_PLLSAICmd                            0x0800504d   Thumb Code     6  stm32f4xx_rcc.o(.text)
    RCC_ClockSecuritySystemCmd               0x08005053   Thumb Code     6  stm32f4xx_rcc.o(.text)
    RCC_MCO1Config                           0x08005059   Thumb Code    28  stm32f4xx_rcc.o(.text)
    RCC_MCO2Config                           0x08005075   Thumb Code    28  stm32f4xx_rcc.o(.text)
    RCC_SYSCLKConfig                         0x08005091   Thumb Code    20  stm32f4xx_rcc.o(.text)
    RCC_GetSYSCLKSource                      0x080050a5   Thumb Code    12  stm32f4xx_rcc.o(.text)
    RCC_HCLKConfig                           0x080050b1   Thumb Code    20  stm32f4xx_rcc.o(.text)
    RCC_PCLK1Config                          0x080050c5   Thumb Code    20  stm32f4xx_rcc.o(.text)
    RCC_PCLK2Config                          0x080050d9   Thumb Code    22  stm32f4xx_rcc.o(.text)
    RCC_GetClocksFreq                        0x080050ef   Thumb Code   222  stm32f4xx_rcc.o(.text)
    RCC_RTCCLKConfig                         0x080051cd   Thumb Code    54  stm32f4xx_rcc.o(.text)
    RCC_RTCCLKCmd                            0x08005203   Thumb Code     8  stm32f4xx_rcc.o(.text)
    RCC_BackupResetCmd                       0x0800520b   Thumb Code     8  stm32f4xx_rcc.o(.text)
    RCC_I2SCLKConfig                         0x08005213   Thumb Code     6  stm32f4xx_rcc.o(.text)
    RCC_SAIPLLI2SClkDivConfig                0x08005219   Thumb Code    26  stm32f4xx_rcc.o(.text)
    RCC_SAIPLLSAIClkDivConfig                0x08005233   Thumb Code    28  stm32f4xx_rcc.o(.text)
    RCC_SAIBlockACLKConfig                   0x0800524f   Thumb Code    20  stm32f4xx_rcc.o(.text)
    RCC_SAIBlockBCLKConfig                   0x08005263   Thumb Code    20  stm32f4xx_rcc.o(.text)
    RCC_LTDCCLKDivConfig                     0x08005277   Thumb Code    20  stm32f4xx_rcc.o(.text)
    RCC_TIMCLKPresConfig                     0x0800528b   Thumb Code     6  stm32f4xx_rcc.o(.text)
    RCC_AHB1PeriphClockCmd                   0x08005291   Thumb Code    34  stm32f4xx_rcc.o(.text)
    RCC_AHB2PeriphClockCmd                   0x080052b3   Thumb Code    78  stm32f4xx_rcc.o(.text)
    RCC_AHB3PeriphClockCmd                   0x08005301   Thumb Code    34  stm32f4xx_rcc.o(.text)
    RCC_APB1PeriphClockCmd                   0x08005323   Thumb Code    34  stm32f4xx_rcc.o(.text)
    RCC_APB2PeriphClockCmd                   0x08005345   Thumb Code    34  stm32f4xx_rcc.o(.text)
    RCC_AHB1PeriphResetCmd                   0x08005367   Thumb Code    34  stm32f4xx_rcc.o(.text)
    RCC_AHB2PeriphResetCmd                   0x08005389   Thumb Code    34  stm32f4xx_rcc.o(.text)
    RCC_AHB3PeriphResetCmd                   0x080053ab   Thumb Code    34  stm32f4xx_rcc.o(.text)
    RCC_APB1PeriphResetCmd                   0x080053cd   Thumb Code    34  stm32f4xx_rcc.o(.text)
    RCC_APB2PeriphResetCmd                   0x080053ef   Thumb Code    34  stm32f4xx_rcc.o(.text)
    RCC_AHB1PeriphClockLPModeCmd             0x08005411   Thumb Code    34  stm32f4xx_rcc.o(.text)
    RCC_AHB2PeriphClockLPModeCmd             0x08005433   Thumb Code    34  stm32f4xx_rcc.o(.text)
    RCC_AHB3PeriphClockLPModeCmd             0x08005455   Thumb Code    34  stm32f4xx_rcc.o(.text)
    RCC_APB1PeriphClockLPModeCmd             0x08005477   Thumb Code    34  stm32f4xx_rcc.o(.text)
    RCC_APB2PeriphClockLPModeCmd             0x08005499   Thumb Code    34  stm32f4xx_rcc.o(.text)
    RCC_LSEModeConfig                        0x080054bb   Thumb Code    40  stm32f4xx_rcc.o(.text)
    RCC_ITConfig                             0x080054e3   Thumb Code    34  stm32f4xx_rcc.o(.text)
    RCC_ClearFlag                            0x08005505   Thumb Code    18  stm32f4xx_rcc.o(.text)
    RCC_GetITStatus                          0x08005517   Thumb Code    22  stm32f4xx_rcc.o(.text)
    RCC_ClearITPendingBit                    0x0800552d   Thumb Code     8  stm32f4xx_rcc.o(.text)
    buzzer_off                               0x08005539   Thumb Code    12  buzzer.o(.text)
    buzzer_init                              0x08005545   Thumb Code   150  buzzer.o(.text)
    buzzer_on                                0x080055db   Thumb Code    40  buzzer.o(.text)
    get_note_period                          0x08005603   Thumb Code    54  buzzer.o(.text)
    buzzer_set_note_period                   0x08005639   Thumb Code    32  buzzer.o(.text)
    buzzer_check                             0x08005659   Thumb Code   280  buzzer.o(.text)
    buzzer_stop_song                         0x08005771   Thumb Code     8  buzzer.o(.text)
    buzzer_control                           0x08005779   Thumb Code    42  buzzer.o(.text)
    buzzer_set_volume                        0x080057a3   Thumb Code    12  buzzer.o(.text)
    buzzer_play_song                         0x080057af   Thumb Code    84  buzzer.o(.text)
    AF_config                                0x08005851   Thumb Code   280  gpio.o(.text)
    gpio_rcc_init                            0x08005969   Thumb Code   156  gpio.o(.text)
    gpio_init                                0x08005a05   Thumb Code    54  gpio.o(.text)
    timer_gpio_init                          0x08005a3b   Thumb Code    48  gpio.o(.text)
    BUTTON_init                              0x08005a6b   Thumb Code    44  gpio.o(.text)
    LED_init                                 0x08005a97   Thumb Code    78  gpio.o(.text)
    gpio_read_input                          0x08005ae5   Thumb Code    14  gpio.o(.text)
    gpio_write                               0x08005af3   Thumb Code    18  gpio.o(.text)
    SysTick_Init                             0x08005b0d   Thumb Code    90  ticks.o(.text)
    TimeTick_Decrement                       0x08005b67   Thumb Code    18  ticks.o(.text)
    TimeTick_Increment                       0x08005b79   Thumb Code    30  ticks.o(.text)
    get_ms_ticks                             0x08005b97   Thumb Code     6  ticks.o(.text)
    delay_1ms                                0x08005b9d   Thumb Code    18  ticks.o(.text)
    delay_nms                                0x08005baf   Thumb Code    16  ticks.o(.text)
    timer_rcc_init                           0x08005bd9   Thumb Code   228  timer.o(.text)
    timer_init                               0x08005cbd   Thumb Code    54  timer.o(.text)
    pwm_timer_init                           0x08005cf3   Thumb Code   178  timer.o(.text)
    LED_master_init                          0x08005dd9   Thumb Code    10  led.o(.text)
    LED_control                              0x08005de3   Thumb Code    30  led.o(.text)
    LED_blink                                0x08005e01   Thumb Code    50  led.o(.text)
    tft_spi_init                             0x08005e3d   Thumb Code   178  1.8 tft_display.o(.text)
    tft_write_command                        0x08005eef   Thumb Code    72  1.8 tft_display.o(.text)
    tft_write_data                           0x08005f37   Thumb Code    72  1.8 tft_display.o(.text)
    tft_config                               0x08005f7f   Thumb Code   514  1.8 tft_display.o(.text)
    tft_reset                                0x08006181   Thumb Code    32  1.8 tft_display.o(.text)
    tft_fill_color                           0x080061a1   Thumb Code    98  1.8 tft_display.o(.text)
    tft_set_special_color                    0x08006203   Thumb Code     6  1.8 tft_display.o(.text)
    tft_set_text_color                       0x08006209   Thumb Code     6  1.8 tft_display.o(.text)
    tft_set_bg_color                         0x0800620f   Thumb Code     6  1.8 tft_display.o(.text)
    tft_init                                 0x08006215   Thumb Code   214  1.8 tft_display.o(.text)
    tft_enable                               0x080062eb   Thumb Code     8  1.8 tft_display.o(.text)
    tft_disable                              0x080062f3   Thumb Code     8  1.8 tft_display.o(.text)
    tft_get_bg_color                         0x080062fb   Thumb Code     6  1.8 tft_display.o(.text)
    tft_get_text_color                       0x08006301   Thumb Code     6  1.8 tft_display.o(.text)
    tft_get_special_text_color               0x08006307   Thumb Code     6  1.8 tft_display.o(.text)
    tft_get_orientation                      0x0800630d   Thumb Code     6  1.8 tft_display.o(.text)
    tft_force_clear                          0x08006313   Thumb Code    86  1.8 tft_display.o(.text)
    tft_set_orientation                      0x08006369   Thumb Code    28  1.8 tft_display.o(.text)
    tft_get_max_x_char                       0x08006385   Thumb Code    24  1.8 tft_display.o(.text)
    tft_get_max_y_char                       0x0800639d   Thumb Code    24  1.8 tft_display.o(.text)
    tft_set_pixel_pos                        0x080063b5   Thumb Code    78  1.8 tft_display.o(.text)
    tft_set_char_pos                         0x08006403   Thumb Code    82  1.8 tft_display.o(.text)
    tft_clear_line                           0x08006455   Thumb Code    68  1.8 tft_display.o(.text)
    tft_clear                                0x08006499   Thumb Code    22  1.8 tft_display.o(.text)
    tft_toggle                               0x080064af   Thumb Code    34  1.8 tft_display.o(.text)
    tft_put_pixel                            0x080064d1   Thumb Code   100  1.8 tft_display.o(.text)
    tft_char_is_changed                      0x08006535   Thumb Code   186  1.8 tft_display.o(.text)
    tft_prints                               0x080065ef   Thumb Code   268  1.8 tft_display.o(.text)
    tft_update                               0x080066fb   Thumb Code  1454  1.8 tft_display.o(.text)
    readFlash                                0x08006cb9   Thumb Code    12  flash.o(.text)
    writeFlash                               0x08006cc5   Thumb Code    94  flash.o(.text)
    gyro_spi_init                            0x08006d29   Thumb Code   306  yaw_gyro.o(.text)
    gyro_chip_deselect                       0x08006e5b   Thumb Code    12  yaw_gyro.o(.text)
    gyro_chip_select                         0x08006e67   Thumb Code    12  yaw_gyro.o(.text)
    spi_frame                                0x08006e73   Thumb Code    72  yaw_gyro.o(.text)
    adis_write                               0x08006ebb   Thumb Code    50  yaw_gyro.o(.text)
    adis_read                                0x08006eed   Thumb Code    34  yaw_gyro.o(.text)
    gyro_init                                0x08006f0f   Thumb Code    68  yaw_gyro.o(.text)
    gyro_get_vel                             0x08006f53   Thumb Code    40  yaw_gyro.o(.text)
    gyro_cal                                 0x08006f7b   Thumb Code   116  yaw_gyro.o(.text)
    Abs                                      0x08006fef   Thumb Code    14  yaw_gyro.o(.text)
    gyro_get_off                             0x08006ffd   Thumb Code    40  yaw_gyro.o(.text)
    gyro_cal_short                           0x08007025   Thumb Code   140  yaw_gyro.o(.text)
    gyro_get_angle                           0x080070b1   Thumb Code    18  yaw_gyro.o(.text)
    gyro_update                              0x080070c3   Thumb Code   434  yaw_gyro.o(.text)
    get_angle                                0x08007275   Thumb Code     8  yaw_gyro.o(.text)
    gyro_get_flash                           0x0800727d   Thumb Code    16  yaw_gyro.o(.text)
    gyro_get_power                           0x0800728d   Thumb Code    30  yaw_gyro.o(.text)
    gyro_get_adc                             0x080072ab   Thumb Code    30  yaw_gyro.o(.text)
    gyro_get_temp                            0x080072c9   Thumb Code    30  yaw_gyro.o(.text)
    set_angle                                0x080072e7   Thumb Code    18  yaw_gyro.o(.text)
    TIM5_Int_Init                            0x080072f9   Thumb Code   104  yaw_gyro.o(.text)
    yaw_axis_pid_cal                         0x08007361   Thumb Code   110  yaw_gyro.o(.text)
    TIM5_IRQHandler                          0x080073cf   Thumb Code   158  yaw_gyro.o(.text)
    ADC1_init                                0x080074c9   Thumb Code   254  adc.o(.text)
    ADC_raw_data                             0x080075c7   Thumb Code    12  adc.o(.text)
    get_5v                                   0x080075d3   Thumb Code    30  adc.o(.text)
    get_mcu_temperature                      0x080075f1   Thumb Code     6  adc.o(.text)
    pneumatic_init                           0x08007611   Thumb Code    28  pneumatic.o(.text)
    pneumatic_control                        0x0800762d   Thumb Code    80  pneumatic.o(.text)
    CAN1_Configuration                       0x08007691   Thumb Code   262  can1.o(.text)
    CAN1_TX_IRQHandler                       0x08007797   Thumb Code    22  can1.o(.text)
    CAN1_RX0_IRQHandler                      0x080077ad   Thumb Code    42  can1.o(.text)
    CAN2_Configuration                       0x080077e1   Thumb Code   264  can2.o(.text)
    CAN2_TX_IRQHandler                       0x080078e9   Thumb Code    22  can2.o(.text)
    CAN2_RX0_IRQHandler                      0x080078ff   Thumb Code    42  can2.o(.text)
    GetEncoderBias                           0x08007931   Thumb Code    26  canbusprocess.o(.text)
    EncoderProcess                           0x0800794b   Thumb Code   212  canbusprocess.o(.text)
    CanReceiveMsgProcess_for_chassis         0x08007a1f   Thumb Code   152  canbusprocess.o(.text)
    CanReceiveMsgProcess_for_gimbal          0x08007ab7   Thumb Code    88  canbusprocess.o(.text)
    Set_CM_Speed                             0x08007b0f   Thumb Code    92  canbusprocess.o(.text)
    Set_Gimbal_Current                       0x08007b6b   Thumb Code    92  canbusprocess.o(.text)
    Dbus_init                                0x08007bf1   Thumb Code   268  dbus.o(.text)
    DBUS_DataDecoding                        0x08007cfd   Thumb Code   296  dbus.o(.text)
    DBUS_CheckPush                           0x08007e25   Thumb Code    26  dbus.o(.text)
    USART1_IRQHandler                        0x08007e3f   Thumb Code    76  dbus.o(.text)
    judging_system_init                      0x08007eb1   Thumb Code   270  judge.o(.text)
    Get_CRC8_Check_Sum                       0x08007fbf   Thumb Code    30  judge.o(.text)
    Verify_CRC8_Check_Sum                    0x08007fdd   Thumb Code    46  judge.o(.text)
    Append_CRC8_Check_Sum                    0x0800800b   Thumb Code    36  judge.o(.text)
    Get_CRC16_Check_Sum                      0x0800802f   Thumb Code    46  judge.o(.text)
    Verify_CRC16_Check_Sum                   0x0800805d   Thumb Code    60  judge.o(.text)
    Append_CRC16_Check_Sum                   0x08008099   Thumb Code    44  judge.o(.text)
    Judge_InitConfig                         0x080080c5   Thumb Code    38  judge.o(.text)
    USART3_IRQHandler                        0x080080eb   Thumb Code   166  judge.o(.text)
    DataMonitor_Init                         0x080081c9   Thumb Code    90  data_monitor.o(.text)
    DataMonitor_Send                         0x08008223   Thumb Code    62  data_monitor.o(.text)
    ENCODER_BSP_Init                         0x0800826d   Thumb Code   106  driver_encoder.o(.text)
    ENCODER_Init                             0x080082d7   Thumb Code    14  driver_encoder.o(.text)
    ENCODER_Update                           0x080082e5   Thumb Code    38  driver_encoder.o(.text)
    GUN_BSP_Init                             0x08008319   Thumb Code   426  driver_gun.o(.text)
    PID_Reset                                0x080084c3   Thumb Code    38  driver_gun.o(.text)
    GUN_Init                                 0x080084e9   Thumb Code   164  driver_gun.o(.text)
    GUN_ShootOne                             0x0800858d   Thumb Code    14  driver_gun.o(.text)
    GUN_SetMotion                            0x0800859b   Thumb Code   230  driver_gun.o(.text)
    PID_Update                               0x080086b5   Thumb Code   694  driver_gun.o(.text)
    GUN_PokeSpeedControl                     0x0800896b   Thumb Code   134  driver_gun.o(.text)
    GUN_PokeControl                          0x080089f1   Thumb Code    58  driver_gun.o(.text)
    GUN_SetFree                              0x08008a2b   Thumb Code    26  driver_gun.o(.text)
    vsprintf                                 0x08008a59   Thumb Code    32  vsprintf.o(.text)
    __aeabi_memcpy4                          0x08008a7d   Thumb Code     0  rt_memcpy_w.o(.text)
    __aeabi_memcpy8                          0x08008a7d   Thumb Code     0  rt_memcpy_w.o(.text)
    __rt_memcpy_w                            0x08008a7d   Thumb Code   100  rt_memcpy_w.o(.text)
    _memcpy_lastbytes_aligned                0x08008ac5   Thumb Code     0  rt_memcpy_w.o(.text)
    __use_two_region_memory                  0x08008ae1   Thumb Code     2  heapauxi.o(.text)
    __rt_heap_escrow$2region                 0x08008ae3   Thumb Code     2  heapauxi.o(.text)
    __rt_heap_expand$2region                 0x08008ae5   Thumb Code     2  heapauxi.o(.text)
    __read_errno                             0x08008ae7   Thumb Code    10  _rserrno.o(.text)
    __set_errno                              0x08008af1   Thumb Code    12  _rserrno.o(.text)
    _printf_pre_padding                      0x08008afd   Thumb Code    44  _printf_pad.o(.text)
    _printf_post_padding                     0x08008b29   Thumb Code    34  _printf_pad.o(.text)
    _printf_truncate_signed                  0x08008b4b   Thumb Code    18  _printf_truncate.o(.text)
    _printf_truncate_unsigned                0x08008b5d   Thumb Code    18  _printf_truncate.o(.text)
    _printf_str                              0x08008b6f   Thumb Code    82  _printf_str.o(.text)
    _printf_int_dec                          0x08008bc1   Thumb Code   104  _printf_dec.o(.text)
    _printf_charcount                        0x08008c39   Thumb Code    40  _printf_charcount.o(.text)
    _printf_char_common                      0x08008c6b   Thumb Code    32  _printf_char_common.o(.text)
    _sputc                                   0x08008c91   Thumb Code    10  _sputc.o(.text)
    _printf_wctomb                           0x08008c9d   Thumb Code   182  _printf_wctomb.o(.text)
    _printf_longlong_dec                     0x08008d59   Thumb Code   108  _printf_longlong_dec.o(.text)
    _printf_longlong_oct                     0x08008dd5   Thumb Code    66  _printf_oct_int_ll.o(.text)
    _printf_int_oct                          0x08008e17   Thumb Code    24  _printf_oct_int_ll.o(.text)
    _printf_ll_oct                           0x08008e2f   Thumb Code    12  _printf_oct_int_ll.o(.text)
    _printf_longlong_hex                     0x08008e45   Thumb Code    86  _printf_hex_int_ll_ptr.o(.text)
    _printf_int_hex                          0x08008e9b   Thumb Code    28  _printf_hex_int_ll_ptr.o(.text)
    _printf_ll_hex                           0x08008eb7   Thumb Code    12  _printf_hex_int_ll_ptr.o(.text)
    _printf_hex_ptr                          0x08008ec3   Thumb Code    18  _printf_hex_int_ll_ptr.o(.text)
    __printf                                 0x08008ed9   Thumb Code   388  __printf_flags_ss_wp.o(.text)
    __aeabi_errno_addr                       0x08009061   Thumb Code     8  rt_errno_addr_intlibspace.o(.text)
    __errno$intlibspace                      0x08009061   Thumb Code     0  rt_errno_addr_intlibspace.o(.text)
    __rt_errno_addr$intlibspace              0x08009061   Thumb Code     0  rt_errno_addr_intlibspace.o(.text)
    _ll_udiv10                               0x08009069   Thumb Code   138  lludiv10.o(.text)
    _printf_int_common                       0x080090f3   Thumb Code   178  _printf_intcommon.o(.text)
    __lib_sel_fp_printf                      0x080091a5   Thumb Code     2  _printf_fp_dec.o(.text)
    _printf_fp_dec_real                      0x08009353   Thumb Code   620  _printf_fp_dec.o(.text)
    _printf_fp_hex_real                      0x080095c1   Thumb Code   756  _printf_fp_hex.o(.text)
    _printf_cs_common                        0x080098bd   Thumb Code    20  _printf_char.o(.text)
    _printf_char                             0x080098d1   Thumb Code    16  _printf_char.o(.text)
    _printf_string                           0x080098e1   Thumb Code     8  _printf_char.o(.text)
    _printf_lcs_common                       0x080098e9   Thumb Code    20  _printf_wchar.o(.text)
    _printf_wchar                            0x080098fd   Thumb Code    16  _printf_wchar.o(.text)
    _printf_wstring                          0x0800990d   Thumb Code     8  _printf_wchar.o(.text)
    _wcrtomb                                 0x08009915   Thumb Code    64  _wcrtomb.o(.text)
    __user_libspace                          0x08009955   Thumb Code     8  libspace.o(.text)
    __user_perproc_libspace                  0x08009955   Thumb Code     0  libspace.o(.text)
    __user_perthread_libspace                0x08009955   Thumb Code     0  libspace.o(.text)
    __user_setup_stackheap                   0x0800995d   Thumb Code    74  sys_stackheap_outer.o(.text)
    __rt_ctype_table                         0x080099a9   Thumb Code    16  rt_ctype_table.o(.text)
    __rt_locale                              0x080099b9   Thumb Code     8  rt_locale_intlibspace.o(.text)
    _printf_fp_infnan                        0x080099c1   Thumb Code   112  _printf_fp_infnan.o(.text)
    _btod_etento                             0x08009a41   Thumb Code   216  bigflt0.o(.text)
    exit                                     0x08009b1d   Thumb Code    18  exit.o(.text)
    strcmp                                   0x08009b31   Thumb Code   128  strcmpv7m.o(.text)
    _sys_exit                                0x08009bb1   Thumb Code     8  sys_exit.o(.text)
    __I$use$semihosting                      0x08009bbd   Thumb Code     0  use_no_semi.o(.text)
    __use_no_semihosting_swi                 0x08009bbd   Thumb Code     2  use_no_semi.o(.text)
    __semihosting_library_function           0x08009bbf   Thumb Code     0  indicate_semi.o(.text)
    _btod_d2e                                0x08009bbf   Thumb Code    62  btod.o(CL$$btod_d2e)
    _d2e_denorm_low                          0x08009bfd   Thumb Code    70  btod.o(CL$$btod_d2e_denorm_low)
    _d2e_norm_op1                            0x08009c43   Thumb Code    96  btod.o(CL$$btod_d2e_norm_op1)
    __btod_div_common                        0x08009ca3   Thumb Code   696  btod.o(CL$$btod_div_common)
    _e2e                                     0x08009fdb   Thumb Code   198  btod.o(CL$$btod_e2e)
    _btod_ediv                               0x0800a0a1   Thumb Code    40  btod.o(CL$$btod_ediv)
    _btod_emul                               0x0800a0c9   Thumb Code    40  btod.o(CL$$btod_emul)
    __btod_mult_common                       0x0800a0f1   Thumb Code   580  btod.o(CL$$btod_mult_common)
    __ARM_fpclassify                         0x0800a335   Thumb Code    48  fpclassify.o(i.__ARM_fpclassify)
    __hardfp_cos                             0x0800a369   Thumb Code   180  cos.o(i.__hardfp_cos)
    __hardfp_sin                             0x0800a431   Thumb Code   180  sin.o(i.__hardfp_sin)
    __ieee754_rem_pio2                       0x0800a4f9   Thumb Code   938  rred.o(i.__ieee754_rem_pio2)
    __kernel_cos                             0x0800a931   Thumb Code   322  cos_i.o(i.__kernel_cos)
    __kernel_poly                            0x0800aaa1   Thumb Code   248  poly.o(i.__kernel_poly)
    __kernel_sin                             0x0800ab99   Thumb Code   280  sin_i.o(i.__kernel_sin)
    __mathlib_dbl_infnan                     0x0800acc9   Thumb Code    20  dunder.o(i.__mathlib_dbl_infnan)
    __mathlib_dbl_invalid                    0x0800ace1   Thumb Code    24  dunder.o(i.__mathlib_dbl_invalid)
    __mathlib_dbl_underflow                  0x0800ad01   Thumb Code    24  dunder.o(i.__mathlib_dbl_underflow)
    _is_digit                                0x0800ad21   Thumb Code    14  __printf_wp.o(i._is_digit)
    cos                                      0x0800ad2f   Thumb Code    16  cos.o(i.cos)
    fabs                                     0x0800ad3f   Thumb Code    24  fabs.o(i.fabs)
    sin                                      0x0800ad57   Thumb Code    16  sin.o(i.sin)
    _get_lc_numeric                          0x0800ad69   Thumb Code    44  lc_numeric_c.o(locale$$code)
    _get_lc_ctype                            0x0800ad95   Thumb Code    44  lc_ctype_c.o(locale$$code)
    __aeabi_dneg                             0x0800adc1   Thumb Code     0  basic.o(x$fpl$basic)
    _dneg                                    0x0800adc1   Thumb Code     6  basic.o(x$fpl$basic)
    __aeabi_fneg                             0x0800adc7   Thumb Code     0  basic.o(x$fpl$basic)
    _fneg                                    0x0800adc7   Thumb Code     6  basic.o(x$fpl$basic)
    _dabs                                    0x0800adcd   Thumb Code     6  basic.o(x$fpl$basic)
    _fabs                                    0x0800add3   Thumb Code     6  basic.o(x$fpl$basic)
    __aeabi_d2f                              0x0800add9   Thumb Code     0  d2f.o(x$fpl$d2f)
    _d2f                                     0x0800add9   Thumb Code    98  d2f.o(x$fpl$d2f)
    __aeabi_dadd                             0x0800ae3d   Thumb Code     0  daddsub_clz.o(x$fpl$dadd)
    _dadd                                    0x0800ae3d   Thumb Code   332  daddsub_clz.o(x$fpl$dadd)
    __aeabi_ddiv                             0x0800af8d   Thumb Code     0  ddiv.o(x$fpl$ddiv)
    _ddiv                                    0x0800af8d   Thumb Code   552  ddiv.o(x$fpl$ddiv)
    __aeabi_d2iz                             0x0800b23d   Thumb Code     0  dfix.o(x$fpl$dfix)
    _dfix                                    0x0800b23d   Thumb Code    94  dfix.o(x$fpl$dfix)
    __aeabi_i2d                              0x0800b29b   Thumb Code     0  dflt_clz.o(x$fpl$dflt)
    _dflt                                    0x0800b29b   Thumb Code    46  dflt_clz.o(x$fpl$dflt)
    __aeabi_ui2d                             0x0800b2c9   Thumb Code     0  dflt_clz.o(x$fpl$dfltu)
    _dfltu                                   0x0800b2c9   Thumb Code    38  dflt_clz.o(x$fpl$dfltu)
    __aeabi_dmul                             0x0800b2f1   Thumb Code     0  dmul.o(x$fpl$dmul)
    _dmul                                    0x0800b2f1   Thumb Code   332  dmul.o(x$fpl$dmul)
    __fpl_dnaninf                            0x0800b445   Thumb Code   156  dnaninf.o(x$fpl$dnaninf)
    __fpl_dretinf                            0x0800b4e1   Thumb Code    12  dretinf.o(x$fpl$dretinf)
    __aeabi_drsub                            0x0800b4ed   Thumb Code     0  daddsub_clz.o(x$fpl$drsb)
    _drsb                                    0x0800b4ed   Thumb Code    22  daddsub_clz.o(x$fpl$drsb)
    __aeabi_dsub                             0x0800b505   Thumb Code     0  daddsub_clz.o(x$fpl$dsub)
    _dsub                                    0x0800b505   Thumb Code   464  daddsub_clz.o(x$fpl$dsub)
    __aeabi_f2d                              0x0800b6d9   Thumb Code     0  f2d.o(x$fpl$f2d)
    _f2d                                     0x0800b6d9   Thumb Code    86  f2d.o(x$fpl$f2d)
    __fpl_fnaninf                            0x0800b72f   Thumb Code   140  fnaninf.o(x$fpl$fnaninf)
    _fp_init                                 0x0800b7bb   Thumb Code    10  fpinit.o(x$fpl$fpinit)
    __fplib_config_fpu_vfp                   0x0800b7c3   Thumb Code     0  fpinit.o(x$fpl$fpinit)
    __fplib_config_pureend_doubles           0x0800b7c3   Thumb Code     0  fpinit.o(x$fpl$fpinit)
    __fpl_fretinf                            0x0800b7c5   Thumb Code    10  fretinf.o(x$fpl$fretinf)
    _printf_fp_dec                           0x0800b7cf   Thumb Code     4  printf1.o(x$fpl$printf1)
    _printf_fp_hex                           0x0800b7d3   Thumb Code     4  printf2.o(x$fpl$printf2)
    __I$use$fp                               0x0800b7d6   Number         0  usenofp.o(x$fpl$usenofp)
    PA0                                      0x0800b7d8   Data           8  gpio.o(.constdata)
    PA1                                      0x0800b7e0   Data           8  gpio.o(.constdata)
    PA2                                      0x0800b7e8   Data           8  gpio.o(.constdata)
    PA3                                      0x0800b7f0   Data           8  gpio.o(.constdata)
    PA4                                      0x0800b7f8   Data           8  gpio.o(.constdata)
    PA5                                      0x0800b800   Data           8  gpio.o(.constdata)
    PA6                                      0x0800b808   Data           8  gpio.o(.constdata)
    PA7                                      0x0800b810   Data           8  gpio.o(.constdata)
    PA8                                      0x0800b818   Data           8  gpio.o(.constdata)
    PA9                                      0x0800b820   Data           8  gpio.o(.constdata)
    PA10                                     0x0800b828   Data           8  gpio.o(.constdata)
    PA11                                     0x0800b830   Data           8  gpio.o(.constdata)
    PA12                                     0x0800b838   Data           8  gpio.o(.constdata)
    PA13                                     0x0800b840   Data           8  gpio.o(.constdata)
    PA14                                     0x0800b848   Data           8  gpio.o(.constdata)
    PA15                                     0x0800b850   Data           8  gpio.o(.constdata)
    PB0                                      0x0800b858   Data           8  gpio.o(.constdata)
    PB1                                      0x0800b860   Data           8  gpio.o(.constdata)
    PB2                                      0x0800b868   Data           8  gpio.o(.constdata)
    PB3                                      0x0800b870   Data           8  gpio.o(.constdata)
    PB4                                      0x0800b878   Data           8  gpio.o(.constdata)
    PB5                                      0x0800b880   Data           8  gpio.o(.constdata)
    PB6                                      0x0800b888   Data           8  gpio.o(.constdata)
    PB7                                      0x0800b890   Data           8  gpio.o(.constdata)
    PB8                                      0x0800b898   Data           8  gpio.o(.constdata)
    PB9                                      0x0800b8a0   Data           8  gpio.o(.constdata)
    PB10                                     0x0800b8a8   Data           8  gpio.o(.constdata)
    PB11                                     0x0800b8b0   Data           8  gpio.o(.constdata)
    PB12                                     0x0800b8b8   Data           8  gpio.o(.constdata)
    PB13                                     0x0800b8c0   Data           8  gpio.o(.constdata)
    PB14                                     0x0800b8c8   Data           8  gpio.o(.constdata)
    PB15                                     0x0800b8d0   Data           8  gpio.o(.constdata)
    PC0                                      0x0800b8d8   Data           8  gpio.o(.constdata)
    PC1                                      0x0800b8e0   Data           8  gpio.o(.constdata)
    PC2                                      0x0800b8e8   Data           8  gpio.o(.constdata)
    PC3                                      0x0800b8f0   Data           8  gpio.o(.constdata)
    PC4                                      0x0800b8f8   Data           8  gpio.o(.constdata)
    PC5                                      0x0800b900   Data           8  gpio.o(.constdata)
    PC6                                      0x0800b908   Data           8  gpio.o(.constdata)
    PC7                                      0x0800b910   Data           8  gpio.o(.constdata)
    PC8                                      0x0800b918   Data           8  gpio.o(.constdata)
    PC9                                      0x0800b920   Data           8  gpio.o(.constdata)
    PC10                                     0x0800b928   Data           8  gpio.o(.constdata)
    PC11                                     0x0800b930   Data           8  gpio.o(.constdata)
    PC12                                     0x0800b938   Data           8  gpio.o(.constdata)
    PC13                                     0x0800b940   Data           8  gpio.o(.constdata)
    PC14                                     0x0800b948   Data           8  gpio.o(.constdata)
    PC15                                     0x0800b950   Data           8  gpio.o(.constdata)
    PD0                                      0x0800b958   Data           8  gpio.o(.constdata)
    PD1                                      0x0800b960   Data           8  gpio.o(.constdata)
    PD2                                      0x0800b968   Data           8  gpio.o(.constdata)
    PD3                                      0x0800b970   Data           8  gpio.o(.constdata)
    PD4                                      0x0800b978   Data           8  gpio.o(.constdata)
    PD5                                      0x0800b980   Data           8  gpio.o(.constdata)
    PD6                                      0x0800b988   Data           8  gpio.o(.constdata)
    PD7                                      0x0800b990   Data           8  gpio.o(.constdata)
    PD8                                      0x0800b998   Data           8  gpio.o(.constdata)
    PD9                                      0x0800b9a0   Data           8  gpio.o(.constdata)
    PD10                                     0x0800b9a8   Data           8  gpio.o(.constdata)
    PD11                                     0x0800b9b0   Data           8  gpio.o(.constdata)
    PD12                                     0x0800b9b8   Data           8  gpio.o(.constdata)
    PD13                                     0x0800b9c0   Data           8  gpio.o(.constdata)
    PD14                                     0x0800b9c8   Data           8  gpio.o(.constdata)
    PD15                                     0x0800b9d0   Data           8  gpio.o(.constdata)
    PE0                                      0x0800b9d8   Data           8  gpio.o(.constdata)
    PE1                                      0x0800b9e0   Data           8  gpio.o(.constdata)
    PE2                                      0x0800b9e8   Data           8  gpio.o(.constdata)
    PE3                                      0x0800b9f0   Data           8  gpio.o(.constdata)
    PE4                                      0x0800b9f8   Data           8  gpio.o(.constdata)
    PE5                                      0x0800ba00   Data           8  gpio.o(.constdata)
    PE6                                      0x0800ba08   Data           8  gpio.o(.constdata)
    PE7                                      0x0800ba10   Data           8  gpio.o(.constdata)
    PE8                                      0x0800ba18   Data           8  gpio.o(.constdata)
    PE9                                      0x0800ba20   Data           8  gpio.o(.constdata)
    PE10                                     0x0800ba28   Data           8  gpio.o(.constdata)
    PE11                                     0x0800ba30   Data           8  gpio.o(.constdata)
    PE12                                     0x0800ba38   Data           8  gpio.o(.constdata)
    PE13                                     0x0800ba40   Data           8  gpio.o(.constdata)
    PE14                                     0x0800ba48   Data           8  gpio.o(.constdata)
    PE15                                     0x0800ba50   Data           8  gpio.o(.constdata)
    PF0                                      0x0800ba58   Data           8  gpio.o(.constdata)
    PF1                                      0x0800ba60   Data           8  gpio.o(.constdata)
    PF2                                      0x0800ba68   Data           8  gpio.o(.constdata)
    PF3                                      0x0800ba70   Data           8  gpio.o(.constdata)
    PF4                                      0x0800ba78   Data           8  gpio.o(.constdata)
    PF5                                      0x0800ba80   Data           8  gpio.o(.constdata)
    PF6                                      0x0800ba88   Data           8  gpio.o(.constdata)
    PF7                                      0x0800ba90   Data           8  gpio.o(.constdata)
    PF8                                      0x0800ba98   Data           8  gpio.o(.constdata)
    PF9                                      0x0800baa0   Data           8  gpio.o(.constdata)
    PF10                                     0x0800baa8   Data           8  gpio.o(.constdata)
    PF11                                     0x0800bab0   Data           8  gpio.o(.constdata)
    PF12                                     0x0800bab8   Data           8  gpio.o(.constdata)
    PF13                                     0x0800bac0   Data           8  gpio.o(.constdata)
    PF14                                     0x0800bac8   Data           8  gpio.o(.constdata)
    PF15                                     0x0800bad0   Data           8  gpio.o(.constdata)
    PG0                                      0x0800bad8   Data           8  gpio.o(.constdata)
    PG1                                      0x0800bae0   Data           8  gpio.o(.constdata)
    PG2                                      0x0800bae8   Data           8  gpio.o(.constdata)
    PG3                                      0x0800baf0   Data           8  gpio.o(.constdata)
    PG4                                      0x0800baf8   Data           8  gpio.o(.constdata)
    PG5                                      0x0800bb00   Data           8  gpio.o(.constdata)
    PG6                                      0x0800bb08   Data           8  gpio.o(.constdata)
    PG7                                      0x0800bb10   Data           8  gpio.o(.constdata)
    PG8                                      0x0800bb18   Data           8  gpio.o(.constdata)
    PG9                                      0x0800bb20   Data           8  gpio.o(.constdata)
    PG10                                     0x0800bb28   Data           8  gpio.o(.constdata)
    PG11                                     0x0800bb30   Data           8  gpio.o(.constdata)
    PG12                                     0x0800bb38   Data           8  gpio.o(.constdata)
    PG13                                     0x0800bb40   Data           8  gpio.o(.constdata)
    PG14                                     0x0800bb48   Data           8  gpio.o(.constdata)
    PG15                                     0x0800bb50   Data           8  gpio.o(.constdata)
    CRC8_INIT                                0x0800bb58   Data           1  judge.o(.constdata)
    CRC8_TAB                                 0x0800bb59   Data         256  judge.o(.constdata)
    wCRC_Table                               0x0800bc5a   Data         512  judge.o(.constdata)
    Region$$Table$$Base                      0x0800c07c   Number         0  anon$$obj.o(Region$$Table)
    Region$$Table$$Limit                     0x0800c09c   Number         0  anon$$obj.o(Region$$Table)
    __ctype                                  0x0800c0c5   Data           0  lc_ctype_c.o(locale$$data)
    ticks_msimg                              0x20001000   Data           4  main.o(.data)
    debug                                    0x20001004   Data           4  main.o(.data)
    target_angle                             0x20001008   Data           4  main.o(.data)
    current_angle                            0x2000100c   Data           4  main.o(.data)
    last_angle                               0x20001010   Data           4  main.o(.data)
    result                                   0x20001014   Data           8  main.o(.data)
    buffer_remain                            0x2000101c   Data           4  main.o(.data)
    init_yaw_pos                             0x20001020   Data           4  main.o(.data)
    init_pitch_pos                           0x20001024   Data           4  main.o(.data)
    buff_yaw_pos                             0x20001028   Data           6  main.o(.data)
    buff_pitch_pos                           0x2000102e   Data           6  main.o(.data)
    SystemCoreClock                          0x20001034   Data           4  system_stm32f4xx.o(.data)
    AHBPrescTable                            0x20001038   Data          16  system_stm32f4xx.o(.data)
    curr_bg_color                            0x200030ba   Data           2  1.8 tft_display.o(.data)
    curr_text_color                          0x200030bc   Data           2  1.8 tft_display.o(.data)
    curr_text_color_sp                       0x200030be   Data           2  1.8 tft_display.o(.data)
    tft_orientation                          0x200030c0   Data           1  1.8 tft_display.o(.data)
    tft_enabled                              0x200030c1   Data           1  1.8 tft_display.o(.data)
    print_pos                                0x200030c2   Data           2  1.8 tft_display.o(.data)
    startAddress                             0x200030c4   Data           4  flash.o(.data)
    curr_ang_vel                             0x200040c8   Data           2  yaw_gyro.o(.data)
    prev_ang_vel                             0x200040ca   Data           2  yaw_gyro.o(.data)
    gyro_angle                               0x200040cc   Data           4  yaw_gyro.o(.data)
    curr_real_angle                          0x200040d0   Data           2  yaw_gyro.o(.data)
    prev_real_angle                          0x200040d2   Data           2  yaw_gyro.o(.data)
    gyro_cal_result                          0x200040d4   Data           2  yaw_gyro.o(.data)
    gyro_state                               0x200040d6   Data           1  yaw_gyro.o(.data)
    sim1_angle                               0x200040d8   Data           4  yaw_gyro.o(.data)
    sim2_angle                               0x200040dc   Data           4  yaw_gyro.o(.data)
    sim_factor                               0x200040e0   Data           1  yaw_gyro.o(.data)
    sim_before                               0x200040e4   Data           4  yaw_gyro.o(.data)
    sim_now                                  0x200040e8   Data           4  yaw_gyro.o(.data)
    sim_angle                                0x200040ec   Data           4  yaw_gyro.o(.data)
    real_angle                               0x200040f0   Data           2  yaw_gyro.o(.data)
    sim_angle_off                            0x200040f2   Data           2  yaw_gyro.o(.data)
    yaw_Kp                                   0x200040f4   Data           4  yaw_gyro.o(.data)
    yaw_Ki                                   0x200040f8   Data           4  yaw_gyro.o(.data)
    yaw_Kd                                   0x200040fc   Data           4  yaw_gyro.o(.data)
    yaw_temp_derivative                      0x20004100   Data           4  yaw_gyro.o(.data)
    yaw_temp_integral                        0x20004104   Data           4  yaw_gyro.o(.data)
    yaw_pre_error                            0x20004108   Data           4  yaw_gyro.o(.data)
    yaw_pid_output_angle                     0x2000410c   Data           4  yaw_gyro.o(.data)
    angle_updated                            0x20004110   Data           4  yaw_gyro.o(.data)
    old_yaw                                  0x20004114   Data           4  yaw_gyro.o(.data)
    yaw_turn_time                            0x20004118   Data           2  yaw_gyro.o(.data)
    output_angle                             0x2000411c   Data           4  yaw_gyro.o(.data)
    connected_timer                          0x20004124   Data           1  dbus.o(.data)
    UARTtemp                                 0x20004125   Data           1  dbus.o(.data)
    CRC_INIT                                 0x20005128   Data           2  judge.o(.data)
    UARTtemp1                                0x2000512a   Data           1  judge.o(.data)
    FT                                       0x2000512c   Data           4  judge.o(.data)
    ENCODER_Data                             0x20005130   Data           4  driver_encoder.o(.data)
    wheels_pos_pid                           0x20005140   Data         176  main.o(.bss)
    wheels_speed_pid                         0x200051f0   Data         176  main.o(.bss)
    angle_pid                                0x200052a0   Data          44  main.o(.bss)
    buffer_pid                               0x200052cc   Data          44  main.o(.bss)
    gimbal_speed_pid                         0x200052f8   Data          88  main.o(.bss)
    gimbal_pos_pid                           0x20005350   Data          88  main.o(.bss)
    gimbal_reset_pid                         0x200053a8   Data          44  main.o(.bss)
    str                                      0x200053d4   Data         256  main.o(.bss)
    manual_buff_yaw_pos                      0x200054d4   Data          12  main.o(.bss)
    manual_buff_pitch_pos                    0x200054e0   Data          12  main.o(.bss)
    text                                     0x20005506   Data         240  1.8 tft_display.o(.bss)
    text_prev                                0x200055f6   Data         240  1.8 tft_display.o(.bss)
    text_color                               0x200056e6   Data         480  1.8 tft_display.o(.bss)
    text_color_prev                          0x200058c6   Data         480  1.8 tft_display.o(.bss)
    bg_color                                 0x20005aa6   Data         480  1.8 tft_display.o(.bss)
    bg_color_prev                            0x20005c86   Data         480  1.8 tft_display.o(.bss)
    text_bg_color_prev                       0x20005e66   Data         240  1.8 tft_display.o(.bss)
    ADC1_level                               0x20005f56   Data          34  adc.o(.bss)
    CM1Encoder                               0x20005f78   Data          64  canbusprocess.o(.bss)
    CM2Encoder                               0x20005fb8   Data          64  canbusprocess.o(.bss)
    CM3Encoder                               0x20005ff8   Data          64  canbusprocess.o(.bss)
    CM4Encoder                               0x20006038   Data          64  canbusprocess.o(.bss)
    GMYawEncoder                             0x20006078   Data          64  canbusprocess.o(.bss)
    GMPitchEncoder                           0x200060b8   Data          64  canbusprocess.o(.bss)
    GMxEncoder                               0x200060f8   Data          64  canbusprocess.o(.bss)
    DBUS_ReceiveData                         0x20006138   Data          32  dbus.o(.bss)
    LASTDBUS_ReceiveData                     0x20006158   Data          32  dbus.o(.bss)
    DBUSBuffer                               0x20006178   Data          19  dbus.o(.bss)
    InfantryJudge                            0x2000618c   Data          16  judge.o(.bss)
    JudgeDataBuffer                          0x2000619c   Data         150  judge.o(.bss)
    GUN_Data                                 0x20006270   Data          16  driver_gun.o(.bss)
    __libspace_start                         0x20006320   Data          96  libspace.o(.bss)
    __temporary_stack_top$libspace           0x20006380   Data           0  libspace.o(.bss)



==============================================================================

Memory Map of the image

  Image Entry point : 0x08000189

  Load Region LR_IROM1 (Base: 0x08000000, Size: 0x00011308, Max: 0x00100000, ABSOLUTE, COMPRESSED[0x0000c990])

    Execution Region ER_IROM1 (Base: 0x08000000, Size: 0x0000c1c8, Max: 0x00100000, ABSOLUTE)

    Base Addr    Size         Type   Attr      Idx    E Section Name        Object

    0x08000000   0x00000188   Data   RO          528    RESET               startup_stm32f40_41xxx.o
    0x08000188   0x00000008   Code   RO         1504  * !!!main             c_w.l(__main.o)
    0x08000190   0x00000034   Code   RO         1930    !!!scatter          c_w.l(__scatter.o)
    0x080001c4   0x00000064   Code   RO         1928    !!dclz77c           c_w.l(__dclz77c.o)
    0x08000228   0x0000001c   Code   RO         1932    !!handler_zi        c_w.l(__scatter_zi.o)
    0x08000244   0x00000000   Code   RO         1646    .ARM.Collect$$_printf_percent$$00000000  c_w.l(_printf_percent.o)
    0x08000244   0x00000006   Code   RO         1635    .ARM.Collect$$_printf_percent$$00000001  c_w.l(_printf_n.o)
    0x0800024a   0x00000006   Code   RO         1637    .ARM.Collect$$_printf_percent$$00000002  c_w.l(_printf_p.o)
    0x08000250   0x00000006   Code   RO         1642    .ARM.Collect$$_printf_percent$$00000003  c_w.l(_printf_f.o)
    0x08000256   0x00000006   Code   RO         1643    .ARM.Collect$$_printf_percent$$00000004  c_w.l(_printf_e.o)
    0x0800025c   0x00000006   Code   RO         1644    .ARM.Collect$$_printf_percent$$00000005  c_w.l(_printf_g.o)
    0x08000262   0x00000006   Code   RO         1645    .ARM.Collect$$_printf_percent$$00000006  c_w.l(_printf_a.o)
    0x08000268   0x0000000a   Code   RO         1650    .ARM.Collect$$_printf_percent$$00000007  c_w.l(_printf_ll.o)
    0x08000272   0x00000006   Code   RO         1639    .ARM.Collect$$_printf_percent$$00000008  c_w.l(_printf_i.o)
    0x08000278   0x00000006   Code   RO         1640    .ARM.Collect$$_printf_percent$$00000009  c_w.l(_printf_d.o)
    0x0800027e   0x00000006   Code   RO         1641    .ARM.Collect$$_printf_percent$$0000000A  c_w.l(_printf_u.o)
    0x08000284   0x00000006   Code   RO         1638    .ARM.Collect$$_printf_percent$$0000000B  c_w.l(_printf_o.o)
    0x0800028a   0x00000006   Code   RO         1636    .ARM.Collect$$_printf_percent$$0000000C  c_w.l(_printf_x.o)
    0x08000290   0x00000006   Code   RO         1647    .ARM.Collect$$_printf_percent$$0000000D  c_w.l(_printf_lli.o)
    0x08000296   0x00000006   Code   RO         1648    .ARM.Collect$$_printf_percent$$0000000E  c_w.l(_printf_lld.o)
    0x0800029c   0x00000006   Code   RO         1649    .ARM.Collect$$_printf_percent$$0000000F  c_w.l(_printf_llu.o)
    0x080002a2   0x00000006   Code   RO         1654    .ARM.Collect$$_printf_percent$$00000010  c_w.l(_printf_llo.o)
    0x080002a8   0x00000006   Code   RO         1655    .ARM.Collect$$_printf_percent$$00000011  c_w.l(_printf_llx.o)
    0x080002ae   0x0000000a   Code   RO         1651    .ARM.Collect$$_printf_percent$$00000012  c_w.l(_printf_l.o)
    0x080002b8   0x00000006   Code   RO         1633    .ARM.Collect$$_printf_percent$$00000013  c_w.l(_printf_c.o)
    0x080002be   0x00000006   Code   RO         1634    .ARM.Collect$$_printf_percent$$00000014  c_w.l(_printf_s.o)
    0x080002c4   0x00000006   Code   RO         1652    .ARM.Collect$$_printf_percent$$00000015  c_w.l(_printf_lc.o)
    0x080002ca   0x00000006   Code   RO         1653    .ARM.Collect$$_printf_percent$$00000016  c_w.l(_printf_ls.o)
    0x080002d0   0x00000004   Code   RO         1738    .ARM.Collect$$_printf_percent$$00000017  c_w.l(_printf_percent_end.o)
    0x080002d4   0x00000002   Code   RO         1794    .ARM.Collect$$libinit$$00000000  c_w.l(libinit.o)
    0x080002d6   0x00000004   Code   RO         1804    .ARM.Collect$$libinit$$00000001  c_w.l(libinit2.o)
    0x080002da   0x00000000   Code   RO         1807    .ARM.Collect$$libinit$$00000004  c_w.l(libinit2.o)
    0x080002da   0x00000000   Code   RO         1810    .ARM.Collect$$libinit$$0000000A  c_w.l(libinit2.o)
    0x080002da   0x00000000   Code   RO         1812    .ARM.Collect$$libinit$$0000000C  c_w.l(libinit2.o)
    0x080002da   0x00000000   Code   RO         1814    .ARM.Collect$$libinit$$0000000E  c_w.l(libinit2.o)
    0x080002da   0x00000006   Code   RO         1815    .ARM.Collect$$libinit$$0000000F  c_w.l(libinit2.o)
    0x080002e0   0x00000000   Code   RO         1817    .ARM.Collect$$libinit$$00000011  c_w.l(libinit2.o)
    0x080002e0   0x0000000c   Code   RO         1818    .ARM.Collect$$libinit$$00000012  c_w.l(libinit2.o)
    0x080002ec   0x00000000   Code   RO         1819    .ARM.Collect$$libinit$$00000013  c_w.l(libinit2.o)
    0x080002ec   0x00000000   Code   RO         1821    .ARM.Collect$$libinit$$00000015  c_w.l(libinit2.o)
    0x080002ec   0x0000000a   Code   RO         1822    .ARM.Collect$$libinit$$00000016  c_w.l(libinit2.o)
    0x080002f6   0x00000000   Code   RO         1823    .ARM.Collect$$libinit$$00000017  c_w.l(libinit2.o)
    0x080002f6   0x00000000   Code   RO         1825    .ARM.Collect$$libinit$$00000019  c_w.l(libinit2.o)
    0x080002f6   0x00000000   Code   RO         1827    .ARM.Collect$$libinit$$0000001B  c_w.l(libinit2.o)
    0x080002f6   0x00000000   Code   RO         1829    .ARM.Collect$$libinit$$0000001D  c_w.l(libinit2.o)
    0x080002f6   0x00000000   Code   RO         1831    .ARM.Collect$$libinit$$0000001F  c_w.l(libinit2.o)
    0x080002f6   0x00000000   Code   RO         1833    .ARM.Collect$$libinit$$00000021  c_w.l(libinit2.o)
    0x080002f6   0x00000000   Code   RO         1835    .ARM.Collect$$libinit$$00000023  c_w.l(libinit2.o)
    0x080002f6   0x00000000   Code   RO         1837    .ARM.Collect$$libinit$$00000025  c_w.l(libinit2.o)
    0x080002f6   0x00000000   Code   RO         1841    .ARM.Collect$$libinit$$0000002C  c_w.l(libinit2.o)
    0x080002f6   0x00000000   Code   RO         1843    .ARM.Collect$$libinit$$0000002E  c_w.l(libinit2.o)
    0x080002f6   0x00000000   Code   RO         1845    .ARM.Collect$$libinit$$00000030  c_w.l(libinit2.o)
    0x080002f6   0x00000000   Code   RO         1847    .ARM.Collect$$libinit$$00000032  c_w.l(libinit2.o)
    0x080002f6   0x00000002   Code   RO         1848    .ARM.Collect$$libinit$$00000033  c_w.l(libinit2.o)
    0x080002f8   0x00000002   Code   RO         1868    .ARM.Collect$$libshutdown$$00000000  c_w.l(libshutdown.o)
    0x080002fa   0x00000000   Code   RO         1881    .ARM.Collect$$libshutdown$$00000002  c_w.l(libshutdown2.o)
    0x080002fa   0x00000000   Code   RO         1883    .ARM.Collect$$libshutdown$$00000004  c_w.l(libshutdown2.o)
    0x080002fa   0x00000000   Code   RO         1886    .ARM.Collect$$libshutdown$$00000007  c_w.l(libshutdown2.o)
    0x080002fa   0x00000000   Code   RO         1889    .ARM.Collect$$libshutdown$$0000000A  c_w.l(libshutdown2.o)
    0x080002fa   0x00000000   Code   RO         1891    .ARM.Collect$$libshutdown$$0000000C  c_w.l(libshutdown2.o)
    0x080002fa   0x00000000   Code   RO         1894    .ARM.Collect$$libshutdown$$0000000F  c_w.l(libshutdown2.o)
    0x080002fa   0x00000002   Code   RO         1895    .ARM.Collect$$libshutdown$$00000010  c_w.l(libshutdown2.o)
    0x080002fc   0x00000000   Code   RO         1562    .ARM.Collect$$rtentry$$00000000  c_w.l(__rtentry.o)
    0x080002fc   0x00000000   Code   RO         1704    .ARM.Collect$$rtentry$$00000002  c_w.l(__rtentry2.o)
    0x080002fc   0x00000006   Code   RO         1716    .ARM.Collect$$rtentry$$00000004  c_w.l(__rtentry4.o)
    0x08000302   0x00000000   Code   RO         1706    .ARM.Collect$$rtentry$$00000009  c_w.l(__rtentry2.o)
    0x08000302   0x00000004   Code   RO         1707    .ARM.Collect$$rtentry$$0000000A  c_w.l(__rtentry2.o)
    0x08000306   0x00000000   Code   RO         1709    .ARM.Collect$$rtentry$$0000000C  c_w.l(__rtentry2.o)
    0x08000306   0x00000008   Code   RO         1710    .ARM.Collect$$rtentry$$0000000D  c_w.l(__rtentry2.o)
    0x0800030e   0x00000002   Code   RO         1797    .ARM.Collect$$rtexit$$00000000  c_w.l(rtexit.o)
    0x08000310   0x00000000   Code   RO         1850    .ARM.Collect$$rtexit$$00000002  c_w.l(rtexit2.o)
    0x08000310   0x00000004   Code   RO         1851    .ARM.Collect$$rtexit$$00000003  c_w.l(rtexit2.o)
    0x08000314   0x00000006   Code   RO         1852    .ARM.Collect$$rtexit$$00000004  c_w.l(rtexit2.o)
    0x0800031a   0x00000024   Code   RO            4    .text               stm32f4xx_it.o
    0x0800033e   0x00000002   PAD
    0x08000340   0x000002d8   Code   RO          151    .text               main.o
    0x08000618   0x00000210   Code   RO          289    .text               system_stm32f4xx.o
    0x08000828   0x00000750   Code   RO          319    .text               external_control.o
    0x08000f78   0x000004d2   Code   RO          410    .text               gimbal_control.o
    0x0800144a   0x00000002   PAD
    0x0800144c   0x0000049e   Code   RO          433    .text               pid_s.o
    0x080018ea   0x00000002   PAD
    0x080018ec   0x000003cc   Code   RO          477    .text               chassis_control.o
    0x08001cb8   0x00000066   Code   RO          503    .text               customized_function.o
    0x08001d1e   0x00000002   PAD
    0x08001d20   0x00000040   Code   RO          529    .text               startup_stm32f40_41xxx.o
    0x08001d60   0x000000e0   Code   RO          536    .text               misc.o
    0x08001e40   0x00000464   Code   RO          560    .text               stm32f4xx_adc.o
    0x080022a4   0x000009f0   Code   RO          584    .text               stm32f4xx_can.o
    0x08002c94   0x000003a8   Code   RO          632    .text               stm32f4xx_dma.o
    0x0800303c   0x00000694   Code   RO          656    .text               stm32f4xx_flash.o
    0x080036d0   0x00000294   Code   RO          680    .text               stm32f4xx_gpio.o
    0x08003964   0x00000480   Code   RO          728    .text               stm32f4xx_spi.o
    0x08003de4   0x00000ca2   Code   RO          776    .text               stm32f4xx_tim.o
    0x08004a86   0x00000002   PAD
    0x08004a88   0x00000454   Code   RO          800    .text               stm32f4xx_usart.o
    0x08004edc   0x0000065c   Code   RO          824    .text               stm32f4xx_rcc.o
    0x08005538   0x00000318   Code   RO          850    .text               buzzer.o
    0x08005850   0x000002bc   Code   RO          877    .text               gpio.o
    0x08005b0c   0x000000cc   Code   RO          907    .text               ticks.o
    0x08005bd8   0x00000200   Code   RO          961    .text               timer.o
    0x08005dd8   0x00000064   Code   RO         1016    .text               led.o
    0x08005e3c   0x00000e7c   Code   RO         1069    .text               1.8 tft_display.o
    0x08006cb8   0x00000070   Code   RO         1111    .text               flash.o
    0x08006d28   0x000007a0   Code   RO         1138    .text               yaw_gyro.o
    0x080074c8   0x00000148   Code   RO         1173    .text               adc.o
    0x08007610   0x00000080   Code   RO         1231    .text               pneumatic.o
    0x08007690   0x00000150   Code   RO         1255    .text               can1.o
    0x080077e0   0x00000150   Code   RO         1283    .text               can2.o
    0x08007930   0x000002c0   Code   RO         1310    .text               canbusprocess.o
    0x08007bf0   0x000002c0   Code   RO         1345    .text               dbus.o
    0x08007eb0   0x00000318   Code   RO         1376    .text               judge.o
    0x080081c8   0x000000a4   Code   RO         1408    .text               data_monitor.o
    0x0800826c   0x000000ac   Code   RO         1434    .text               driver_encoder.o
    0x08008318   0x00000740   Code   RO         1464    .text               driver_gun.o
    0x08008a58   0x00000024   Code   RO         1498    .text               c_w.l(vsprintf.o)
    0x08008a7c   0x00000064   Code   RO         1500    .text               c_w.l(rt_memcpy_w.o)
    0x08008ae0   0x00000006   Code   RO         1502    .text               c_w.l(heapauxi.o)
    0x08008ae6   0x00000016   Code   RO         1563    .text               c_w.l(_rserrno.o)
    0x08008afc   0x0000004e   Code   RO         1567    .text               c_w.l(_printf_pad.o)
    0x08008b4a   0x00000024   Code   RO         1569    .text               c_w.l(_printf_truncate.o)
    0x08008b6e   0x00000052   Code   RO         1571    .text               c_w.l(_printf_str.o)
    0x08008bc0   0x00000078   Code   RO         1573    .text               c_w.l(_printf_dec.o)
    0x08008c38   0x00000028   Code   RO         1575    .text               c_w.l(_printf_charcount.o)
    0x08008c60   0x00000030   Code   RO         1577    .text               c_w.l(_printf_char_common.o)
    0x08008c90   0x0000000a   Code   RO         1579    .text               c_w.l(_sputc.o)
    0x08008c9a   0x00000002   PAD
    0x08008c9c   0x000000bc   Code   RO         1581    .text               c_w.l(_printf_wctomb.o)
    0x08008d58   0x0000007c   Code   RO         1584    .text               c_w.l(_printf_longlong_dec.o)
    0x08008dd4   0x00000070   Code   RO         1590    .text               c_w.l(_printf_oct_int_ll.o)
    0x08008e44   0x00000094   Code   RO         1610    .text               c_w.l(_printf_hex_int_ll_ptr.o)
    0x08008ed8   0x00000188   Code   RO         1630    .text               c_w.l(__printf_flags_ss_wp.o)
    0x08009060   0x00000008   Code   RO         1721    .text               c_w.l(rt_errno_addr_intlibspace.o)
    0x08009068   0x0000008a   Code   RO         1723    .text               c_w.l(lludiv10.o)
    0x080090f2   0x000000b2   Code   RO         1725    .text               c_w.l(_printf_intcommon.o)
    0x080091a4   0x0000041a   Code   RO         1727    .text               c_w.l(_printf_fp_dec.o)
    0x080095be   0x00000002   PAD
    0x080095c0   0x000002fc   Code   RO         1729    .text               c_w.l(_printf_fp_hex.o)
    0x080098bc   0x0000002c   Code   RO         1734    .text               c_w.l(_printf_char.o)
    0x080098e8   0x0000002c   Code   RO         1736    .text               c_w.l(_printf_wchar.o)
    0x08009914   0x00000040   Code   RO         1739    .text               c_w.l(_wcrtomb.o)
    0x08009954   0x00000008   Code   RO         1745    .text               c_w.l(libspace.o)
    0x0800995c   0x0000004a   Code   RO         1748    .text               c_w.l(sys_stackheap_outer.o)
    0x080099a6   0x00000002   PAD
    0x080099a8   0x00000010   Code   RO         1750    .text               c_w.l(rt_ctype_table.o)
    0x080099b8   0x00000008   Code   RO         1755    .text               c_w.l(rt_locale_intlibspace.o)
    0x080099c0   0x00000080   Code   RO         1757    .text               c_w.l(_printf_fp_infnan.o)
    0x08009a40   0x000000dc   Code   RO         1759    .text               c_w.l(bigflt0.o)
    0x08009b1c   0x00000012   Code   RO         1787    .text               c_w.l(exit.o)
    0x08009b2e   0x00000002   PAD
    0x08009b30   0x00000080   Code   RO         1802    .text               c_w.l(strcmpv7m.o)
    0x08009bb0   0x0000000c   Code   RO         1860    .text               c_w.l(sys_exit.o)
    0x08009bbc   0x00000002   Code   RO         1871    .text               c_w.l(use_no_semi.o)
    0x08009bbe   0x00000000   Code   RO         1873    .text               c_w.l(indicate_semi.o)
    0x08009bbe   0x0000003e   Code   RO         1762    CL$$btod_d2e        c_w.l(btod.o)
    0x08009bfc   0x00000046   Code   RO         1764    CL$$btod_d2e_denorm_low  c_w.l(btod.o)
    0x08009c42   0x00000060   Code   RO         1763    CL$$btod_d2e_norm_op1  c_w.l(btod.o)
    0x08009ca2   0x00000338   Code   RO         1772    CL$$btod_div_common  c_w.l(btod.o)
    0x08009fda   0x000000c6   Code   RO         1769    CL$$btod_e2e        c_w.l(btod.o)
    0x0800a0a0   0x00000028   Code   RO         1766    CL$$btod_ediv       c_w.l(btod.o)
    0x0800a0c8   0x00000028   Code   RO         1765    CL$$btod_emul       c_w.l(btod.o)
    0x0800a0f0   0x00000244   Code   RO         1771    CL$$btod_mult_common  c_w.l(btod.o)
    0x0800a334   0x00000030   Code   RO         1741    i.__ARM_fpclassify  m_wm.l(fpclassify.o)
    0x0800a364   0x00000004   PAD
    0x0800a368   0x000000c8   Code   RO         1532    i.__hardfp_cos      m_wm.l(cos.o)
    0x0800a430   0x000000c8   Code   RO         1550    i.__hardfp_sin      m_wm.l(sin.o)
    0x0800a4f8   0x00000438   Code   RO         1692    i.__ieee754_rem_pio2  m_wm.l(rred.o)
    0x0800a930   0x00000170   Code   RO         1675    i.__kernel_cos      m_wm.l(cos_i.o)
    0x0800aaa0   0x000000f8   Code   RO         1743    i.__kernel_poly     m_wm.l(poly.o)
    0x0800ab98   0x00000130   Code   RO         1697    i.__kernel_sin      m_wm.l(sin_i.o)
    0x0800acc8   0x00000014   Code   RO         1679    i.__mathlib_dbl_infnan  m_wm.l(dunder.o)
    0x0800acdc   0x00000004   PAD
    0x0800ace0   0x00000020   Code   RO         1681    i.__mathlib_dbl_invalid  m_wm.l(dunder.o)
    0x0800ad00   0x00000020   Code   RO         1684    i.__mathlib_dbl_underflow  m_wm.l(dunder.o)
    0x0800ad20   0x0000000e   Code   RO         1623    i._is_digit         c_w.l(__printf_wp.o)
    0x0800ad2e   0x00000010   Code   RO         1534    i.cos               m_wm.l(cos.o)
    0x0800ad3e   0x00000018   Code   RO         1546    i.fabs              m_wm.l(fabs.o)
    0x0800ad56   0x00000010   Code   RO         1552    i.sin               m_wm.l(sin.o)
    0x0800ad66   0x00000002   PAD
    0x0800ad68   0x0000002c   Code   RO         1785    locale$$code        c_w.l(lc_numeric_c.o)
    0x0800ad94   0x0000002c   Code   RO         1800    locale$$code        c_w.l(lc_ctype_c.o)
    0x0800adc0   0x00000018   Code   RO         1656    x$fpl$basic         fz_wm.l(basic.o)
    0x0800add8   0x00000062   Code   RO         1506    x$fpl$d2f           fz_wm.l(d2f.o)
    0x0800ae3a   0x00000002   PAD
    0x0800ae3c   0x00000150   Code   RO         1508    x$fpl$dadd          fz_wm.l(daddsub_clz.o)
    0x0800af8c   0x000002b0   Code   RO         1515    x$fpl$ddiv          fz_wm.l(ddiv.o)
    0x0800b23c   0x0000005e   Code   RO         1518    x$fpl$dfix          fz_wm.l(dfix.o)
    0x0800b29a   0x0000002e   Code   RO         1523    x$fpl$dflt          fz_wm.l(dflt_clz.o)
    0x0800b2c8   0x00000026   Code   RO         1522    x$fpl$dfltu         fz_wm.l(dflt_clz.o)
    0x0800b2ee   0x00000002   PAD
    0x0800b2f0   0x00000154   Code   RO         1528    x$fpl$dmul          fz_wm.l(dmul.o)
    0x0800b444   0x0000009c   Code   RO         1658    x$fpl$dnaninf       fz_wm.l(dnaninf.o)
    0x0800b4e0   0x0000000c   Code   RO         1660    x$fpl$dretinf       fz_wm.l(dretinf.o)
    0x0800b4ec   0x00000016   Code   RO         1509    x$fpl$drsb          fz_wm.l(daddsub_clz.o)
    0x0800b502   0x00000002   PAD
    0x0800b504   0x000001d4   Code   RO         1510    x$fpl$dsub          fz_wm.l(daddsub_clz.o)
    0x0800b6d8   0x00000056   Code   RO         1530    x$fpl$f2d           fz_wm.l(f2d.o)
    0x0800b72e   0x0000008c   Code   RO         1662    x$fpl$fnaninf       fz_wm.l(fnaninf.o)
    0x0800b7ba   0x0000000a   Code   RO         1858    x$fpl$fpinit        fz_wm.l(fpinit.o)
    0x0800b7c4   0x0000000a   Code   RO         1664    x$fpl$fretinf       fz_wm.l(fretinf.o)
    0x0800b7ce   0x00000004   Code   RO         1666    x$fpl$printf1       fz_wm.l(printf1.o)
    0x0800b7d2   0x00000004   Code   RO         1668    x$fpl$printf2       fz_wm.l(printf2.o)
    0x0800b7d6   0x00000000   Code   RO         1674    x$fpl$usenofp       fz_wm.l(usenofp.o)
    0x0800b7d6   0x00000002   PAD
    0x0800b7d8   0x00000380   Data   RO          878    .constdata          gpio.o
    0x0800bb58   0x00000302   Data   RO         1378    .constdata          judge.o
    0x0800be5a   0x00000002   PAD
    0x0800be5c   0x00000008   Data   RO         1582    .constdata          c_w.l(_printf_wctomb.o)
    0x0800be64   0x00000028   Data   RO         1611    .constdata          c_w.l(_printf_hex_int_ll_ptr.o)
    0x0800be8c   0x00000011   Data   RO         1631    .constdata          c_w.l(__printf_flags_ss_wp.o)
    0x0800be9d   0x00000003   PAD
    0x0800bea0   0x00000030   Data   RO         1676    .constdata          m_wm.l(cos_i.o)
    0x0800bed0   0x000000c8   Data   RO         1694    .constdata          m_wm.l(rred.o)
    0x0800bf98   0x00000028   Data   RO         1698    .constdata          m_wm.l(sin_i.o)
    0x0800bfc0   0x00000026   Data   RO         1730    .constdata          c_w.l(_printf_fp_hex.o)
    0x0800bfe6   0x00000002   PAD
    0x0800bfe8   0x00000094   Data   RO         1760    .constdata          c_w.l(bigflt0.o)
    0x0800c07c   0x00000020   Data   RO         1926    Region$$Table       anon$$obj.o
    0x0800c09c   0x0000001c   Data   RO         1784    locale$$data        c_w.l(lc_numeric_c.o)
    0x0800c0b8   0x00000110   Data   RO         1799    locale$$data        c_w.l(lc_ctype_c.o)


    Execution Region RW_IRAM1 (Base: 0x20000000, Size: 0x00006980, Max: 0x00020000, ABSOLUTE, COMPRESSED[0x000007c8])

    Base Addr    Size         Type   Attr      Idx    E Section Name        Object

    0x20000000   0x00001034   Data   RW          153    .data               main.o
    0x20001034   0x00000014   Data   RW          290    .data               system_stm32f4xx.o
    0x20001048   0x0000103a   Data   RW          320    .data               external_control.o
    0x20002082   0x00000010   Data   RW          825    .data               stm32f4xx_rcc.o
    0x20002092   0x00000002   PAD
    0x20002094   0x0000001a   Data   RW          852    .data               buzzer.o
    0x200020ae   0x00000002   PAD
    0x200020b0   0x00000008   Data   RW          908    .data               ticks.o
    0x200020b8   0x00000001   Data   RW         1017    .data               led.o
    0x200020b9   0x00000001   PAD
    0x200020ba   0x0000100a   Data   RW         1071    .data               1.8 tft_display.o
    0x200030c4   0x00000004   Data   RW         1112    .data               flash.o
    0x200030c8   0x00001058   Data   RW         1139    .data               yaw_gyro.o
    0x20004120   0x00000004   Data   RW         1312    .data               canbusprocess.o
    0x20004124   0x00000002   Data   RW         1347    .data               dbus.o
    0x20004126   0x00000002   PAD
    0x20004128   0x00001008   Data   RW         1379    .data               judge.o
    0x20005130   0x00000004   Data   RW         1435    .data               driver_encoder.o
    0x20005134   0x0000000c   Data   RW         1466    .data               driver_gun.o
    0x20005140   0x000003ac   Zero   RW          152    .bss                main.o
    0x200054ec   0x0000001a   Zero   RW          851    .bss                buzzer.o
    0x20005506   0x00000a50   Zero   RW         1070    .bss                1.8 tft_display.o
    0x20005f56   0x00000022   Zero   RW         1174    .bss                adc.o
    0x20005f78   0x000001c0   Zero   RW         1311    .bss                canbusprocess.o
    0x20006138   0x00000053   Zero   RW         1346    .bss                dbus.o
    0x2000618b   0x00000001   PAD
    0x2000618c   0x000000a6   Zero   RW         1377    .bss                judge.o
    0x20006232   0x00000002   PAD
    0x20006234   0x0000003c   Zero   RW         1409    .bss                data_monitor.o
    0x20006270   0x000000b0   Zero   RW         1465    .bss                driver_gun.o
    0x20006320   0x00000060   Zero   RW         1746    .bss                c_w.l(libspace.o)
    0x20006380   0x00000200   Zero   RW          527    HEAP                startup_stm32f40_41xxx.o
    0x20006580   0x00000400   Zero   RW          526    STACK               startup_stm32f40_41xxx.o


==============================================================================

Image component sizes


      Code (inc. data)   RO Data    RW Data    ZI Data      Debug   Object Name

      3708        144          0       4106       2640      10095   1.8 tft_display.o
       328         26          0          0         34       2101   adc.o
       792         78          0         26         26       3642   buzzer.o
       336         10          0          0          0       1072   can1.o
       336          8          0          0          0       1064   can2.o
       704         42          0          4        448       4242   canbusprocess.o
       972         88          0          0          0       2534   chassis_control.o
       102          0          0          0          0       1544   customized_function.o
       164         12          0          0         60       1296   data_monitor.o
       704         38          0          2         83       2971   dbus.o
       172         14          0          4          0       1122   driver_encoder.o
      1856        110          0         12        176       4894   driver_gun.o
      1872         94          0       4154          0     258086   external_control.o
       112          6          0          4          0       1534   flash.o
      1234         74          0          0          0       5108   gimbal_control.o
       700         20        896          0          0       6144   gpio.o
       792         56        770       4104        166       4754   judge.o
       100         10          0          1          0       1276   led.o
       728        142          0       4148        940       3771   main.o
       224         20          0          0          0       1845   misc.o
      1182          4          0          0          0       2494   pid_s.o
       128         20          0          0          0        747   pneumatic.o
        64         26        392          0       1536        832   startup_stm32f40_41xxx.o
      1124         24          0          0          0      10718   stm32f4xx_adc.o
      2544         38          0          0          0       8172   stm32f4xx_can.o
       936         32          0          0          0       6421   stm32f4xx_dma.o
      1684         28          0          0          0       9450   stm32f4xx_flash.o
       660         44          0          0          0       4185   stm32f4xx_gpio.o
        36          0          0          0          0     320942   stm32f4xx_it.o
      1628         52          0         16          0      13076   stm32f4xx_rcc.o
      1152         36          0          0          0       6937   stm32f4xx_spi.o
      3234         60          0          0          0      23044   stm32f4xx_tim.o
      1108         34          0          0          0       7912   stm32f4xx_usart.o
       528         46          0         20          0       1819   system_stm32f4xx.o
       204         26          0          8          0      28309   ticks.o
       512         52          0          0          0       1907   timer.o
      1952        144          0       4184          0       7266   yaw_gyro.o

    ----------------------------------------------------------------------
     34622       1658       2092      20800       6112     773326   Object Totals
         0          0         32          0          0          0   (incl. Generated)
        10          0          2          7          3          0   (incl. Padding)

    ----------------------------------------------------------------------

      Code (inc. data)   RO Data    RW Data    ZI Data      Debug   Library Member Name

       100          0          0          0          0          0   __dclz77c.o
         8          0          0          0          0         68   __main.o
       392          4         17          0          0         92   __printf_flags_ss_wp.o
        14          0          0          0          0         68   __printf_wp.o
         0          0          0          0          0          0   __rtentry.o
        12          0          0          0          0          0   __rtentry2.o
         6          0          0          0          0          0   __rtentry4.o
        52          8          0          0          0          0   __scatter.o
        28          0          0          0          0          0   __scatter_zi.o
         6          0          0          0          0          0   _printf_a.o
         6          0          0          0          0          0   _printf_c.o
        44          0          0          0          0        108   _printf_char.o
        48          6          0          0          0         96   _printf_char_common.o
        40          0          0          0          0         68   _printf_charcount.o
         6          0          0          0          0          0   _printf_d.o
       120         16          0          0          0         92   _printf_dec.o
         6          0          0          0          0          0   _printf_e.o
         6          0          0          0          0          0   _printf_f.o
      1050          0          0          0          0        216   _printf_fp_dec.o
       764          8         38          0          0        100   _printf_fp_hex.o
       128         16          0          0          0         84   _printf_fp_infnan.o
         6          0          0          0          0          0   _printf_g.o
       148          4         40          0          0        160   _printf_hex_int_ll_ptr.o
         6          0          0          0          0          0   _printf_i.o
       178          0          0          0          0         88   _printf_intcommon.o
        10          0          0          0          0          0   _printf_l.o
         6          0          0          0          0          0   _printf_lc.o
        10          0          0          0          0          0   _printf_ll.o
         6          0          0          0          0          0   _printf_lld.o
         6          0          0          0          0          0   _printf_lli.o
         6          0          0          0          0          0   _printf_llo.o
         6          0          0          0          0          0   _printf_llu.o
         6          0          0          0          0          0   _printf_llx.o
       124         16          0          0          0         92   _printf_longlong_dec.o
         6          0          0          0          0          0   _printf_ls.o
         6          0          0          0          0          0   _printf_n.o
         6          0          0          0          0          0   _printf_o.o
       112         10          0          0          0        124   _printf_oct_int_ll.o
         6          0          0          0          0          0   _printf_p.o
        78          0          0          0          0        108   _printf_pad.o
         0          0          0          0          0          0   _printf_percent.o
         4          0          0          0          0          0   _printf_percent_end.o
         6          0          0          0          0          0   _printf_s.o
        82          0          0          0          0         80   _printf_str.o
        36          0          0          0          0         84   _printf_truncate.o
         6          0          0          0          0          0   _printf_u.o
        44          0          0          0          0        108   _printf_wchar.o
       188          6          8          0          0         92   _printf_wctomb.o
         6          0          0          0          0          0   _printf_x.o
        22          0          0          0          0        100   _rserrno.o
        10          0          0          0          0         68   _sputc.o
        64          0          0          0          0         92   _wcrtomb.o
       220          4        148          0          0         96   bigflt0.o
      1910        128          0          0          0        672   btod.o
        18          0          0          0          0         80   exit.o
         6          0          0          0          0        152   heapauxi.o
         0          0          0          0          0          0   indicate_semi.o
        44         10        272          0          0         76   lc_ctype_c.o
        44         10         28          0          0         76   lc_numeric_c.o
         2          0          0          0          0          0   libinit.o
        34          0          0          0          0          0   libinit2.o
         2          0          0          0          0          0   libshutdown.o
         2          0          0          0          0          0   libshutdown2.o
         8          4          0          0         96         68   libspace.o
       138          0          0          0          0         80   lludiv10.o
        16          4          0          0          0         76   rt_ctype_table.o
         8          4          0          0          0         68   rt_errno_addr_intlibspace.o
         8          4          0          0          0         68   rt_locale_intlibspace.o
       100          0          0          0          0         80   rt_memcpy_w.o
         2          0          0          0          0          0   rtexit.o
        10          0          0          0          0          0   rtexit2.o
       128          0          0          0          0         68   strcmpv7m.o
        12          4          0          0          0         68   sys_exit.o
        74          0          0          0          0         80   sys_stackheap_outer.o
         2          0          0          0          0         68   use_no_semi.o
        36          4          0          0          0         76   vsprintf.o
        24          0          0          0          0        164   basic.o
        98          4          0          0          0        140   d2f.o
       826         16          0          0          0        492   daddsub_clz.o
       688        140          0          0          0        256   ddiv.o
        94          4          0          0          0        140   dfix.o
        84          0          0          0          0        232   dflt_clz.o
       340         12          0          0          0        152   dmul.o
       156          4          0          0          0        140   dnaninf.o
        12          0          0          0          0        116   dretinf.o
        86          4          0          0          0        132   f2d.o
       140          4          0          0          0        132   fnaninf.o
        10          0          0          0          0        116   fpinit.o
        10          0          0          0          0        116   fretinf.o
         4          0          0          0          0        116   printf1.o
         4          0          0          0          0        116   printf2.o
         0          0          0          0          0          0   usenofp.o
       216         20          0          0          0        288   cos.o
       368         46         48          0          0        200   cos_i.o
        84         16          0          0          0        372   dunder.o
        24          0          0          0          0        124   fabs.o
        48          0          0          0          0        124   fpclassify.o
       248          0          0          0          0        152   poly.o
      1080        142        200          0          0        188   rred.o
       216         20          0          0          0        288   sin.o
       304         24         40          0          0        208   sin_i.o

    ----------------------------------------------------------------------
     12050        726        844          0         96       8644   Library Totals
        26          0          5          0          0          0   (incl. Padding)

    ----------------------------------------------------------------------

      Code (inc. data)   RO Data    RW Data    ZI Data      Debug   Library Name

      6860        270        551          0         96       4140   c_w.l
      2576        188          0          0          0       2560   fz_wm.l
      2588        268        288          0          0       1944   m_wm.l

    ----------------------------------------------------------------------
     12050        726        844          0         96       8644   Library Totals

    ----------------------------------------------------------------------

==============================================================================


      Code (inc. data)   RO Data    RW Data    ZI Data      Debug   

     46672       2384       2936      20800       6208     768434   Grand Totals
     46672       2384       2936       1992       6208     768434   ELF Image Totals (compressed)
     46672       2384       2936       1992          0          0   ROM Totals

==============================================================================

    Total RO  Size (Code + RO Data)                49608 (  48.45kB)
    Total RW  Size (RW Data + ZI Data)             27008 (  26.38kB)
    Total ROM Size (Code + RO Data + RW Data)      51600 (  50.39kB)

==============================================================================

