Component: ARM Compiler 5.06 update 4 (build 422) Tool: armlink [4d35d2]

==============================================================================

Section Cross References

    stm32f4xx_it.o(.text) refers to ticks.o(.text) for TimeTick_Decrement
    main.o(.text) refers to ticks.o(.text) for SysTick_Init
    main.o(.text) refers to dbus.o(.text) for Dbus_init
    main.o(.text) refers to 1.8 tft_display.o(.text) for tft_init
    main.o(.text) refers to led.o(.text) for LED_master_init
    main.o(.text) refers to yaw_gyro.o(.text) for gyro_init
    main.o(.text) refers to adc.o(.text) for ADC1_init
    main.o(.text) refers to judge.o(.text) for judging_system_init
    main.o(.text) refers to pneumatic.o(.text) for pneumatic_init
    main.o(.text) refers to can1.o(.text) for CAN1_Configuration
    main.o(.text) refers to can2.o(.text) for CAN2_Configuration
    main.o(.text) refers to data_monitor.o(.text) for DataMonitor_Init
    main.o(.text) refers to driver_encoder.o(.text) for ENCODER_Init
    main.o(.text) refers to driver_gun.o(.text) for GUN_Init
    main.o(.text) refers to pid_s.o(.text) for PID_init
    main.o(.text) refers to external_control.o(.text) for external_control
    main.o(.text) refers to main.o(.bss) for wheels_pos_pid
    main.o(.text) refers to main.o(.data) for buffer_remain
    main.o(.text) refers to canbusprocess.o(.bss) for GMYawEncoder
    main.o(.text) refers to gpio.o(.constdata) for PB3
    system_stm32f4xx.o(.text) refers to system_stm32f4xx.o(.data) for SystemCoreClock
    external_control.o(.text) refers to dbus.o(.text) for DBUS_CheckPush
    external_control.o(.text) refers to dflt_clz.o(x$fpl$dflt) for __aeabi_i2d
    external_control.o(.text) refers to dmul.o(x$fpl$dmul) for __aeabi_dmul
    external_control.o(.text) refers to f2d.o(x$fpl$f2d) for __aeabi_f2d
    external_control.o(.text) refers to daddsub_clz.o(x$fpl$dadd) for __aeabi_dadd
    external_control.o(.text) refers to d2f.o(x$fpl$d2f) for __aeabi_d2f
    external_control.o(.text) refers to customized_function.o(.text) for limit_int_range
    external_control.o(.text) refers to gimbal_control.o(.text) for gimbal_exceed_right_bound
    external_control.o(.text) refers to chassis_control.o(.text) for control_car
    external_control.o(.text) refers to external_control.o(.data) for last_ch_input
    external_control.o(.text) refers to dbus.o(.bss) for DBUS_ReceiveData
    external_control.o(.text) refers to canbusprocess.o(.bss) for GMYawEncoder
    external_control.o(.text) refers to main.o(.data) for init_yaw_pos
    gimbal_control.o(.text) refers to pid_s.o(.text) for PID_output2
    gimbal_control.o(.text) refers to canbusprocess.o(.text) for Set_CM_Speed
    gimbal_control.o(.text) refers to canbusprocess.o(.bss) for GMPitchEncoder
    gimbal_control.o(.text) refers to main.o(.bss) for gimbal_speed_pid
    gimbal_control.o(.text) refers to main.o(.data) for init_pitch_pos
    gimbal_control.o(.text) refers to dbus.o(.text) for DBUS_CheckPush
    pid_s.o(.text) refers to f2d.o(x$fpl$f2d) for __aeabi_f2d
    pid_s.o(.text) refers to fabs.o(i.fabs) for fabs
    power_control.o(.text) refers to judge.o(.bss) for InfantryJudge
    power_control.o(.text) refers to main.o(.data) for buffer_remain
    chassis_control.o(.text) refers to f2d.o(x$fpl$f2d) for __aeabi_f2d
    chassis_control.o(.text) refers to sin.o(i.sin) for sin
    chassis_control.o(.text) refers to cos.o(i.cos) for cos
    chassis_control.o(.text) refers to pid_s.o(.text) for PID_output2
    chassis_control.o(.text) refers to canbusprocess.o(.text) for Set_CM_Speed
    chassis_control.o(.text) refers to main.o(.data) for target_angle
    chassis_control.o(.text) refers to yaw_gyro.o(.data) for output_angle
    chassis_control.o(.text) refers to main.o(.bss) for angle_pid
    chassis_control.o(.text) refers to dbus.o(.bss) for DBUS_ReceiveData
    chassis_control.o(.text) refers to canbusprocess.o(.bss) for CM1Encoder
    customized_function.o(.text) refers to ticks.o(.text) for get_ms_ticks
    startup_stm32f40_41xxx.o(STACK) refers (Special) to heapauxi.o(.text) for __use_two_region_memory
    startup_stm32f40_41xxx.o(HEAP) refers (Special) to heapauxi.o(.text) for __use_two_region_memory
    startup_stm32f40_41xxx.o(RESET) refers (Special) to heapauxi.o(.text) for __use_two_region_memory
    startup_stm32f40_41xxx.o(RESET) refers to startup_stm32f40_41xxx.o(STACK) for __initial_sp
    startup_stm32f40_41xxx.o(RESET) refers to startup_stm32f40_41xxx.o(.text) for Reset_Handler
    startup_stm32f40_41xxx.o(RESET) refers to stm32f4xx_it.o(.text) for NMI_Handler
    startup_stm32f40_41xxx.o(RESET) refers to can1.o(.text) for CAN1_TX_IRQHandler
    startup_stm32f40_41xxx.o(RESET) refers to dbus.o(.text) for USART1_IRQHandler
    startup_stm32f40_41xxx.o(RESET) refers to judge.o(.text) for USART3_IRQHandler
    startup_stm32f40_41xxx.o(RESET) refers to yaw_gyro.o(.text) for TIM5_IRQHandler
[...]
    TIM_DeInit                               0x08003489   Thumb Code   346  stm32f4xx_tim.o(.text)
    TIM_TimeBaseInit                         0x080035e3   Thumb Code   104  stm32f4xx_tim.o(.text)
    TIM_TimeBaseStructInit                   0x0800364b   Thumb Code    18  stm32f4xx_tim.o(.text)
    TIM_PrescalerConfig                      0x0800365d   Thumb Code     6  stm32f4xx_tim.o(.text)
    TIM_CounterModeConfig                    0x08003663   Thumb Code    18  stm32f4xx_tim.o(.text)
    TIM_SetCounter                           0x08003675   Thumb Code     4  stm32f4xx_tim.o(.text)
    TIM_SetAutoreload                        0x08003679   Thumb Code     4  stm32f4xx_tim.o(.text)
    TIM_GetCounter                           0x0800367d   Thumb Code     6  stm32f4xx_tim.o(.text)
    TIM_GetPrescaler                         0x08003683   Thumb Code     6  stm32f4xx_tim.o(.text)
    TIM_UpdateDisableConfig                  0x08003689   Thumb Code    24  stm32f4xx_tim.o(.text)
    TIM_UpdateRequestConfig                  0x080036a1   Thumb Code    24  stm32f4xx_tim.o(.text)
    TIM_ARRPreloadConfig                     0x080036b9   Thumb Code    24  stm32f4xx_tim.o(.text)
    TIM_SelectOnePulseMode                   0x080036d1   Thumb Code    18  stm32f4xx_tim.o(.text)
    TIM_SetClockDivision                     0x080036e3   Thumb Code    18  stm32f4xx_tim.o(.text)
    TIM_Cmd                                  0x080036f5   Thumb Code    24  stm32f4xx_tim.o(.text)
    TIM_OC1Init                              0x0800370d   Thumb Code   114  stm32f4xx_tim.o(.text)
    TIM_OC2Init                              0x0800377f   Thumb Code   154  stm32f4xx_tim.o(.text)
    TIM_OC3Init                              0x08003819   Thumb Code   204  stm32f4xx_tim.o(.text)
    TIM_OC4Init                              0x080038e5   Thumb Code   112  stm32f4xx_tim.o(.text)
    TIM_OCStructInit                         0x08003955   Thumb Code    20  stm32f4xx_tim.o(.text)
    TIM_SelectOCxM                           0x08003969   Thumb Code    86  stm32f4xx_tim.o(.text)
    TIM_SetCompare1                          0x080039bf   Thumb Code     4  stm32f4xx_tim.o(.text)
    TIM_SetCompare2                          0x080039c3   Thumb Code     4  stm32f4xx_tim.o(.text)
    TIM_SetCompare3                          0x080039c7   Thumb Code     4  stm32f4xx_tim.o(.text)
    TIM_SetCompare4                          0x080039cb   Thumb Code     4  stm32f4xx_tim.o(.text)
    TIM_ForcedOC1Config                      0x080039cf   Thumb Code    18  stm32f4xx_tim.o(.text)
    TIM_ForcedOC2Config                      0x080039e1   Thumb Code    26  stm32f4xx_tim.o(.text)
    TIM_ForcedOC3Config                      0x080039fb   Thumb Code    18  stm32f4xx_tim.o(.text)
    TIM_ForcedOC4Config                      0x08003a0d   Thumb Code    26  stm32f4xx_tim.o(.text)
    TIM_OC1PreloadConfig                     0x08003a27   Thumb Code    18  stm32f4xx_tim.o(.text)
    TIM_OC2PreloadConfig                     0x08003a39   Thumb Code    26  stm32f4xx_tim.o(.text)
    TIM_OC3PreloadConfig                     0x08003a53   Thumb Code    18  stm32f4xx_tim.o(.text)
    TIM_OC4PreloadConfig                     0x08003a65   Thumb Code    26  stm32f4xx_tim.o(.text)
    TIM_OC1FastConfig                        0x08003a7f   Thumb Code    18  stm32f4xx_tim.o(.text)
    TIM_OC2FastConfig                        0x08003a91   Thumb Code    26  stm32f4xx_tim.o(.text)
    TIM_OC3FastConfig                        0x08003aab   Thumb Code    18  stm32f4xx_tim.o(.text)
    TIM_OC4FastConfig                        0x08003abd   Thumb Code    26  stm32f4xx_tim.o(.text)
    TIM_ClearOC1Ref                          0x08003ad7   Thumb Code    18  stm32f4xx_tim.o(.text)
    TIM_ClearOC2Ref                          0x08003ae9   Thumb Code    24  stm32f4xx_tim.o(.text)
    TIM_ClearOC3Ref                          0x08003b01   Thumb Code    18  stm32f4xx_tim.o(.text)
    TIM_ClearOC4Ref                          0x08003b13   Thumb Code    24  stm32f4xx_tim.o(.text)
    TIM_OC1PolarityConfig                    0x08003b2b   Thumb Code    18  stm32f4xx_tim.o(.text)
    TIM_OC1NPolarityConfig                   0x08003b3d   Thumb Code    18  stm32f4xx_tim.o(.text)
    TIM_OC2PolarityConfig                    0x08003b4f   Thumb Code    26  stm32f4xx_tim.o(.text)
    TIM_OC2NPolarityConfig                   0x08003b69   Thumb Code    26  stm32f4xx_tim.o(.text)
    TIM_OC3PolarityConfig                    0x08003b83   Thumb Code    26  stm32f4xx_tim.o(.text)
    TIM_OC3NPolarityConfig                   0x08003b9d   Thumb Code    26  stm32f4xx_tim.o(.text)
    TIM_OC4PolarityConfig                    0x08003bb7   Thumb Code    26  stm32f4xx_tim.o(.text)
    TIM_CCxCmd                               0x08003bd1   Thumb Code    30  stm32f4xx_tim.o(.text)
    TIM_CCxNCmd                              0x08003bef   Thumb Code    30  stm32f4xx_tim.o(.text)
    TIM_SetIC4Prescaler                      0x08003c0d   Thumb Code    26  stm32f4xx_tim.o(.text)
    TIM_SetIC3Prescaler                      0x08003c77   Thumb Code    18  stm32f4xx_tim.o(.text)
    TIM_SetIC2Prescaler                      0x08003cd1   Thumb Code    26  stm32f4xx_tim.o(.text)
    TIM_SetIC1Prescaler                      0x08003d45   Thumb Code    18  stm32f4xx_tim.o(.text)
    TIM_ICInit                               0x08003d91   Thumb Code   110  stm32f4xx_tim.o(.text)
    TIM_ICStructInit                         0x08003dff   Thumb Code    18  stm32f4xx_tim.o(.text)
    TIM_PWMIConfig                           0x08003e11   Thumb Code   124  stm32f4xx_tim.o(.text)
    TIM_GetCapture1                          0x08003e8d   Thumb Code     6  stm32f4xx_tim.o(.text)
    TIM_GetCapture2                          0x08003e93   Thumb Code     6  stm32f4xx_tim.o(.text)
    TIM_GetCapture3                          0x08003e99   Thumb Code     6  stm32f4xx_tim.o(.text)
    TIM_GetCapture4                          0x08003e9f   Thumb Code     6  stm32f4xx_tim.o(.text)
    TIM_BDTRConfig                           0x08003ea5   Thumb Code    32  stm32f4xx_tim.o(.text)
    TIM_BDTRStructInit                       0x08003ec5   Thumb Code    18  stm32f4xx_tim.o(.text)
    TIM_CtrlPWMOutputs                       0x08003ed7   Thumb Code    30  stm32f4xx_tim.o(.text)
    TIM_SelectCOM                            0x08003ef5   Thumb Code    24  stm32f4xx_tim.o(.text)
    TIM_CCPreloadControl                     0x08003f0d   Thumb Code    24  stm32f4xx_tim.o(.text)
    TIM_ITConfig                             0x08003f25   Thumb Code    18  stm32f4xx_tim.o(.text)
    TIM_GenerateEvent                        0x08003f37   Thumb Code     4  stm32f4xx_tim.o(.text)
    TIM_GetFlagStatus                        0x08003f3b   Thumb Code    18  stm32f4xx_tim.o(.text)
    TIM_ClearFlag                            0x08003f4d   Thumb Code     6  stm32f4xx_tim.o(.text)
    TIM_GetITStatus                          0x08003f53   Thumb Code    34  stm32f4xx_tim.o(.text)
    TIM_ClearITPendingBit                    0x08003f75   Thumb Code     6  stm32f4xx_tim.o(.text)
    TIM_DMAConfig                            0x08003f7b   Thumb Code    10  stm32f4xx_tim.o(.text)
    TIM_DMACmd                               0x08003f85   Thumb Code    18  stm32f4xx_tim.o(.text)
    TIM_SelectCCDMA                          0x08003f97   Thumb Code    24  stm32f4xx_tim.o(.text)
    TIM_InternalClockConfig                  0x08003faf   Thumb Code    12  stm32f4xx_tim.o(.text)
    TIM_SelectInputTrigger                   0x08003fbb   Thumb Code    18  stm32f4xx_tim.o(.text)
    TIM_ITRxExternalClockConfig              0x08003fcd   Thumb Code    24  stm32f4xx_tim.o(.text)
    TIM_TIxExternalClockConfig               0x08003fe5   Thumb Code    62  stm32f4xx_tim.o(.text)
    TIM_ETRConfig                            0x08004023   Thumb Code    28  stm32f4xx_tim.o(.text)
    TIM_ETRClockMode1Config                  0x0800403f   Thumb Code    54  stm32f4xx_tim.o(.text)
    TIM_ETRClockMode2Config                  0x08004075   Thumb Code    32  stm32f4xx_tim.o(.text)
    TIM_SelectOutputTrigger                  0x08004095   Thumb Code    18  stm32f4xx_tim.o(.text)
    TIM_SelectSlaveMode                      0x080040a7   Thumb Code    18  stm32f4xx_tim.o(.text)
    TIM_SelectMasterSlaveMode                0x080040b9   Thumb Code    18  stm32f4xx_tim.o(.text)
    TIM_EncoderInterfaceConfig               0x080040cb   Thumb Code    66  stm32f4xx_tim.o(.text)
    TIM_SelectHallSensor                     0x0800410d   Thumb Code    24  stm32f4xx_tim.o(.text)
    TIM_RemapConfig                          0x08004125   Thumb Code     6  stm32f4xx_tim.o(.text)
    USART_DeInit                             0x0800412d   Thumb Code   206  stm32f4xx_usart.o(.text)
    USART_Init                               0x080041fb   Thumb Code   204  stm32f4xx_usart.o(.text)
    USART_StructInit                         0x080042c7   Thumb Code    24  stm32f4xx_usart.o(.text)
    USART_ClockInit                          0x080042df   Thumb Code    32  stm32f4xx_usart.o(.text)
    USART_ClockStructInit                    0x080042ff   Thumb Code    12  stm32f4xx_usart.o(.text)
    USART_Cmd                                0x0800430b   Thumb Code    24  stm32f4xx_usart.o(.text)
    USART_SetPrescaler                       0x08004323   Thumb Code    16  stm32f4xx_usart.o(.text)
    USART_OverSampling8Cmd                   0x08004333   Thumb Code    22  stm32f4xx_usart.o(.text)
    USART_OneBitMethodCmd                    0x08004349   Thumb Code    24  stm32f4xx_usart.o(.text)
    USART_SendData                           0x08004361   Thumb Code     8  stm32f4xx_usart.o(.text)
    USART_ReceiveData                        0x08004369   Thumb Code    10  stm32f4xx_usart.o(.text)
    USART_SetAddress                         0x08004373   Thumb Code    18  stm32f4xx_usart.o(.text)
    USART_ReceiverWakeUpCmd                  0x08004385   Thumb Code    24  stm32f4xx_usart.o(.text)
    USART_WakeUpConfig                       0x0800439d   Thumb Code    18  stm32f4xx_usart.o(.text)
    USART_LINBreakDetectLengthConfig         0x080043af   Thumb Code    18  stm32f4xx_usart.o(.text)
    USART_LINCmd                             0x080043c1   Thumb Code    24  stm32f4xx_usart.o(.text)
    USART_SendBreak                          0x080043d9   Thumb Code    10  stm32f4xx_usart.o(.text)
    USART_HalfDuplexCmd                      0x080043e3   Thumb Code    24  stm32f4xx_usart.o(.text)
    USART_SetGuardTime                       0x080043fb   Thumb Code    16  stm32f4xx_usart.o(.text)
    USART_SmartCardCmd                       0x0800440b   Thumb Code    24  stm32f4xx_usart.o(.text)
    USART_SmartCardNACKCmd                   0x08004423   Thumb Code    24  stm32f4xx_usart.o(.text)
    USART_IrDAConfig                         0x0800443b   Thumb Code    18  stm32f4xx_usart.o(.text)
    USART_IrDACmd                            0x0800444d   Thumb Code    24  stm32f4xx_usart.o(.text)
    USART_DMACmd                             0x08004465   Thumb Code    18  stm32f4xx_usart.o(.text)
    USART_ITConfig                           0x08004477   Thumb Code    74  stm32f4xx_usart.o(.text)
    USART_GetFlagStatus                      0x080044c1   Thumb Code    26  stm32f4xx_usart.o(.text)
    USART_ClearFlag                          0x080044db   Thumb Code    18  stm32f4xx_usart.o(.text)
    USART_GetITStatus                        0x080044ed   Thumb Code   118  stm32f4xx_usart.o(.text)
    USART_ClearITPendingBit                  0x08004563   Thumb Code    30  stm32f4xx_usart.o(.text)
    RCC_DeInit                               0x08004581   Thumb Code    82  stm32f4xx_rcc.o(.text)
    RCC_HSEConfig                            0x080045d3   Thumb Code    14  stm32f4xx_rcc.o(.text)
    RCC_GetFlagStatus                        0x080045e1   Thumb Code    60  stm32f4xx_rcc.o(.text)
    RCC_WaitForHSEStartUp                    0x0800461d   Thumb Code    56  stm32f4xx_rcc.o(.text)
    RCC_AdjustHSICalibrationValue            0x08004655   Thumb Code    20  stm32f4xx_rcc.o(.text)
    RCC_HSICmd                               0x08004669   Thumb Code     6  stm32f4xx_rcc.o(.text)
    RCC_LSEConfig                            0x0800466f   Thumb Code    46  stm32f4xx_rcc.o(.text)
    RCC_LSICmd                               0x0800469d   Thumb Code     6  stm32f4xx_rcc.o(.text)
    RCC_PLLConfig                            0x080046a3   Thumb Code    32  stm32f4xx_rcc.o(.text)
    RCC_PLLCmd                               0x080046c3   Thumb Code     6  stm32f4xx_rcc.o(.text)
    RCC_PLLI2SConfig                         0x080046c9   Thumb Code    14  stm32f4xx_rcc.o(.text)
    RCC_PLLI2SCmd                            0x080046d7   Thumb Code     6  stm32f4xx_rcc.o(.text)
    RCC_PLLSAIConfig                         0x080046dd   Thumb Code    20  stm32f4xx_rcc.o(.text)
    RCC_PLLSAICmd                            0x080046f1   Thumb Code     6  stm32f4xx_rcc.o(.text)
    RCC_ClockSecuritySystemCmd               0x080046f7   Thumb Code     6  stm32f4xx_rcc.o(.text)
    RCC_MCO1Config                           0x080046fd   Thumb Code    28  stm32f4xx_rcc.o(.text)
    RCC_MCO2Config                           0x08004719   Thumb Code    28  stm32f4xx_rcc.o(.text)
    RCC_SYSCLKConfig                         0x08004735   Thumb Code    20  stm32f4xx_rcc.o(.text)
    RCC_GetSYSCLKSource                      0x08004749   Thumb Code    12  stm32f4xx_rcc.o(.text)
    RCC_HCLKConfig                           0x08004755   Thumb Code    20  stm32f4xx_rcc.o(.text)
    RCC_PCLK1Config                          0x08004769   Thumb Code    20  stm32f4xx_rcc.o(.text)
    RCC_PCLK2Config                          0x0800477d   Thumb Code    22  stm32f4xx_rcc.o(.text)
    RCC_GetClocksFreq                        0x08004793   Thumb Code   222  stm32f4xx_rcc.o(.text)
    RCC_RTCCLKConfig                         0x08004871   Thumb Code    54  stm32f4xx_rcc.o(.text)
    RCC_RTCCLKCmd                            0x080048a7   Thumb Code     8  stm32f4xx_rcc.o(.text)
    RCC_BackupResetCmd                       0x080048af   Thumb Code     8  stm32f4xx_rcc.o(.text)
    RCC_I2SCLKConfig                         0x080048b7   Thumb Code     6  stm32f4xx_rcc.o(.text)
    RCC_SAIPLLI2SClkDivConfig                0x080048bd   Thumb Code    26  stm32f4xx_rcc.o(.text)
    RCC_SAIPLLSAIClkDivConfig                0x080048d7   Thumb Code    28  stm32f4xx_rcc.o(.text)
    RCC_SAIBlockACLKConfig                   0x080048f3   Thumb Code    20  stm32f4xx_rcc.o(.text)
    RCC_SAIBlockBCLKConfig                   0x08004907   Thumb Code    20  stm32f4xx_rcc.o(.text)
    RCC_LTDCCLKDivConfig                     0x0800491b   Thumb Code    20  stm32f4xx_rcc.o(.text)
    RCC_TIMCLKPresConfig                     0x0800492f   Thumb Code     6  stm32f4xx_rcc.o(.text)
    RCC_AHB1PeriphClockCmd                   0x08004935   Thumb Code    34  stm32f4xx_rcc.o(.text)
    RCC_AHB2PeriphClockCmd                   0x08004957   Thumb Code    78  stm32f4xx_rcc.o(.text)
    RCC_AHB3PeriphClockCmd                   0x080049a5   Thumb Code    34  stm32f4xx_rcc.o(.text)
    RCC_APB1PeriphClockCmd                   0x080049c7   Thumb Code    34  stm32f4xx_rcc.o(.text)
    RCC_APB2PeriphClockCmd                   0x080049e9   Thumb Code    34  stm32f4xx_rcc.o(.text)
    RCC_AHB1PeriphResetCmd                   0x08004a0b   Thumb Code    34  stm32f4xx_rcc.o(.text)
    RCC_AHB2PeriphResetCmd                   0x08004a2d   Thumb Code    34  stm32f4xx_rcc.o(.text)
    RCC_AHB3PeriphResetCmd                   0x08004a4f   Thumb Code    34  stm32f4xx_rcc.o(.text)
    RCC_APB1PeriphResetCmd                   0x08004a71   Thumb Code    34  stm32f4xx_rcc.o(.text)
    RCC_APB2PeriphResetCmd                   0x08004a93   Thumb Code    34  stm32f4xx_rcc.o(.text)
    RCC_AHB1PeriphClockLPModeCmd             0x08004ab5   Thumb Code    34  stm32f4xx_rcc.o(.text)
    RCC_AHB2PeriphClockLPModeCmd             0x08004ad7   Thumb Code    34  stm32f4xx_rcc.o(.text)
    RCC_AHB3PeriphClockLPModeCmd             0x08004af9   Thumb Code    34  stm32f4xx_rcc.o(.text)
    RCC_APB1PeriphClockLPModeCmd             0x08004b1b   Thumb Code    34  stm32f4xx_rcc.o(.text)
    RCC_APB2PeriphClockLPModeCmd             0x08004b3d   Thumb Code    34  stm32f4xx_rcc.o(.text)
    RCC_LSEModeConfig                        0x08004b5f   Thumb Code    40  stm32f4xx_rcc.o(.text)
    RCC_ITConfig                             0x08004b87   Thumb Code    34  stm32f4xx_rcc.o(.text)
    RCC_ClearFlag                            0x08004ba9   Thumb Code    18  stm32f4xx_rcc.o(.text)
    RCC_GetITStatus                          0x08004bbb   Thumb Code    22  stm32f4xx_rcc.o(.text)
    RCC_ClearITPendingBit                    0x08004bd1   Thumb Code     8  stm32f4xx_rcc.o(.text)
    AF_config                                0x08004bdd   Thumb Code   280  gpio.o(.text)
    gpio_rcc_init                            0x08004cf5   Thumb Code   156  gpio.o(.text)
    gpio_init                                0x08004d91   Thumb Code    54  gpio.o(.text)
    timer_gpio_init                          0x08004dc7   Thumb Code    48  gpio.o(.text)
    BUTTON_init                              0x08004df7   Thumb Code    44  gpio.o(.text)
    LED_init                                 0x08004e23   Thumb Code    78  gpio.o(.text)
    gpio_read_input                          0x08004e71   Thumb Code    14  gpio.o(.text)
    gpio_write                               0x08004e7f   Thumb Code    18  gpio.o(.text)
    SysTick_Init                             0x08004e99   Thumb Code    90  ticks.o(.text)
    TimeTick_Decrement                       0x08004ef3   Thumb Code    18  ticks.o(.text)
    TimeTick_Increment                       0x08004f05   Thumb Code    30  ticks.o(.text)
    get_ms_ticks                             0x08004f23   Thumb Code     6  ticks.o(.text)
    delay_1ms                                0x08004f29   Thumb Code    18  ticks.o(.text)
    delay_nms                                0x08004f3b   Thumb Code    16  ticks.o(.text)
    LED_master_init                          0x08004f65   Thumb Code    10  led.o(.text)
    LED_control                              0x08004f6f   Thumb Code    30  led.o(.text)
    LED_blink                                0x08004f8d   Thumb Code    50  led.o(.text)
    tft_spi_init                             0x08004fc9   Thumb Code   178  1.8 tft_display.o(.text)
    tft_write_command                        0x0800507b   Thumb Code    72  1.8 tft_display.o(.text)
    tft_write_data                           0x080050c3   Thumb Code    72  1.8 tft_display.o(.text)
    tft_config                               0x0800510b   Thumb Code   514  1.8 tft_display.o(.text)
    tft_reset                                0x0800530d   Thumb Code    32  1.8 tft_display.o(.text)
    tft_fill_color                           0x0800532d   Thumb Code    98  1.8 tft_display.o(.text)
    tft_set_special_color                    0x0800538f   Thumb Code     6  1.8 tft_display.o(.text)
    tft_set_text_color                       0x08005395   Thumb Code     6  1.8 tft_display.o(.text)
    tft_set_bg_color                         0x0800539b   Thumb Code     6  1.8 tft_display.o(.text)
    tft_init                                 0x080053a1   Thumb Code   214  1.8 tft_display.o(.text)
    tft_enable                               0x08005477   Thumb Code     8  1.8 tft_display.o(.text)
    tft_disable                              0x0800547f   Thumb Code     8  1.8 tft_display.o(.text)
    tft_get_bg_color                         0x08005487   Thumb Code     6  1.8 tft_display.o(.text)
    tft_get_text_color                       0x0800548d   Thumb Code     6  1.8 tft_display.o(.text)
    tft_get_special_text_color               0x08005493   Thumb Code     6  1.8 tft_display.o(.text)
    tft_get_orientation                      0x08005499   Thumb Code     6  1.8 tft_display.o(.text)
    tft_force_clear                          0x0800549f   Thumb Code    86  1.8 tft_display.o(.text)
    tft_set_orientation                      0x080054f5   Thumb Code    28  1.8 tft_display.o(.text)
    tft_get_max_x_char                       0x08005511   Thumb Code    24  1.8 tft_display.o(.text)
    tft_get_max_y_char                       0x08005529   Thumb Code    24  1.8 tft_display.o(.text)
    tft_set_pixel_pos                        0x08005541   Thumb Code    78  1.8 tft_display.o(.text)
    tft_set_char_pos                         0x0800558f   Thumb Code    82  1.8 tft_display.o(.text)
    tft_clear_line                           0x080055e1   Thumb Code    68  1.8 tft_display.o(.text)
    tft_clear                                0x08005625   Thumb Code    22  1.8 tft_display.o(.text)
    tft_toggle                               0x0800563b   Thumb Code    34  1.8 tft_display.o(.text)
    tft_put_pixel                            0x0800565d   Thumb Code   100  1.8 tft_display.o(.text)
    tft_char_is_changed                      0x080056c1   Thumb Code   186  1.8 tft_display.o(.text)
    tft_prints                               0x0800577b   Thumb Code   268  1.8 tft_display.o(.text)
    tft_update                               0x08005887   Thumb Code  1454  1.8 tft_display.o(.text)
    gyro_spi_init                            0x08005e45   Thumb Code   306  yaw_gyro.o(.text)
    gyro_chip_deselect                       0x08005f77   Thumb Code    12  yaw_gyro.o(.text)
    gyro_chip_select                         0x08005f83   Thumb Code    12  yaw_gyro.o(.text)
    spi_frame                                0x08005f8f   Thumb Code    72  yaw_gyro.o(.text)
    adis_write                               0x08005fd7   Thumb Code    50  yaw_gyro.o(.text)
    adis_read                                0x08006009   Thumb Code    34  yaw_gyro.o(.text)
    gyro_init                                0x0800602b   Thumb Code    68  yaw_gyro.o(.text)
    gyro_get_vel                             0x0800606f   Thumb Code    40  yaw_gyro.o(.text)
    gyro_cal                                 0x08006097   Thumb Code   116  yaw_gyro.o(.text)
    Abs                                      0x0800610b   Thumb Code    14  yaw_gyro.o(.text)
    gyro_get_off                             0x08006119   Thumb Code    40  yaw_gyro.o(.text)
    gyro_cal_short                           0x08006141   Thumb Code   140  yaw_gyro.o(.text)
    gyro_get_angle                           0x080061cd   Thumb Code    18  yaw_gyro.o(.text)
    gyro_update                              0x080061df   Thumb Code   434  yaw_gyro.o(.text)
    get_angle                                0x08006391   Thumb Code     8  yaw_gyro.o(.text)
    gyro_get_flash                           0x08006399   Thumb Code    16  yaw_gyro.o(.text)
    gyro_get_power                           0x080063a9   Thumb Code    30  yaw_gyro.o(.text)
    gyro_get_adc                             0x080063c7   Thumb Code    30  yaw_gyro.o(.text)
    gyro_get_temp                            0x080063e5   Thumb Code    30  yaw_gyro.o(.text)
    set_angle                                0x08006403   Thumb Code    18  yaw_gyro.o(.text)
    TIM5_Int_Init                            0x08006415   Thumb Code   104  yaw_gyro.o(.text)
    yaw_axis_pid_cal                         0x0800647d   Thumb Code   110  yaw_gyro.o(.text)
    TIM5_IRQHandler                          0x080064eb   Thumb Code   158  yaw_gyro.o(.text)
    ADC1_init                                0x080065e5   Thumb Code   254  adc.o(.text)
    ADC_raw_data                             0x080066e3   Thumb Code    12  adc.o(.text)
    get_5v                                   0x080066ef   Thumb Code    30  adc.o(.text)
    get_mcu_temperature                      0x0800670d   Thumb Code     6  adc.o(.text)
    pneumatic_init                           0x0800672d   Thumb Code    28  pneumatic.o(.text)
    pneumatic_control                        0x08006749   Thumb Code    80  pneumatic.o(.text)
    CAN1_Configuration                       0x080067ad   Thumb Code   262  can1.o(.text)
    CAN1_TX_IRQHandler                       0x080068b3   Thumb Code    22  can1.o(.text)
    CAN1_RX0_IRQHandler                      0x080068c9   Thumb Code    42  can1.o(.text)
    CAN2_Configuration                       0x080068fd   Thumb Code   264  can2.o(.text)
    CAN2_TX_IRQHandler                       0x08006a05   Thumb Code    22  can2.o(.text)
    CAN2_RX0_IRQHandler                      0x08006a1b   Thumb Code    42  can2.o(.text)
    GetEncoderBias                           0x08006a4d   Thumb Code    26  canbusprocess.o(.text)
    EncoderProcess                           0x08006a67   Thumb Code   212  canbusprocess.o(.text)
    CanReceiveMsgProcess_for_chassis         0x08006b3b   Thumb Code   152  canbusprocess.o(.text)
    CanReceiveMsgProcess_for_gimbal          0x08006bd3   Thumb Code    88  canbusprocess.o(.text)
    Set_CM_Speed                             0x08006c2b   Thumb Code    92  canbusprocess.o(.text)
    Set_Gimbal_Current                       0x08006c87   Thumb Code    92  canbusprocess.o(.text)
    Dbus_init                                0x08006d0d   Thumb Code   268  dbus.o(.text)
    DBUS_DataDecoding                        0x08006e19   Thumb Code   296  dbus.o(.text)
    DBUS_CheckPush                           0x08006f41   Thumb Code    26  dbus.o(.text)
    USART1_IRQHandler                        0x08006f5b   Thumb Code    76  dbus.o(.text)
    judging_system_init                      0x08006fcd   Thumb Code   270  judge.o(.text)
    Get_CRC8_Check_Sum                       0x080070db   Thumb Code    30  judge.o(.text)
    Verify_CRC8_Check_Sum                    0x080070f9   Thumb Code    46  judge.o(.text)
    Append_CRC8_Check_Sum                    0x08007127   Thumb Code    36  judge.o(.text)
    Get_CRC16_Check_Sum                      0x0800714b   Thumb Code    46  judge.o(.text)
    Verify_CRC16_Check_Sum                   0x08007179   Thumb Code    60  judge.o(.text)
    Append_CRC16_Check_Sum                   0x080071b5   Thumb Code    44  judge.o(.text)
    Judge_InitConfig                         0x080071e1   Thumb Code    38  judge.o(.text)
    USART3_IRQHandler                        0x08007207   Thumb Code   166  judge.o(.text)
    DataMonitor_Init                         0x080072e5   Thumb Code    90  data_monitor.o(.text)
    DataMonitor_Send                         0x0800733f   Thumb Code    62  data_monitor.o(.text)
    ENCODER_BSP_Init                         0x08007389   Thumb Code   106  driver_encoder.o(.text)
    ENCODER_Init                             0x080073f3   Thumb Code    14  driver_encoder.o(.text)
    ENCODER_Update                           0x08007401   Thumb Code    38  driver_encoder.o(.text)
    GUN_BSP_Init                             0x08007435   Thumb Code   426  driver_gun.o(.text)
    PID_Reset                                0x080075df   Thumb Code    38  driver_gun.o(.text)
    GUN_Init                                 0x08007605   Thumb Code   164  driver_gun.o(.text)
    GUN_ShootOne                             0x080076a9   Thumb Code    14  driver_gun.o(.text)
    GUN_SetMotion                            0x080076b7   Thumb Code   230  driver_gun.o(.text)
    PID_Update                               0x080077d1   Thumb Code   694  driver_gun.o(.text)
    GUN_PokeSpeedControl                     0x08007a87   Thumb Code   134  driver_gun.o(.text)
    GUN_PokeControl                          0x08007b0d   Thumb Code    58  driver_gun.o(.text)
    GUN_SetFree                              0x08007b47   Thumb Code    26  driver_gun.o(.text)
    vsprintf                                 0x08007b75   Thumb Code    32  vsprintf.o(.text)
    __aeabi_memcpy4                          0x08007b99   Thumb Code     0  rt_memcpy_w.o(.text)
    __aeabi_memcpy8                          0x08007b99   Thumb Code     0  rt_memcpy_w.o(.text)
    __rt_memcpy_w                            0x08007b99   Thumb Code   100  rt_memcpy_w.o(.text)
    _memcpy_lastbytes_aligned                0x08007be1   Thumb Code     0  rt_memcpy_w.o(.text)
    __use_two_region_memory                  0x08007bfd   Thumb Code     2  heapauxi.o(.text)
    __rt_heap_escrow$2region                 0x08007bff   Thumb Code     2  heapauxi.o(.text)
    __rt_heap_expand$2region                 0x08007c01   Thumb Code     2  heapauxi.o(.text)
    __read_errno                             0x08007c03   Thumb Code    10  _rserrno.o(.text)
    __set_errno                              0x08007c0d   Thumb Code    12  _rserrno.o(.text)
    _printf_pre_padding                      0x08007c19   Thumb Code    44  _printf_pad.o(.text)
    _printf_post_padding                     0x08007c45   Thumb Code    34  _printf_pad.o(.text)
    _printf_truncate_signed                  0x08007c67   Thumb Code    18  _printf_truncate.o(.text)
    _printf_truncate_unsigned                0x08007c79   Thumb Code    18  _printf_truncate.o(.text)
    _printf_str                              0x08007c8b   Thumb Code    82  _printf_str.o(.text)
    _printf_int_dec                          0x08007cdd   Thumb Code   104  _printf_dec.o(.text)
    _printf_charcount                        0x08007d55   Thumb Code    40  _printf_charcount.o(.text)
    _printf_char_common                      0x08007d87   Thumb Code    32  _printf_char_common.o(.text)
    _sputc                                   0x08007dad   Thumb Code    10  _sputc.o(.text)
    _printf_wctomb                           0x08007db9   Thumb Code   182  _printf_wctomb.o(.text)
    _printf_longlong_dec                     0x08007e75   Thumb Code   108  _printf_longlong_dec.o(.text)
    _printf_longlong_oct                     0x08007ef1   Thumb Code    66  _printf_oct_int_ll.o(.text)
    _printf_int_oct                          0x08007f33   Thumb Code    24  _printf_oct_int_ll.o(.text)
    _printf_ll_oct                           0x08007f4b   Thumb Code    12  _printf_oct_int_ll.o(.text)
    _printf_longlong_hex                     0x08007f61   Thumb Code    86  _printf_hex_int_ll_ptr.o(.text)
    _printf_int_hex                          0x08007fb7   Thumb Code    28  _printf_hex_int_ll_ptr.o(.text)
    _printf_ll_hex                           0x08007fd3   Thumb Code    12  _printf_hex_int_ll_ptr.o(.text)
    _printf_hex_ptr                          0x08007fdf   Thumb Code    18  _printf_hex_int_ll_ptr.o(.text)
    __printf                                 0x08007ff5   Thumb Code   388  __printf_flags_ss_wp.o(.text)
    __aeabi_errno_addr                       0x0800817d   Thumb Code     8  rt_errno_addr_intlibspace.o(.text)
    __errno$intlibspace                      0x0800817d   Thumb Code     0  rt_errno_addr_intlibspace.o(.text)
    __rt_errno_addr$intlibspace              0x0800817d   Thumb Code     0  rt_errno_addr_intlibspace.o(.text)
    _ll_udiv10                               0x08008185   Thumb Code   138  lludiv10.o(.text)
    _printf_int_common                       0x0800820f   Thumb Code   178  _printf_intcommon.o(.text)
    __lib_sel_fp_printf                      0x080082c1   Thumb Code     2  _printf_fp_dec.o(.text)
    _printf_fp_dec_real                      0x0800846f   Thumb Code   620  _printf_fp_dec.o(.text)
    _printf_fp_hex_real                      0x080086dd   Thumb Code   756  _printf_fp_hex.o(.text)
    _printf_cs_common                        0x080089d9   Thumb Code    20  _printf_char.o(.text)
    _printf_char                             0x080089ed   Thumb Code    16  _printf_char.o(.text)
    _printf_string                           0x080089fd   Thumb Code     8  _printf_char.o(.text)
    _printf_lcs_common                       0x08008a05   Thumb Code    20  _printf_wchar.o(.text)
    _printf_wchar                            0x08008a19   Thumb Code    16  _printf_wchar.o(.text)
    _printf_wstring                          0x08008a29   Thumb Code     8  _printf_wchar.o(.text)
    _wcrtomb                                 0x08008a31   Thumb Code    64  _wcrtomb.o(.text)
    __user_libspace                          0x08008a71   Thumb Code     8  libspace.o(.text)
    __user_perproc_libspace                  0x08008a71   Thumb Code     0  libspace.o(.text)
    __user_perthread_libspace                0x08008a71   Thumb Code     0  libspace.o(.text)
    __user_setup_stackheap                   0x08008a79   Thumb Code    74  sys_stackheap_outer.o(.text)
    __rt_ctype_table                         0x08008ac5   Thumb Code    16  rt_ctype_table.o(.text)
    __rt_locale                              0x08008ad5   Thumb Code     8  rt_locale_intlibspace.o(.text)
    _printf_fp_infnan                        0x08008add   Thumb Code   112  _printf_fp_infnan.o(.text)
    _btod_etento                             0x08008b5d   Thumb Code   216  bigflt0.o(.text)
    exit                                     0x08008c39   Thumb Code    18  exit.o(.text)
    strcmp                                   0x08008c4d   Thumb Code   128  strcmpv7m.o(.text)
    _sys_exit                                0x08008ccd   Thumb Code     8  sys_exit.o(.text)
    __I$use$semihosting                      0x08008cd9   Thumb Code     0  use_no_semi.o(.text)
    __use_no_semihosting_swi                 0x08008cd9   Thumb Code     2  use_no_semi.o(.text)
    __semihosting_library_function           0x08008cdb   Thumb Code     0  indicate_semi.o(.text)
    _btod_d2e                                0x08008cdb   Thumb Code    62  btod.o(CL$$btod_d2e)
    _d2e_denorm_low                          0x08008d19   Thumb Code    70  btod.o(CL$$btod_d2e_denorm_low)
    _d2e_norm_op1                            0x08008d5f   Thumb Code    96  btod.o(CL$$btod_d2e_norm_op1)
    __btod_div_common                        0x08008dbf   Thumb Code   696  btod.o(CL$$btod_div_common)
    _e2e                                     0x080090f7   Thumb Code   198  btod.o(CL$$btod_e2e)
    _btod_ediv                               0x080091bd   Thumb Code    40  btod.o(CL$$btod_ediv)
    _btod_emul                               0x080091e5   Thumb Code    40  btod.o(CL$$btod_emul)
    __btod_mult_common                       0x0800920d   Thumb Code   580  btod.o(CL$$btod_mult_common)
    __ARM_fpclassify                         0x08009451   Thumb Code    48  fpclassify.o(i.__ARM_fpclassify)
    __hardfp_cos                             0x08009481   Thumb Code   180  cos.o(i.__hardfp_cos)
    __hardfp_sin                             0x08009549   Thumb Code   180  sin.o(i.__hardfp_sin)
    __ieee754_rem_pio2                       0x08009611   Thumb Code   938  rred.o(i.__ieee754_rem_pio2)
    __kernel_cos                             0x08009a49   Thumb Code   322  cos_i.o(i.__kernel_cos)
    __kernel_poly                            0x08009bb9   Thumb Code   248  poly.o(i.__kernel_poly)
    __kernel_sin                             0x08009cb1   Thumb Code   280  sin_i.o(i.__kernel_sin)
    __mathlib_dbl_infnan                     0x08009de1   Thumb Code    20  dunder.o(i.__mathlib_dbl_infnan)
    __mathlib_dbl_invalid                    0x08009df9   Thumb Code    24  dunder.o(i.__mathlib_dbl_invalid)
    __mathlib_dbl_underflow                  0x08009e19   Thumb Code    24  dunder.o(i.__mathlib_dbl_underflow)
    _is_digit                                0x08009e39   Thumb Code    14  __printf_wp.o(i._is_digit)
    cos                                      0x08009e47   Thumb Code    16  cos.o(i.cos)
    fabs                                     0x08009e57   Thumb Code    24  fabs.o(i.fabs)
    sin                                      0x08009e6f   Thumb Code    16  sin.o(i.sin)
    _get_lc_numeric                          0x08009e81   Thumb Code    44  lc_numeric_c.o(locale$$code)
    _get_lc_ctype                            0x08009ead   Thumb Code    44  lc_ctype_c.o(locale$$code)
    __aeabi_dneg                             0x08009ed9   Thumb Code     0  basic.o(x$fpl$basic)
    _dneg                                    0x08009ed9   Thumb Code     6  basic.o(x$fpl$basic)
    __aeabi_fneg                             0x08009edf   Thumb Code     0  basic.o(x$fpl$basic)
    _fneg                                    0x08009edf   Thumb Code     6  basic.o(x$fpl$basic)
    _dabs                                    0x08009ee5   Thumb Code     6  basic.o(x$fpl$basic)
    _fabs                                    0x08009eeb   Thumb Code     6  basic.o(x$fpl$basic)
    __aeabi_d2f                              0x08009ef1   Thumb Code     0  d2f.o(x$fpl$d2f)
    _d2f                                     0x08009ef1   Thumb Code    98  d2f.o(x$fpl$d2f)
    __aeabi_dadd                             0x08009f55   Thumb Code     0  daddsub_clz.o(x$fpl$dadd)
    _dadd                                    0x08009f55   Thumb Code   332  daddsub_clz.o(x$fpl$dadd)
    __aeabi_ddiv                             0x0800a0a5   Thumb Code     0  ddiv.o(x$fpl$ddiv)
    _ddiv                                    0x0800a0a5   Thumb Code   552  ddiv.o(x$fpl$ddiv)
    __aeabi_d2iz                             0x0800a355   Thumb Code     0  dfix.o(x$fpl$dfix)
    _dfix                                    0x0800a355   Thumb Code    94  dfix.o(x$fpl$dfix)
    __aeabi_i2d                              0x0800a3b3   Thumb Code     0  dflt_clz.o(x$fpl$dflt)
    _dflt                                    0x0800a3b3   Thumb Code    46  dflt_clz.o(x$fpl$dflt)
    __aeabi_ui2d                             0x0800a3e1   Thumb Code     0  dflt_clz.o(x$fpl$dfltu)
    _dfltu                                   0x0800a3e1   Thumb Code    38  dflt_clz.o(x$fpl$dfltu)
    __aeabi_dmul                             0x0800a409   Thumb Code     0  dmul.o(x$fpl$dmul)
    _dmul                                    0x0800a409   Thumb Code   332  dmul.o(x$fpl$dmul)
    __fpl_dnaninf                            0x0800a55d   Thumb Code   156  dnaninf.o(x$fpl$dnaninf)
    __fpl_dretinf                            0x0800a5f9   Thumb Code    12  dretinf.o(x$fpl$dretinf)
    __aeabi_drsub                            0x0800a605   Thumb Code     0  daddsub_clz.o(x$fpl$drsb)
    _drsb                                    0x0800a605   Thumb Code    22  daddsub_clz.o(x$fpl$drsb)
    __aeabi_dsub                             0x0800a61d   Thumb Code     0  daddsub_clz.o(x$fpl$dsub)
    _dsub                                    0x0800a61d   Thumb Code   464  daddsub_clz.o(x$fpl$dsub)
    __aeabi_f2d                              0x0800a7f1   Thumb Code     0  f2d.o(x$fpl$f2d)
    _f2d                                     0x0800a7f1   Thumb Code    86  f2d.o(x$fpl$f2d)
    __fpl_fnaninf                            0x0800a847   Thumb Code   140  fnaninf.o(x$fpl$fnaninf)
    _fp_init                                 0x0800a8d3   Thumb Code    10  fpinit.o(x$fpl$fpinit)
    __fplib_config_fpu_vfp                   0x0800a8db   Thumb Code     0  fpinit.o(x$fpl$fpinit)
    __fplib_config_pureend_doubles           0x0800a8db   Thumb Code     0  fpinit.o(x$fpl$fpinit)
    __fpl_fretinf                            0x0800a8dd   Thumb Code    10  fretinf.o(x$fpl$fretinf)
    _printf_fp_dec                           0x0800a8e7   Thumb Code     4  printf1.o(x$fpl$printf1)
    _printf_fp_hex                           0x0800a8eb   Thumb Code     4  printf2.o(x$fpl$printf2)
    __I$use$fp                               0x0800a8ee   Number         0  usenofp.o(x$fpl$usenofp)
    PA0                                      0x0800a8f0   Data           8  gpio.o(.constdata)
    PA1                                      0x0800a8f8   Data           8  gpio.o(.constdata)
    PA2                                      0x0800a900   Data           8  gpio.o(.constdata)
    PA3                                      0x0800a908   Data           8  gpio.o(.constdata)
    PA4                                      0x0800a910   Data           8  gpio.o(.constdata)
    PA5                                      0x0800a918   Data           8  gpio.o(.constdata)
    PA6                                      0x0800a920   Data           8  gpio.o(.constdata)
    PA7                                      0x0800a928   Data           8  gpio.o(.constdata)
    PA8                                      0x0800a930   Data           8  gpio.o(.constdata)
    PA9                                      0x0800a938   Data           8  gpio.o(.constdata)
    PA10                                     0x0800a940   Data           8  gpio.o(.constdata)
    PA11                                     0x0800a948   Data           8  gpio.o(.constdata)
    PA12                                     0x0800a950   Data           8  gpio.o(.constdata)
    PA13                                     0x0800a958   Data           8  gpio.o(.constdata)
    PA14                                     0x0800a960   Data           8  gpio.o(.constdata)
    PA15                                     0x0800a968   Data           8  gpio.o(.constdata)
    PB0                                      0x0800a970   Data           8  gpio.o(.constdata)
    PB1                                      0x0800a978   Data           8  gpio.o(.constdata)
    PB2                                      0x0800a980   Data           8  gpio.o(.constdata)
    PB3                                      0x0800a988   Data           8  gpio.o(.constdata)
    PB4                                      0x0800a990   Data           8  gpio.o(.constdata)
    PB5                                      0x0800a998   Data           8  gpio.o(.constdata)
    PB6                                      0x0800a9a0   Data           8  gpio.o(.constdata)
    PB7                                      0x0800a9a8   Data           8  gpio.o(.constdata)
    PB8                                      0x0800a9b0   Data           8  gpio.o(.constdata)
    PB9                                      0x0800a9b8   Data           8  gpio.o(.constdata)
    PB10                                     0x0800a9c0   Data           8  gpio.o(.constdata)
    PB11                                     0x0800a9c8   Data           8  gpio.o(.constdata)
    PB12                                     0x0800a9d0   Data           8  gpio.o(.constdata)
    PB13                                     0x0800a9d8   Data           8  gpio.o(.constdata)
    PB14                                     0x0800a9e0   Data           8  gpio.o(.constdata)
    PB15                                     0x0800a9e8   Data           8  gpio.o(.constdata)
    PC0                                      0x0800a9f0   Data           8  gpio.o(.constdata)
    PC1                                      0x0800a9f8   Data           8  gpio.o(.constdata)
    PC2                                      0x0800aa00   Data           8  gpio.o(.constdata)
    PC3                                      0x0800aa08   Data           8  gpio.o(.constdata)
    PC4                                      0x0800aa10   Data           8  gpio.o(.constdata)
    PC5                                      0x0800aa18   Data           8  gpio.o(.constdata)
    PC6                                      0x0800aa20   Data           8  gpio.o(.constdata)
    PC7                                      0x0800aa28   Data           8  gpio.o(.constdata)
    PC8                                      0x0800aa30   Data           8  gpio.o(.constdata)
    PC9                                      0x0800aa38   Data           8  gpio.o(.constdata)
    PC10                                     0x0800aa40   Data           8  gpio.o(.constdata)
    PC11                                     0x0800aa48   Data           8  gpio.o(.constdata)
    PC12                                     0x0800aa50   Data           8  gpio.o(.constdata)
    PC13                                     0x0800aa58   Data           8  gpio.o(.constdata)
    PC14                                     0x0800aa60   Data           8  gpio.o(.constdata)
    PC15                                     0x0800aa68   Data           8  gpio.o(.constdata)
    PD0                                      0x0800aa70   Data           8  gpio.o(.constdata)
    PD1                                      0x0800aa78   Data           8  gpio.o(.constdata)
    PD2                                      0x0800aa80   Data           8  gpio.o(.constdata)
    PD3                                      0x0800aa88   Data           8  gpio.o(.constdata)
    PD4                                      0x0800aa90   Data           8  gpio.o(.constdata)
    PD5                                      0x0800aa98   Data           8  gpio.o(.constdata)
    PD6                                      0x0800aaa0   Data           8  gpio.o(.constdata)
    PD7                                      0x0800aaa8   Data           8  gpio.o(.constdata)
    PD8                                      0x0800aab0   Data           8  gpio.o(.constdata)
    PD9                                      0x0800aab8   Data           8  gpio.o(.constdata)
    PD10                                     0x0800aac0   Data           8  gpio.o(.constdata)
    PD11                                     0x0800aac8   Data           8  gpio.o(.constdata)
    PD12                                     0x0800aad0   Data           8  gpio.o(.constdata)
    PD13                                     0x0800aad8   Data           8  gpio.o(.constdata)
    PD14                                     0x0800aae0   Data           8  gpio.o(.constdata)
    PD15                                     0x0800aae8   Data           8  gpio.o(.constdata)
    PE0                                      0x0800aaf0   Data           8  gpio.o(.constdata)
    PE1                                      0x0800aaf8   Data           8  gpio.o(.constdata)
    PE2                                      0x0800ab00   Data           8  gpio.o(.constdata)
    PE3                                      0x0800ab08   Data           8  gpio.o(.constdata)
    PE4                                      0x0800ab10   Data           8  gpio.o(.constdata)
    PE5                                      0x0800ab18   Data           8  gpio.o(.constdata)
    PE6                                      0x0800ab20   Data           8  gpio.o(.constdata)
    PE7                                      0x0800ab28   Data           8  gpio.o(.constdata)
    PE8                                      0x0800ab30   Data           8  gpio.o(.constdata)
    PE9                                      0x0800ab38   Data           8  gpio.o(.constdata)
    PE10                                     0x0800ab40   Data           8  gpio.o(.constdata)
    PE11                                     0x0800ab48   Data           8  gpio.o(.constdata)
    PE12                                     0x0800ab50   Data           8  gpio.o(.constdata)
    PE13                                     0x0800ab58   Data           8  gpio.o(.constdata)
    PE14                                     0x0800ab60   Data           8  gpio.o(.constdata)
    PE15                                     0x0800ab68   Data           8  gpio.o(.constdata)
    PF0                                      0x0800ab70   Data           8  gpio.o(.constdata)
    PF1                                      0x0800ab78   Data           8  gpio.o(.constdata)
    PF2                                      0x0800ab80   Data           8  gpio.o(.constdata)
    PF3                                      0x0800ab88   Data           8  gpio.o(.constdata)
    PF4                                      0x0800ab90   Data           8  gpio.o(.constdata)
    PF5                                      0x0800ab98   Data           8  gpio.o(.constdata)
    PF6                                      0x0800aba0   Data           8  gpio.o(.constdata)
    PF7                                      0x0800aba8   Data           8  gpio.o(.constdata)
    PF8                                      0x0800abb0   Data           8  gpio.o(.constdata)
    PF9                                      0x0800abb8   Data           8  gpio.o(.constdata)
    PF10                                     0x0800abc0   Data           8  gpio.o(.constdata)
    PF11                                     0x0800abc8   Data           8  gpio.o(.constdata)
    PF12                                     0x0800abd0   Data           8  gpio.o(.constdata)
    PF13                                     0x0800abd8   Data           8  gpio.o(.constdata)
    PF14                                     0x0800abe0   Data           8  gpio.o(.constdata)
    PF15                                     0x0800abe8   Data           8  gpio.o(.constdata)
    PG0                                      0x0800abf0   Data           8  gpio.o(.constdata)
    PG1                                      0x0800abf8   Data           8  gpio.o(.constdata)
    PG2                                      0x0800ac00   Data           8  gpio.o(.constdata)
    PG3                                      0x0800ac08   Data           8  gpio.o(.constdata)
    PG4                                      0x0800ac10   Data           8  gpio.o(.constdata)
    PG5                                      0x0800ac18   Data           8  gpio.o(.constdata)
    PG6                                      0x0800ac20   Data           8  gpio.o(.constdata)
    PG7                                      0x0800ac28   Data           8  gpio.o(.constdata)
    PG8                                      0x0800ac30   Data           8  gpio.o(.constdata)
    PG9                                      0x0800ac38   Data           8  gpio.o(.constdata)
    PG10                                     0x0800ac40   Data           8  gpio.o(.constdata)
    PG11                                     0x0800ac48   Data           8  gpio.o(.constdata)
    PG12                                     0x0800ac50   Data           8  gpio.o(.constdata)
    PG13                                     0x0800ac58   Data           8  gpio.o(.constdata)
    PG14                                     0x0800ac60   Data           8  gpio.o(.constdata)
    PG15                                     0x0800ac68   Data           8  gpio.o(.constdata)
    CRC8_INIT                                0x0800ac70   Data           1  judge.o(.constdata)
    CRC8_TAB                                 0x0800ac71   Data         256  judge.o(.constdata)
    wCRC_Table                               0x0800ad72   Data         512  judge.o(.constdata)
    Region$$Table$$Base                      0x0800b194   Number         0  anon$$obj.o(Region$$Table)
    Region$$Table$$Limit                     0x0800b1b4   Number         0  anon$$obj.o(Region$$Table)
    __ctype                                  0x0800b1dd   Data           0  lc_ctype_c.o(locale$$data)
    ticks_msimg                              0x20001000   Data           4  main.o(.data)
    debug                                    0x20001004   Data           4  main.o(.data)
    target_angle                             0x20001008   Data           4  main.o(.data)
    current_angle                            0x2000100c   Data           4  main.o(.data)
    last_angle                               0x20001010   Data           4  main.o(.data)
    result                                   0x20001014   Data           8  main.o(.data)
    buffer_remain                            0x2000101c   Data           4  main.o(.data)
    init_yaw_pos                             0x20001020   Data           4  main.o(.data)
    init_pitch_pos                           0x20001024   Data           4  main.o(.data)
    buff_yaw_pos                             0x20001028   Data           6  main.o(.data)
    buff_pitch_pos                           0x2000102e   Data           6  main.o(.data)
    SystemCoreClock                          0x20001034   Data           4  system_stm32f4xx.o(.data)
    AHBPrescTable                            0x20001038   Data          16  system_stm32f4xx.o(.data)
    curr_bg_color                            0x2000308e   Data           2  1.8 tft_display.o(.data)
    curr_text_color                          0x20003090   Data           2  1.8 tft_display.o(.data)
    curr_text_color_sp                       0x20003092   Data           2  1.8 tft_display.o(.data)
    tft_orientation                          0x20003094   Data           1  1.8 tft_display.o(.data)
    tft_enabled                              0x20003095   Data           1  1.8 tft_display.o(.data)
    print_pos                                0x20003096   Data           2  1.8 tft_display.o(.data)
    curr_ang_vel                             0x20004098   Data           2  yaw_gyro.o(.data)
    prev_ang_vel                             0x2000409a   Data           2  yaw_gyro.o(.data)
    gyro_angle                               0x2000409c   Data           4  yaw_gyro.o(.data)
    curr_real_angle                          0x200040a0   Data           2  yaw_gyro.o(.data)
    prev_real_angle                          0x200040a2   Data           2  yaw_gyro.o(.data)
    gyro_cal_result                          0x200040a4   Data           2  yaw_gyro.o(.data)
    gyro_state                               0x200040a6   Data           1  yaw_gyro.o(.data)
    sim1_angle                               0x200040a8   Data           4  yaw_gyro.o(.data)
    sim2_angle                               0x200040ac   Data           4  yaw_gyro.o(.data)
    sim_factor                               0x200040b0   Data           1  yaw_gyro.o(.data)
    sim_before                               0x200040b4   Data           4  yaw_gyro.o(.data)
    sim_now                                  0x200040b8   Data           4  yaw_gyro.o(.data)
    sim_angle                                0x200040bc   Data           4  yaw_gyro.o(.data)
    real_angle                               0x200040c0   Data           2  yaw_gyro.o(.data)
    sim_angle_off                            0x200040c2   Data           2  yaw_gyro.o(.data)
    yaw_Kp                                   0x200040c4   Data           4  yaw_gyro.o(.data)
    yaw_Ki                                   0x200040c8   Data           4  yaw_gyro.o(.data)
    yaw_Kd                                   0x200040cc   Data           4  yaw_gyro.o(.data)
    yaw_temp_derivative                      0x200040d0   Data           4  yaw_gyro.o(.data)
    yaw_temp_integral                        0x200040d4   Data           4  yaw_gyro.o(.data)
    yaw_pre_error                            0x200040d8   Data           4  yaw_gyro.o(.data)
    yaw_pid_output_angle                     0x200040dc   Data           4  yaw_gyro.o(.data)
    angle_updated                            0x200040e0   Data           4  yaw_gyro.o(.data)
    old_yaw                                  0x200040e4   Data           4  yaw_gyro.o(.data)
    yaw_turn_time                            0x200040e8   Data           2  yaw_gyro.o(.data)
    output_angle                             0x200040ec   Data           4  yaw_gyro.o(.data)
    connected_timer                          0x200040f4   Data           1  dbus.o(.data)
    UARTtemp                                 0x200040f5   Data           1  dbus.o(.data)
    CRC_INIT                                 0x200050f8   Data           2  judge.o(.data)
    UARTtemp1                                0x200050fa   Data           1  judge.o(.data)
    FT                                       0x200050fc   Data           4  judge.o(.data)
    ENCODER_Data                             0x20005100   Data           4  driver_encoder.o(.data)
    wheels_pos_pid                           0x20005110   Data         176  main.o(.bss)
    wheels_speed_pid                         0x200051c0   Data         176  main.o(.bss)
    angle_pid                                0x20005270   Data          44  main.o(.bss)
    buffer_pid                               0x2000529c   Data          44  main.o(.bss)
    gimbal_speed_pid                         0x200052c8   Data          88  main.o(.bss)
    gimbal_pos_pid                           0x20005320   Data          88  main.o(.bss)
    gimbal_reset_pid                         0x20005378   Data          44  main.o(.bss)
    str                                      0x200053a4   Data         256  main.o(.bss)
    text                                     0x200054a4   Data         240  1.8 tft_display.o(.bss)
    text_prev                                0x20005594   Data         240  1.8 tft_display.o(.bss)
    text_color                               0x20005684   Data         480  1.8 tft_display.o(.bss)
    text_color_prev                          0x20005864   Data         480  1.8 tft_display.o(.bss)
    bg_color                                 0x20005a44   Data         480  1.8 tft_display.o(.bss)
    bg_color_prev                            0x20005c24   Data         480  1.8 tft_display.o(.bss)
    text_bg_color_prev                       0x20005e04   Data         240  1.8 tft_display.o(.bss)
    ADC1_level                               0x20005ef4   Data          34  adc.o(.bss)
    CM1Encoder                               0x20005f18   Data          64  canbusprocess.o(.bss)
    CM2Encoder                               0x20005f58   Data          64  canbusprocess.o(.bss)
    CM3Encoder                               0x20005f98   Data          64  canbusprocess.o(.bss)
    CM4Encoder                               0x20005fd8   Data          64  canbusprocess.o(.bss)
    GMYawEncoder                             0x20006018   Data          64  canbusprocess.o(.bss)
    GMPitchEncoder                           0x20006058   Data          64  canbusprocess.o(.bss)
    GMxEncoder                               0x20006098   Data          64  canbusprocess.o(.bss)
    DBUS_ReceiveData                         0x200060d8   Data          32  dbus.o(.bss)
    LASTDBUS_ReceiveData                     0x200060f8   Data          32  dbus.o(.bss)
    DBUSBuffer                               0x20006118   Data          19  dbus.o(.bss)
    InfantryJudge                            0x2000612c   Data          16  judge.o(.bss)
    JudgeDataBuffer                          0x2000613c   Data         150  judge.o(.bss)
    GUN_Data                                 0x20006210   Data          16  driver_gun.o(.bss)
    __libspace_start                         0x200062c0   Data          96  libspace.o(.bss)
    __temporary_stack_top$libspace           0x20006320   Data           0  libspace.o(.bss)



==============================================================================

Memory Map of the image

  Image Entry point : 0x08000189

  Load Region LR_IROM1 (Base: 0x08000000, Size: 0x000103f0, Max: 0x00100000, ABSOLUTE, COMPRESSED[0x0000baa0])

    Execution Region ER_IROM1 (Base: 0x08000000, Size: 0x0000b2e0, Max: 0x00100000, ABSOLUTE)

    Base Addr    Size         Type   Attr      Idx    E Section Name        Object

    0x08000000   0x00000188   Data   RO          522    RESET               startup_stm32f40_41xxx.o
    0x08000188   0x00000008   Code   RO         1504  * !!!main             c_w.l(__main.o)
    0x08000190   0x00000034   Code   RO         1930    !!!scatter          c_w.l(__scatter.o)
    0x080001c4   0x00000064   Code   RO         1928    !!dclz77c           c_w.l(__dclz77c.o)
    0x08000228   0x0000001c   Code   RO         1932    !!handler_zi        c_w.l(__scatter_zi.o)
    0x08000244   0x00000000   Code   RO         1646    .ARM.Collect$$_printf_percent$$00000000  c_w.l(_printf_percent.o)
    0x08000244   0x00000006   Code   RO         1635    .ARM.Collect$$_printf_percent$$00000001  c_w.l(_printf_n.o)
    0x0800024a   0x00000006   Code   RO         1637    .ARM.Collect$$_printf_percent$$00000002  c_w.l(_printf_p.o)
    0x08000250   0x00000006   Code   RO         1642    .ARM.Collect$$_printf_percent$$00000003  c_w.l(_printf_f.o)
    0x08000256   0x00000006   Code   RO         1643    .ARM.Collect$$_printf_percent$$00000004  c_w.l(_printf_e.o)
    0x0800025c   0x00000006   Code   RO         1644    .ARM.Collect$$_printf_percent$$00000005  c_w.l(_printf_g.o)
    0x08000262   0x00000006   Code   RO         1645    .ARM.Collect$$_printf_percent$$00000006  c_w.l(_printf_a.o)
    0x08000268   0x0000000a   Code   RO         1650    .ARM.Collect$$_printf_percent$$00000007  c_w.l(_printf_ll.o)
    0x08000272   0x00000006   Code   RO         1639    .ARM.Collect$$_printf_percent$$00000008  c_w.l(_printf_i.o)
    0x08000278   0x00000006   Code   RO         1640    .ARM.Collect$$_printf_percent$$00000009  c_w.l(_printf_d.o)
    0x0800027e   0x00000006   Code   RO         1641    .ARM.Collect$$_printf_percent$$0000000A  c_w.l(_printf_u.o)
    0x08000284   0x00000006   Code   RO         1638    .ARM.Collect$$_printf_percent$$0000000B  c_w.l(_printf_o.o)
    0x0800028a   0x00000006   Code   RO         1636    .ARM.Collect$$_printf_percent$$0000000C  c_w.l(_printf_x.o)
    0x08000290   0x00000006   Code   RO         1647    .ARM.Collect$$_printf_percent$$0000000D  c_w.l(_printf_lli.o)
    0x08000296   0x00000006   Code   RO         1648    .ARM.Collect$$_printf_percent$$0000000E  c_w.l(_printf_lld.o)
    0x0800029c   0x00000006   Code   RO         1649    .ARM.Collect$$_printf_percent$$0000000F  c_w.l(_printf_llu.o)
    0x080002a2   0x00000006   Code   RO         1654    .ARM.Collect$$_printf_percent$$00000010  c_w.l(_printf_llo.o)
    0x080002a8   0x00000006   Code   RO         1655    .ARM.Collect$$_printf_percent$$00000011  c_w.l(_printf_llx.o)
    0x080002ae   0x0000000a   Code   RO         1651    .ARM.Collect$$_printf_percent$$00000012  c_w.l(_printf_l.o)
    0x080002b8   0x00000006   Code   RO         1633    .ARM.Collect$$_printf_percent$$00000013  c_w.l(_printf_c.o)
    0x080002be   0x00000006   Code   RO         1634    .ARM.Collect$$_printf_percent$$00000014  c_w.l(_printf_s.o)
    0x080002c4   0x00000006   Code   RO         1652    .ARM.Collect$$_printf_percent$$00000015  c_w.l(_printf_lc.o)
    0x080002ca   0x00000006   Code   RO         1653    .ARM.Collect$$_printf_percent$$00000016  c_w.l(_printf_ls.o)
    0x080002d0   0x00000004   Code   RO         1738    .ARM.Collect$$_printf_percent$$00000017  c_w.l(_printf_percent_end.o)
    0x080002d4   0x00000002   Code   RO         1794    .ARM.Collect$$libinit$$00000000  c_w.l(libinit.o)
    0x080002d6   0x00000004   Code   RO         1804    .ARM.Collect$$libinit$$00000001  c_w.l(libinit2.o)
    0x080002da   0x00000000   Code   RO         1807    .ARM.Collect$$libinit$$00000004  c_w.l(libinit2.o)
    0x080002da   0x00000000   Code   RO         1810    .ARM.Collect$$libinit$$0000000A  c_w.l(libinit2.o)
    0x080002da   0x00000000   Code   RO         1812    .ARM.Collect$$libinit$$0000000C  c_w.l(libinit2.o)
    0x080002da   0x00000000   Code   RO         1814    .ARM.Collect$$libinit$$0000000E  c_w.l(libinit2.o)
    0x080002da   0x00000006   Code   RO         1815    .ARM.Collect$$libinit$$0000000F  c_w.l(libinit2.o)
    0x080002e0   0x00000000   Code   RO         1817    .ARM.Collect$$libinit$$00000011  c_w.l(libinit2.o)
    0x080002e0   0x0000000c   Code   RO         1818    .ARM.Collect$$libinit$$00000012  c_w.l(libinit2.o)
    0x080002ec   0x00000000   Code   RO         1819    .ARM.Collect$$libinit$$00000013  c_w.l(libinit2.o)
    0x080002ec   0x00000000   Code   RO         1821    .ARM.Collect$$libinit$$00000015  c_w.l(libinit2.o)
    0x080002ec   0x0000000a   Code   RO         1822    .ARM.Collect$$libinit$$00000016  c_w.l(libinit2.o)
    0x080002f6   0x00000000   Code   RO         1823    .ARM.Collect$$libinit$$00000017  c_w.l(libinit2.o)
    0x080002f6   0x00000000   Code   RO         1825    .ARM.Collect$$libinit$$00000019  c_w.l(libinit2.o)
    0x080002f6   0x00000000   Code   RO         1827    .ARM.Collect$$libinit$$0000001B  c_w.l(libinit2.o)
    0x080002f6   0x00000000   Code   RO         1829    .ARM.Collect$$libinit$$0000001D  c_w.l(libinit2.o)
    0x080002f6   0x00000000   Code   RO         1831    .ARM.Collect$$libinit$$0000001F  c_w.l(libinit2.o)
    0x080002f6   0x00000000   Code   RO         1833    .ARM.Collect$$libinit$$00000021  c_w.l(libinit2.o)
    0x080002f6   0x00000000   Code   RO         1835    .ARM.Collect$$libinit$$00000023  c_w.l(libinit2.o)
    0x080002f6   0x00000000   Code   RO         1837    .ARM.Collect$$libinit$$00000025  c_w.l(libinit2.o)
    0x080002f6   0x00000000   Code   RO         1841    .ARM.Collect$$libinit$$0000002C  c_w.l(libinit2.o)
    0x080002f6   0x00000000   Code   RO         1843    .ARM.Collect$$libinit$$0000002E  c_w.l(libinit2.o)
    0x080002f6   0x00000000   Code   RO         1845    .ARM.Collect$$libinit$$00000030  c_w.l(libinit2.o)
    0x080002f6   0x00000000   Code   RO         1847    .ARM.Collect$$libinit$$00000032  c_w.l(libinit2.o)
    0x080002f6   0x00000002   Code   RO         1848    .ARM.Collect$$libinit$$00000033  c_w.l(libinit2.o)
    0x080002f8   0x00000002   Code   RO         1868    .ARM.Collect$$libshutdown$$00000000  c_w.l(libshutdown.o)
    0x080002fa   0x00000000   Code   RO         1881    .ARM.Collect$$libshutdown$$00000002  c_w.l(libshutdown2.o)
    0x080002fa   0x00000000   Code   RO         1883    .ARM.Collect$$libshutdown$$00000004  c_w.l(libshutdown2.o)
    0x080002fa   0x00000000   Code   RO         1886    .ARM.Collect$$libshutdown$$00000007  c_w.l(libshutdown2.o)
    0x080002fa   0x00000000   Code   RO         1889    .ARM.Collect$$libshutdown$$0000000A  c_w.l(libshutdown2.o)
    0x080002fa   0x00000000   Code   RO         1891    .ARM.Collect$$libshutdown$$0000000C  c_w.l(libshutdown2.o)
    0x080002fa   0x00000000   Code   RO         1894    .ARM.Collect$$libshutdown$$0000000F  c_w.l(libshutdown2.o)
    0x080002fa   0x00000002   Code   RO         1895    .ARM.Collect$$libshutdown$$00000010  c_w.l(libshutdown2.o)
    0x080002fc   0x00000000   Code   RO         1562    .ARM.Collect$$rtentry$$00000000  c_w.l(__rtentry.o)
    0x080002fc   0x00000000   Code   RO         1704    .ARM.Collect$$rtentry$$00000002  c_w.l(__rtentry2.o)
    0x080002fc   0x00000006   Code   RO         1716    .ARM.Collect$$rtentry$$00000004  c_w.l(__rtentry4.o)
    0x08000302   0x00000000   Code   RO         1706    .ARM.Collect$$rtentry$$00000009  c_w.l(__rtentry2.o)
    0x08000302   0x00000004   Code   RO         1707    .ARM.Collect$$rtentry$$0000000A  c_w.l(__rtentry2.o)
    0x08000306   0x00000000   Code   RO         1709    .ARM.Collect$$rtentry$$0000000C  c_w.l(__rtentry2.o)
    0x08000306   0x00000008   Code   RO         1710    .ARM.Collect$$rtentry$$0000000D  c_w.l(__rtentry2.o)
    0x0800030e   0x00000002   Code   RO         1797    .ARM.Collect$$rtexit$$00000000  c_w.l(rtexit.o)
    0x08000310   0x00000000   Code   RO         1850    .ARM.Collect$$rtexit$$00000002  c_w.l(rtexit2.o)
    0x08000310   0x00000004   Code   RO         1851    .ARM.Collect$$rtexit$$00000003  c_w.l(rtexit2.o)
    0x08000314   0x00000006   Code   RO         1852    .ARM.Collect$$rtexit$$00000004  c_w.l(rtexit2.o)
    0x0800031a   0x00000024   Code   RO            4    .text               stm32f4xx_it.o
    0x0800033e   0x00000002   PAD
    0x08000340   0x0000024c   Code   RO          151    .text               main.o
    0x0800058c   0x00000210   Code   RO          286    .text               system_stm32f4xx.o
    0x0800079c   0x00000514   Code   RO          316    .text               external_control.o
    0x08000cb0   0x000004d2   Code   RO          404    .text               gimbal_control.o
    0x08001182   0x00000002   PAD
    0x08001184   0x0000049e   Code   RO          427    .text               pid_s.o
    0x08001622   0x00000002   PAD
    0x08001624   0x000003cc   Code   RO          471    .text               chassis_control.o
    0x080019f0   0x00000066   Code   RO          497    .text               customized_function.o
    0x08001a56   0x00000002   PAD
    0x08001a58   0x00000040   Code   RO          523    .text               startup_stm32f40_41xxx.o
    0x08001a98   0x000000e0   Code   RO          530    .text               misc.o
    0x08001b78   0x00000464   Code   RO          554    .text               stm32f4xx_adc.o
    0x08001fdc   0x000009f0   Code   RO          578    .text               stm32f4xx_can.o
    0x080029cc   0x000003a8   Code   RO          626    .text               stm32f4xx_dma.o
    0x08002d74   0x00000294   Code   RO          674    .text               stm32f4xx_gpio.o
    0x08003008   0x00000480   Code   RO          722    .text               stm32f4xx_spi.o
    0x08003488   0x00000ca2   Code   RO          770    .text               stm32f4xx_tim.o
    0x0800412a   0x00000002   PAD
    0x0800412c   0x00000454   Code   RO          794    .text               stm32f4xx_usart.o
    0x08004580   0x0000065c   Code   RO          818    .text               stm32f4xx_rcc.o
    0x08004bdc   0x000002bc   Code   RO          874    .text               gpio.o
    0x08004e98   0x000000cc   Code   RO          904    .text               ticks.o
    0x08004f64   0x00000064   Code   RO         1013    .text               led.o
    0x08004fc8   0x00000e7c   Code   RO         1066    .text               1.8 tft_display.o
    0x08005e44   0x000007a0   Code   RO         1138    .text               yaw_gyro.o
    0x080065e4   0x00000148   Code   RO         1173    .text               adc.o
    0x0800672c   0x00000080   Code   RO         1231    .text               pneumatic.o
    0x080067ac   0x00000150   Code   RO         1255    .text               can1.o
    0x080068fc   0x00000150   Code   RO         1283    .text               can2.o
    0x08006a4c   0x000002c0   Code   RO         1310    .text               canbusprocess.o
    0x08006d0c   0x000002c0   Code   RO         1345    .text               dbus.o
    0x08006fcc   0x00000318   Code   RO         1376    .text               judge.o
    0x080072e4   0x000000a4   Code   RO         1408    .text               data_monitor.o
    0x08007388   0x000000ac   Code   RO         1434    .text               driver_encoder.o
    0x08007434   0x00000740   Code   RO         1464    .text               driver_gun.o
    0x08007b74   0x00000024   Code   RO         1498    .text               c_w.l(vsprintf.o)
    0x08007b98   0x00000064   Code   RO         1500    .text               c_w.l(rt_memcpy_w.o)
    0x08007bfc   0x00000006   Code   RO         1502    .text               c_w.l(heapauxi.o)
    0x08007c02   0x00000016   Code   RO         1563    .text               c_w.l(_rserrno.o)
    0x08007c18   0x0000004e   Code   RO         1567    .text               c_w.l(_printf_pad.o)
    0x08007c66   0x00000024   Code   RO         1569    .text               c_w.l(_printf_truncate.o)
    0x08007c8a   0x00000052   Code   RO         1571    .text               c_w.l(_printf_str.o)
    0x08007cdc   0x00000078   Code   RO         1573    .text               c_w.l(_printf_dec.o)
    0x08007d54   0x00000028   Code   RO         1575    .text               c_w.l(_printf_charcount.o)
    0x08007d7c   0x00000030   Code   RO         1577    .text               c_w.l(_printf_char_common.o)
    0x08007dac   0x0000000a   Code   RO         1579    .text               c_w.l(_sputc.o)
    0x08007db6   0x00000002   PAD
    0x08007db8   0x000000bc   Code   RO         1581    .text               c_w.l(_printf_wctomb.o)
    0x08007e74   0x0000007c   Code   RO         1584    .text               c_w.l(_printf_longlong_dec.o)
    0x08007ef0   0x00000070   Code   RO         1590    .text               c_w.l(_printf_oct_int_ll.o)
    0x08007f60   0x00000094   Code   RO         1610    .text               c_w.l(_printf_hex_int_ll_ptr.o)
    0x08007ff4   0x00000188   Code   RO         1630    .text               c_w.l(__printf_flags_ss_wp.o)
    0x0800817c   0x00000008   Code   RO         1721    .text               c_w.l(rt_errno_addr_intlibspace.o)
    0x08008184   0x0000008a   Code   RO         1723    .text               c_w.l(lludiv10.o)
    0x0800820e   0x000000b2   Code   RO         1725    .text               c_w.l(_printf_intcommon.o)
    0x080082c0   0x0000041a   Code   RO         1727    .text               c_w.l(_printf_fp_dec.o)
    0x080086da   0x00000002   PAD
    0x080086dc   0x000002fc   Code   RO         1729    .text               c_w.l(_printf_fp_hex.o)
    0x080089d8   0x0000002c   Code   RO         1734    .text               c_w.l(_printf_char.o)
    0x08008a04   0x0000002c   Code   RO         1736    .text               c_w.l(_printf_wchar.o)
    0x08008a30   0x00000040   Code   RO         1739    .text               c_w.l(_wcrtomb.o)
    0x08008a70   0x00000008   Code   RO         1745    .text               c_w.l(libspace.o)
    0x08008a78   0x0000004a   Code   RO         1748    .text               c_w.l(sys_stackheap_outer.o)
    0x08008ac2   0x00000002   PAD
    0x08008ac4   0x00000010   Code   RO         1750    .text               c_w.l(rt_ctype_table.o)
    0x08008ad4   0x00000008   Code   RO         1755    .text               c_w.l(rt_locale_intlibspace.o)
    0x08008adc   0x00000080   Code   RO         1757    .text               c_w.l(_printf_fp_infnan.o)
    0x08008b5c   0x000000dc   Code   RO         1759    .text               c_w.l(bigflt0.o)
    0x08008c38   0x00000012   Code   RO         1787    .text               c_w.l(exit.o)
    0x08008c4a   0x00000002   PAD
    0x08008c4c   0x00000080   Code   RO         1802    .text               c_w.l(strcmpv7m.o)
    0x08008ccc   0x0000000c   Code   RO         1860    .text               c_w.l(sys_exit.o)
    0x08008cd8   0x00000002   Code   RO         1871    .text               c_w.l(use_no_semi.o)
    0x08008cda   0x00000000   Code   RO         1873    .text               c_w.l(indicate_semi.o)
    0x08008cda   0x0000003e   Code   RO         1762    CL$$btod_d2e        c_w.l(btod.o)
    0x08008d18   0x00000046   Code   RO         1764    CL$$btod_d2e_denorm_low  c_w.l(btod.o)
    0x08008d5e   0x00000060   Code   RO         1763    CL$$btod_d2e_norm_op1  c_w.l(btod.o)
    0x08008dbe   0x00000338   Code   RO         1772    CL$$btod_div_common  c_w.l(btod.o)
    0x080090f6   0x000000c6   Code   RO         1769    CL$$btod_e2e        c_w.l(btod.o)
    0x080091bc   0x00000028   Code   RO         1766    CL$$btod_ediv       c_w.l(btod.o)
    0x080091e4   0x00000028   Code   RO         1765    CL$$btod_emul       c_w.l(btod.o)
    0x0800920c   0x00000244   Code   RO         1771    CL$$btod_mult_common  c_w.l(btod.o)
    0x08009450   0x00000030   Code   RO         1741    i.__ARM_fpclassify  m_wm.l(fpclassify.o)
    0x08009480   0x000000c8   Code   RO         1532    i.__hardfp_cos      m_wm.l(cos.o)
    0x08009548   0x000000c8   Code   RO         1550    i.__hardfp_sin      m_wm.l(sin.o)
    0x08009610   0x00000438   Code   RO         1692    i.__ieee754_rem_pio2  m_wm.l(rred.o)
    0x08009a48   0x00000170   Code   RO         1675    i.__kernel_cos      m_wm.l(cos_i.o)
    0x08009bb8   0x000000f8   Code   RO         1743    i.__kernel_poly     m_wm.l(poly.o)
    0x08009cb0   0x00000130   Code   RO         1697    i.__kernel_sin      m_wm.l(sin_i.o)
    0x08009de0   0x00000014   Code   RO         1679    i.__mathlib_dbl_infnan  m_wm.l(dunder.o)
    0x08009df4   0x00000004   PAD
    0x08009df8   0x00000020   Code   RO         1681    i.__mathlib_dbl_invalid  m_wm.l(dunder.o)
    0x08009e18   0x00000020   Code   RO         1684    i.__mathlib_dbl_underflow  m_wm.l(dunder.o)
    0x08009e38   0x0000000e   Code   RO         1623    i._is_digit         c_w.l(__printf_wp.o)
    0x08009e46   0x00000010   Code   RO         1534    i.cos               m_wm.l(cos.o)
    0x08009e56   0x00000018   Code   RO         1546    i.fabs              m_wm.l(fabs.o)
    0x08009e6e   0x00000010   Code   RO         1552    i.sin               m_wm.l(sin.o)
    0x08009e7e   0x00000002   PAD
    0x08009e80   0x0000002c   Code   RO         1785    locale$$code        c_w.l(lc_numeric_c.o)
    0x08009eac   0x0000002c   Code   RO         1800    locale$$code        c_w.l(lc_ctype_c.o)
    0x08009ed8   0x00000018   Code   RO         1656    x$fpl$basic         fz_wm.l(basic.o)
    0x08009ef0   0x00000062   Code   RO         1506    x$fpl$d2f           fz_wm.l(d2f.o)
    0x08009f52   0x00000002   PAD
    0x08009f54   0x00000150   Code   RO         1508    x$fpl$dadd          fz_wm.l(daddsub_clz.o)
    0x0800a0a4   0x000002b0   Code   RO         1515    x$fpl$ddiv          fz_wm.l(ddiv.o)
    0x0800a354   0x0000005e   Code   RO         1518    x$fpl$dfix          fz_wm.l(dfix.o)
    0x0800a3b2   0x0000002e   Code   RO         1523    x$fpl$dflt          fz_wm.l(dflt_clz.o)
    0x0800a3e0   0x00000026   Code   RO         1522    x$fpl$dfltu         fz_wm.l(dflt_clz.o)
    0x0800a406   0x00000002   PAD
    0x0800a408   0x00000154   Code   RO         1528    x$fpl$dmul          fz_wm.l(dmul.o)
    0x0800a55c   0x0000009c   Code   RO         1658    x$fpl$dnaninf       fz_wm.l(dnaninf.o)
    0x0800a5f8   0x0000000c   Code   RO         1660    x$fpl$dretinf       fz_wm.l(dretinf.o)
    0x0800a604   0x00000016   Code   RO         1509    x$fpl$drsb          fz_wm.l(daddsub_clz.o)
    0x0800a61a   0x00000002   PAD
    0x0800a61c   0x000001d4   Code   RO         1510    x$fpl$dsub          fz_wm.l(daddsub_clz.o)
    0x0800a7f0   0x00000056   Code   RO         1530    x$fpl$f2d           fz_wm.l(f2d.o)
    0x0800a846   0x0000008c   Code   RO         1662    x$fpl$fnaninf       fz_wm.l(fnaninf.o)
    0x0800a8d2   0x0000000a   Code   RO         1858    x$fpl$fpinit        fz_wm.l(fpinit.o)
    0x0800a8dc   0x0000000a   Code   RO         1664    x$fpl$fretinf       fz_wm.l(fretinf.o)
    0x0800a8e6   0x00000004   Code   RO         1666    x$fpl$printf1       fz_wm.l(printf1.o)
    0x0800a8ea   0x00000004   Code   RO         1668    x$fpl$printf2       fz_wm.l(printf2.o)
    0x0800a8ee   0x00000000   Code   RO         1674    x$fpl$usenofp       fz_wm.l(usenofp.o)
    0x0800a8ee   0x00000002   PAD
    0x0800a8f0   0x00000380   Data   RO          875    .constdata          gpio.o
    0x0800ac70   0x00000302   Data   RO         1378    .constdata          judge.o
    0x0800af72   0x00000002   PAD
    0x0800af74   0x00000008   Data   RO         1582    .constdata          c_w.l(_printf_wctomb.o)
    0x0800af7c   0x00000028   Data   RO         1611    .constdata          c_w.l(_printf_hex_int_ll_ptr.o)
    0x0800afa4   0x00000011   Data   RO         1631    .constdata          c_w.l(__printf_flags_ss_wp.o)
    0x0800afb5   0x00000003   PAD
    0x0800afb8   0x00000030   Data   RO         1676    .constdata          m_wm.l(cos_i.o)
    0x0800afe8   0x000000c8   Data   RO         1694    .constdata          m_wm.l(rred.o)
    0x0800b0b0   0x00000028   Data   RO         1698    .constdata          m_wm.l(sin_i.o)
    0x0800b0d8   0x00000026   Data   RO         1730    .constdata          c_w.l(_printf_fp_hex.o)
    0x0800b0fe   0x00000002   PAD
    0x0800b100   0x00000094   Data   RO         1760    .constdata          c_w.l(bigflt0.o)
    0x0800b194   0x00000020   Data   RO         1926    Region$$Table       anon$$obj.o
    0x0800b1b4   0x0000001c   Data   RO         1784    locale$$data        c_w.l(lc_numeric_c.o)
    0x0800b1d0   0x00000110   Data   RO         1799    locale$$data        c_w.l(lc_ctype_c.o)


    Execution Region RW_IRAM1 (Base: 0x20000000, Size: 0x00006920, Max: 0x00020000, ABSOLUTE, COMPRESSED[0x000007c0])

    Base Addr    Size         Type   Attr      Idx    E Section Name        Object

    0x20000000   0x00001034   Data   RW          153    .data               main.o
    0x20001034   0x00000014   Data   RW          287    .data               system_stm32f4xx.o
    0x20001048   0x0000102a   Data   RW          317    .data               external_control.o
    0x20002072   0x00000010   Data   RW          819    .data               stm32f4xx_rcc.o
    0x20002082   0x00000002   PAD
    0x20002084   0x00000008   Data   RW          905    .data               ticks.o
    0x2000208c   0x00000001   Data   RW         1014    .data               led.o
    0x2000208d   0x00000001   PAD
    0x2000208e   0x0000100a   Data   RW         1068    .data               1.8 tft_display.o
    0x20003098   0x00001058   Data   RW         1139    .data               yaw_gyro.o
    0x200040f0   0x00000004   Data   RW         1312    .data               canbusprocess.o
    0x200040f4   0x00000002   Data   RW         1347    .data               dbus.o
    0x200040f6   0x00000002   PAD
    0x200040f8   0x00001008   Data   RW         1379    .data               judge.o
    0x20005100   0x00000004   Data   RW         1435    .data               driver_encoder.o
    0x20005104   0x0000000c   Data   RW         1466    .data               driver_gun.o
    0x20005110   0x00000394   Zero   RW          152    .bss                main.o
    0x200054a4   0x00000a50   Zero   RW         1067    .bss                1.8 tft_display.o
    0x20005ef4   0x00000022   Zero   RW         1174    .bss                adc.o
    0x20005f16   0x00000002   PAD
    0x20005f18   0x000001c0   Zero   RW         1311    .bss                canbusprocess.o
    0x200060d8   0x00000053   Zero   RW         1346    .bss                dbus.o
    0x2000612b   0x00000001   PAD
    0x2000612c   0x000000a6   Zero   RW         1377    .bss                judge.o
    0x200061d2   0x00000002   PAD
    0x200061d4   0x0000003c   Zero   RW         1409    .bss                data_monitor.o
    0x20006210   0x000000b0   Zero   RW         1465    .bss                driver_gun.o
    0x200062c0   0x00000060   Zero   RW         1746    .bss                c_w.l(libspace.o)
    0x20006320   0x00000200   Zero   RW          521    HEAP                startup_stm32f40_41xxx.o
    0x20006520   0x00000400   Zero   RW          520    STACK               startup_stm32f40_41xxx.o


==============================================================================

Image component sizes


      Code (inc. data)   RO Data    RW Data    ZI Data      Debug   Object Name

      3708        144          0       4106       2640      10095   1.8 tft_display.o
       328         26          0          0         34       2101   adc.o
       336         10          0          0          0       1072   can1.o
       336          8          0          0          0       1064   can2.o
       704         42          0          4        448       4242   canbusprocess.o
       972         88          0          0          0       2534   chassis_control.o
       102          0          0          0          0       1544   customized_function.o
       164         12          0          0         60       1296   data_monitor.o
       704         38          0          2         83       2971   dbus.o
       172         14          0          4          0       1122   driver_encoder.o
      1856        110          0         12        176       4894   driver_gun.o
      1300         72          0       4138          0     256503   external_control.o
      1234         74          0          0          0       5108   gimbal_control.o
       700         20        896          0          0       6144   gpio.o
       792         56        770       4104        166       4754   judge.o
       100         10          0          1          0       1276   led.o
       588        116          0       4148        916       3133   main.o
       224         20          0          0          0       1845   misc.o
      1182          4          0          0          0       2494   pid_s.o
       128         20          0          0          0        747   pneumatic.o
        64         26        392          0       1536        832   startup_stm32f40_41xxx.o
      1124         24          0          0          0      10718   stm32f4xx_adc.o
      2544         38          0          0          0       8172   stm32f4xx_can.o
       936         32          0          0          0       6421   stm32f4xx_dma.o
       660         44          0          0          0       4185   stm32f4xx_gpio.o
        36          0          0          0          0     311962   stm32f4xx_it.o
      1628         52          0         16          0      13076   stm32f4xx_rcc.o
      1152         36          0          0          0       6937   stm32f4xx_spi.o
      3234         60          0          0          0      23044   stm32f4xx_tim.o
      1108         34          0          0          0       7912   stm32f4xx_usart.o
       528         46          0         20          0       1819   system_stm32f4xx.o
       204         26          0          8          0      28309   ticks.o
      1952        144          0       4184          0       7266   yaw_gyro.o

    ----------------------------------------------------------------------
     30810       1446       2092      20752       6064     745592   Object Totals
         0          0         32          0          0          0   (incl. Generated)
        10          0          2          5          5          0   (incl. Padding)

    ----------------------------------------------------------------------

      Code (inc. data)   RO Data    RW Data    ZI Data      Debug   Library Member Name

       100          0          0          0          0          0   __dclz77c.o
         8          0          0          0          0         68   __main.o
       392          4         17          0          0         92   __printf_flags_ss_wp.o
        14          0          0          0          0         68   __printf_wp.o
         0          0          0          0          0          0   __rtentry.o
        12          0          0          0          0          0   __rtentry2.o
         6          0          0          0          0          0   __rtentry4.o
        52          8          0          0          0          0   __scatter.o
        28          0          0          0          0          0   __scatter_zi.o
         6          0          0          0          0          0   _printf_a.o
         6          0          0          0          0          0   _printf_c.o
        44          0          0          0          0        108   _printf_char.o
        48          6          0          0          0         96   _printf_char_common.o
        40          0          0          0          0         68   _printf_charcount.o
         6          0          0          0          0          0   _printf_d.o
       120         16          0          0          0         92   _printf_dec.o
         6          0          0          0          0          0   _printf_e.o
         6          0          0          0          0          0   _printf_f.o
      1050          0          0          0          0        216   _printf_fp_dec.o
       764          8         38          0          0        100   _printf_fp_hex.o
       128         16          0          0          0         84   _printf_fp_infnan.o
         6          0          0          0          0          0   _printf_g.o
       148          4         40          0          0        160   _printf_hex_int_ll_ptr.o
         6          0          0          0          0          0   _printf_i.o
       178          0          0          0          0         88   _printf_intcommon.o
        10          0          0          0          0          0   _printf_l.o
         6          0          0          0          0          0   _printf_lc.o
        10          0          0          0          0          0   _printf_ll.o
         6          0          0          0          0          0   _printf_lld.o
         6          0          0          0          0          0   _printf_lli.o
         6          0          0          0          0          0   _printf_llo.o
         6          0          0          0          0          0   _printf_llu.o
         6          0          0          0          0          0   _printf_llx.o
       124         16          0          0          0         92   _printf_longlong_dec.o
         6          0          0          0          0          0   _printf_ls.o
         6          0          0          0          0          0   _printf_n.o
         6          0          0          0          0          0   _printf_o.o
       112         10          0          0          0        124   _printf_oct_int_ll.o
         6          0          0          0          0          0   _printf_p.o
        78          0          0          0          0        108   _printf_pad.o
         0          0          0          0          0          0   _printf_percent.o
         4          0          0          0          0          0   _printf_percent_end.o
         6          0          0          0          0          0   _printf_s.o
        82          0          0          0          0         80   _printf_str.o
        36          0          0          0          0         84   _printf_truncate.o
         6          0          0          0          0          0   _printf_u.o
        44          0          0          0          0        108   _printf_wchar.o
       188          6          8          0          0         92   _printf_wctomb.o
         6          0          0          0          0          0   _printf_x.o
        22          0          0          0          0        100   _rserrno.o
        10          0          0          0          0         68   _sputc.o
        64          0          0          0          0         92   _wcrtomb.o
       220          4        148          0          0         96   bigflt0.o
      1910        128          0          0          0        672   btod.o
        18          0          0          0          0         80   exit.o
         6          0          0          0          0        152   heapauxi.o
         0          0          0          0          0          0   indicate_semi.o
        44         10        272          0          0         76   lc_ctype_c.o
        44         10         28          0          0         76   lc_numeric_c.o
         2          0          0          0          0          0   libinit.o
        34          0          0          0          0          0   libinit2.o
         2          0          0          0          0          0   libshutdown.o
         2          0          0          0          0          0   libshutdown2.o
         8          4          0          0         96         68   libspace.o
       138          0          0          0          0         80   lludiv10.o
        16          4          0          0          0         76   rt_ctype_table.o
         8          4          0          0          0         68   rt_errno_addr_intlibspace.o
         8          4          0          0          0         68   rt_locale_intlibspace.o
       100          0          0          0          0         80   rt_memcpy_w.o
         2          0          0          0          0          0   rtexit.o
        10          0          0          0          0          0   rtexit2.o
       128          0          0          0          0         68   strcmpv7m.o
        12          4          0          0          0         68   sys_exit.o
        74          0          0          0          0         80   sys_stackheap_outer.o
         2          0          0          0          0         68   use_no_semi.o
        36          4          0          0          0         76   vsprintf.o
        24          0          0          0          0        164   basic.o
        98          4          0          0          0        140   d2f.o
       826         16          0          0          0        492   daddsub_clz.o
       688        140          0          0          0        256   ddiv.o
        94          4          0          0          0        140   dfix.o
        84          0          0          0          0        232   dflt_clz.o
       340         12          0          0          0        152   dmul.o
       156          4          0          0          0        140   dnaninf.o
        12          0          0          0          0        116   dretinf.o
        86          4          0          0          0        132   f2d.o
       140          4          0          0          0        132   fnaninf.o
        10          0          0          0          0        116   fpinit.o
        10          0          0          0          0        116   fretinf.o
         4          0          0          0          0        116   printf1.o
         4          0          0          0          0        116   printf2.o
         0          0          0          0          0          0   usenofp.o
       216         20          0          0          0        288   cos.o
       368         46         48          0          0        200   cos_i.o
        84         16          0          0          0        372   dunder.o
        24          0          0          0          0        124   fabs.o
        48          0          0          0          0        124   fpclassify.o
       248          0          0          0          0        152   poly.o
      1080        142        200          0          0        188   rred.o
       216         20          0          0          0        288   sin.o
       304         24         40          0          0        208   sin_i.o

    ----------------------------------------------------------------------
     12046        726        844          0         96       8644   Library Totals
        22          0          5          0          0          0   (incl. Padding)

    ----------------------------------------------------------------------

      Code (inc. data)   RO Data    RW Data    ZI Data      Debug   Library Name

      6860        270        551          0         96       4140   c_w.l
      2576        188          0          0          0       2560   fz_wm.l
      2588        268        288          0          0       1944   m_wm.l

    ----------------------------------------------------------------------
     12046        726        844          0         96       8644   Library Totals

    ----------------------------------------------------------------------

==============================================================================


      Code (inc. data)   RO Data    RW Data    ZI Data      Debug   

     42856       2172       2936      20752       6160     741700   Grand Totals
     42856       2172       2936       1984       6160     741700   ELF Image Totals (compressed)
     42856       2172       2936       1984          0          0   ROM Totals

==============================================================================

    Total RO  Size (Code + RO Data)                45792 (  44.72kB)
    Total RW  Size (RW Data + ZI Data)             26912 (  26.28kB)
    Total ROM Size (Code + RO Data + RW Data)      47776 (  46.66kB)

==============================================================================

