Component: ARM Compiler 5.06 update 4 (build 422) Tool: armlink [4d35d2]

==============================================================================

Section Cross References

    stm32f4xx_it.o(.text) refers to ticks.o(.text) for TimeTick_Decrement
    main.o(.text) refers to ticks.o(.text) for SysTick_Init
    main.o(.text) refers to dbus.o(.text) for Dbus_init
    main.o(.text) refers to 1.8 tft_display.o(.text) for tft_init
    main.o(.text) refers to led.o(.text) for LED_master_init
    main.o(.text) refers to yaw_gyro.o(.text) for gyro_init
    main.o(.text) refers to adc.o(.text) for ADC1_init
    main.o(.text) refers to judge.o(.text) for judging_system_init
    main.o(.text) refers to pneumatic.o(.text) for pneumatic_init
    main.o(.text) refers to can1.o(.text) for CAN1_Configuration
    main.o(.text) refers to can2.o(.text) for CAN2_Configuration
    main.o(.text) refers to data_monitor.o(.text) for DataMonitor_Init
    main.o(.text) refers to driver_encoder.o(.text) for ENCODER_Init
    main.o(.text) refers to driver_gun.o(.text) for GUN_Init
    main.o(.text) refers to customized_function.o(.text) for PID_init_all
    main.o(.text) refers to flash.o(.text) for readFlash
    main.o(.text) refers to canbusprocess.o(.text) for CanCheckConnection_for_Chassis
    main.o(.text) refers to external_control.o(.text) for external_control
    main.o(.text) refers to main.o(.data) for buffer_remain
    main.o(.text) refers to canbusprocess.o(.bss) for GMYawEncoder
    main.o(.text) refers to main.o(.bss) for manual_buff_pos
    main.o(.text) refers to dbus.o(.bss) for DBUS_ReceiveData
    main.o(.text) refers to driver_gun.o(.bss) for GUN_Data
    main.o(.text) refers to gpio.o(.constdata) for PB3
    system_stm32f4xx.o(.text) refers to system_stm32f4xx.o(.data) for SystemCoreClock
    external_control.o(.text) refers to canbusprocess.o(.text) for Set_CM_Speed
    external_control.o(.text) refers to flash.o(.text) for writeFlash
    external_control.o(.text) refers to buzzer.o(.text) for buzzer_play_song
    external_control.o(.text) refers to dbus.o(.bss) for DBUS_ReceiveData
    external_control.o(.text) refers to external_control.o(.data) for ch_input
    external_control.o(.text) refers to canbusprocess.o(.bss) for GMYawEncoder
    external_control.o(.text) refers to main.o(.data) for init_yaw_pos
    external_control.o(.text) refers to main.o(.bss) for manual_buff_pos
    external_control.o(.text) refers to buzzer_song.o(.constdata) for FAIL_SOUND
    external_control.o(.text) refers to customized_function.o(.text) for limit_int_range
    external_control.o(.text) refers to gimbal_control.o(.text) for gimbal_exceed_right_bound
    external_control.o(.text) refers to chassis_control.o(.text) for control_car
    external_control.o(.text) refers to dbus.o(.text) for DBUS_CheckPush
    external_control.o(.text) refers to dflt_clz.o(x$fpl$dflt) for __aeabi_i2d
    external_control.o(.text) refers to dmul.o(x$fpl$dmul) for __aeabi_dmul
    external_control.o(.text) refers to f2d.o(x$fpl$f2d) for __aeabi_f2d
    external_control.o(.text) refers to daddsub_clz.o(x$fpl$dadd) for __aeabi_dadd
    external_control.o(.text) refers to d2f.o(x$fpl$d2f) for __aeabi_d2f
    external_control.o(.text) refers to main.o(.constdata) for YAW_SPEED_TO_CHASSIS_CH2
    gimbal_control.o(.text) refers to pid_s.o(.text) for PID_output2
    gimbal_control.o(.text) refers to canbusprocess.o(.text) for Set_CM_Speed
    gimbal_control.o(.text) refers to canbusprocess.o(.bss) for GMPitchEncoder
    gimbal_control.o(.text) refers to main.o(.bss) for gimbal_speed_pid
    gimbal_control.o(.text) refers to main.o(.data) for init_pitch_pos
    gimbal_control.o(.text) refers to main.o(.constdata) for YAW_SPEED_TO_CHASSIS_CH2
    gimbal_control.o(.text) refers to customized_function.o(.text) for float_equal
    gimbal_control.o(.text) refers to dbus.o(.text) for DBUS_CheckPush
    pid_s.o(.text) refers to f2d.o(x$fpl$f2d) for __aeabi_f2d
    pid_s.o(.text) refers to fabs.o(i.fabs) for fabs
    power_control.o(.text) refers to judge.o(.bss) for InfantryJudge
    power_control.o(.text) refers to main.o(.data) for buffer_remain
    chassis_control.o(.text) refers to customized_function.o(.text) for sin_val
    chassis_control.o(.text) refers to pid_s.o(.text) for PID_output2
    chassis_control.o(.text) refers to canbusprocess.o(.text) for Set_CM_Speed
    chassis_control.o(.text) refers to canbusprocess.o(.bss) for GMYawEncoder
    chassis_control.o(.text) refers to main.o(.data) for init_yaw_pos
    chassis_control.o(.text) refers to yaw_gyro.o(.data) for output_angle
    chassis_control.o(.text) refers to main.o(.bss) for angle_pid
    customized_function.o(.text) refers to ticks.o(.text) for get_ms_ticks
    customized_function.o(.text) refers to pid_s.o(.text) for PID_init
    customized_function.o(.text) refers to main.o(.bss) for wheels_pos_pid
[...]
    TIM_OCStructInit                         0x080051f5   Thumb Code    20  stm32f4xx_tim.o(.text)
    TIM_SelectOCxM                           0x08005209   Thumb Code    86  stm32f4xx_tim.o(.text)
    TIM_SetCompare1                          0x0800525f   Thumb Code     4  stm32f4xx_tim.o(.text)
    TIM_SetCompare2                          0x08005263   Thumb Code     4  stm32f4xx_tim.o(.text)
    TIM_SetCompare3                          0x08005267   Thumb Code     4  stm32f4xx_tim.o(.text)
    TIM_SetCompare4                          0x0800526b   Thumb Code     4  stm32f4xx_tim.o(.text)
    TIM_ForcedOC1Config                      0x0800526f   Thumb Code    18  stm32f4xx_tim.o(.text)
    TIM_ForcedOC2Config                      0x08005281   Thumb Code    26  stm32f4xx_tim.o(.text)
    TIM_ForcedOC3Config                      0x0800529b   Thumb Code    18  stm32f4xx_tim.o(.text)
    TIM_ForcedOC4Config                      0x080052ad   Thumb Code    26  stm32f4xx_tim.o(.text)
    TIM_OC1PreloadConfig                     0x080052c7   Thumb Code    18  stm32f4xx_tim.o(.text)
    TIM_OC2PreloadConfig                     0x080052d9   Thumb Code    26  stm32f4xx_tim.o(.text)
    TIM_OC3PreloadConfig                     0x080052f3   Thumb Code    18  stm32f4xx_tim.o(.text)
    TIM_OC4PreloadConfig                     0x08005305   Thumb Code    26  stm32f4xx_tim.o(.text)
    TIM_OC1FastConfig                        0x0800531f   Thumb Code    18  stm32f4xx_tim.o(.text)
    TIM_OC2FastConfig                        0x08005331   Thumb Code    26  stm32f4xx_tim.o(.text)
    TIM_OC3FastConfig                        0x0800534b   Thumb Code    18  stm32f4xx_tim.o(.text)
    TIM_OC4FastConfig                        0x0800535d   Thumb Code    26  stm32f4xx_tim.o(.text)
    TIM_ClearOC1Ref                          0x08005377   Thumb Code    18  stm32f4xx_tim.o(.text)
    TIM_ClearOC2Ref                          0x08005389   Thumb Code    24  stm32f4xx_tim.o(.text)
    TIM_ClearOC3Ref                          0x080053a1   Thumb Code    18  stm32f4xx_tim.o(.text)
    TIM_ClearOC4Ref                          0x080053b3   Thumb Code    24  stm32f4xx_tim.o(.text)
    TIM_OC1PolarityConfig                    0x080053cb   Thumb Code    18  stm32f4xx_tim.o(.text)
    TIM_OC1NPolarityConfig                   0x080053dd   Thumb Code    18  stm32f4xx_tim.o(.text)
    TIM_OC2PolarityConfig                    0x080053ef   Thumb Code    26  stm32f4xx_tim.o(.text)
    TIM_OC2NPolarityConfig                   0x08005409   Thumb Code    26  stm32f4xx_tim.o(.text)
    TIM_OC3PolarityConfig                    0x08005423   Thumb Code    26  stm32f4xx_tim.o(.text)
    TIM_OC3NPolarityConfig                   0x0800543d   Thumb Code    26  stm32f4xx_tim.o(.text)
    TIM_OC4PolarityConfig                    0x08005457   Thumb Code    26  stm32f4xx_tim.o(.text)
    TIM_CCxCmd                               0x08005471   Thumb Code    30  stm32f4xx_tim.o(.text)
    TIM_CCxNCmd                              0x0800548f   Thumb Code    30  stm32f4xx_tim.o(.text)
    TIM_SetIC4Prescaler                      0x080054ad   Thumb Code    26  stm32f4xx_tim.o(.text)
    TIM_SetIC3Prescaler                      0x08005517   Thumb Code    18  stm32f4xx_tim.o(.text)
    TIM_SetIC2Prescaler                      0x08005571   Thumb Code    26  stm32f4xx_tim.o(.text)
    TIM_SetIC1Prescaler                      0x080055e5   Thumb Code    18  stm32f4xx_tim.o(.text)
    TIM_ICInit                               0x08005631   Thumb Code   110  stm32f4xx_tim.o(.text)
    TIM_ICStructInit                         0x0800569f   Thumb Code    18  stm32f4xx_tim.o(.text)
    TIM_PWMIConfig                           0x080056b1   Thumb Code   124  stm32f4xx_tim.o(.text)
    TIM_GetCapture1                          0x0800572d   Thumb Code     6  stm32f4xx_tim.o(.text)
    TIM_GetCapture2                          0x08005733   Thumb Code     6  stm32f4xx_tim.o(.text)
    TIM_GetCapture3                          0x08005739   Thumb Code     6  stm32f4xx_tim.o(.text)
    TIM_GetCapture4                          0x0800573f   Thumb Code     6  stm32f4xx_tim.o(.text)
    TIM_BDTRConfig                           0x08005745   Thumb Code    32  stm32f4xx_tim.o(.text)
    TIM_BDTRStructInit                       0x08005765   Thumb Code    18  stm32f4xx_tim.o(.text)
    TIM_CtrlPWMOutputs                       0x08005777   Thumb Code    30  stm32f4xx_tim.o(.text)
    TIM_SelectCOM                            0x08005795   Thumb Code    24  stm32f4xx_tim.o(.text)
    TIM_CCPreloadControl                     0x080057ad   Thumb Code    24  stm32f4xx_tim.o(.text)
    TIM_ITConfig                             0x080057c5   Thumb Code    18  stm32f4xx_tim.o(.text)
    TIM_GenerateEvent                        0x080057d7   Thumb Code     4  stm32f4xx_tim.o(.text)
    TIM_GetFlagStatus                        0x080057db   Thumb Code    18  stm32f4xx_tim.o(.text)
    TIM_ClearFlag                            0x080057ed   Thumb Code     6  stm32f4xx_tim.o(.text)
    TIM_GetITStatus                          0x080057f3   Thumb Code    34  stm32f4xx_tim.o(.text)
    TIM_ClearITPendingBit                    0x08005815   Thumb Code     6  stm32f4xx_tim.o(.text)
    TIM_DMAConfig                            0x0800581b   Thumb Code    10  stm32f4xx_tim.o(.text)
    TIM_DMACmd                               0x08005825   Thumb Code    18  stm32f4xx_tim.o(.text)
    TIM_SelectCCDMA                          0x08005837   Thumb Code    24  stm32f4xx_tim.o(.text)
    TIM_InternalClockConfig                  0x0800584f   Thumb Code    12  stm32f4xx_tim.o(.text)
    TIM_SelectInputTrigger                   0x0800585b   Thumb Code    18  stm32f4xx_tim.o(.text)
    TIM_ITRxExternalClockConfig              0x0800586d   Thumb Code    24  stm32f4xx_tim.o(.text)
    TIM_TIxExternalClockConfig               0x08005885   Thumb Code    62  stm32f4xx_tim.o(.text)
    TIM_ETRConfig                            0x080058c3   Thumb Code    28  stm32f4xx_tim.o(.text)
    TIM_ETRClockMode1Config                  0x080058df   Thumb Code    54  stm32f4xx_tim.o(.text)
    TIM_ETRClockMode2Config                  0x08005915   Thumb Code    32  stm32f4xx_tim.o(.text)
    TIM_SelectOutputTrigger                  0x08005935   Thumb Code    18  stm32f4xx_tim.o(.text)
    TIM_SelectSlaveMode                      0x08005947   Thumb Code    18  stm32f4xx_tim.o(.text)
    TIM_SelectMasterSlaveMode                0x08005959   Thumb Code    18  stm32f4xx_tim.o(.text)
    TIM_EncoderInterfaceConfig               0x0800596b   Thumb Code    66  stm32f4xx_tim.o(.text)
    TIM_SelectHallSensor                     0x080059ad   Thumb Code    24  stm32f4xx_tim.o(.text)
    TIM_RemapConfig                          0x080059c5   Thumb Code     6  stm32f4xx_tim.o(.text)
    USART_DeInit                             0x080059cd   Thumb Code   206  stm32f4xx_usart.o(.text)
    USART_Init                               0x08005a9b   Thumb Code   204  stm32f4xx_usart.o(.text)
    USART_StructInit                         0x08005b67   Thumb Code    24  stm32f4xx_usart.o(.text)
    USART_ClockInit                          0x08005b7f   Thumb Code    32  stm32f4xx_usart.o(.text)
    USART_ClockStructInit                    0x08005b9f   Thumb Code    12  stm32f4xx_usart.o(.text)
    USART_Cmd                                0x08005bab   Thumb Code    24  stm32f4xx_usart.o(.text)
    USART_SetPrescaler                       0x08005bc3   Thumb Code    16  stm32f4xx_usart.o(.text)
    USART_OverSampling8Cmd                   0x08005bd3   Thumb Code    22  stm32f4xx_usart.o(.text)
    USART_OneBitMethodCmd                    0x08005be9   Thumb Code    24  stm32f4xx_usart.o(.text)
    USART_SendData                           0x08005c01   Thumb Code     8  stm32f4xx_usart.o(.text)
    USART_ReceiveData                        0x08005c09   Thumb Code    10  stm32f4xx_usart.o(.text)
    USART_SetAddress                         0x08005c13   Thumb Code    18  stm32f4xx_usart.o(.text)
    USART_ReceiverWakeUpCmd                  0x08005c25   Thumb Code    24  stm32f4xx_usart.o(.text)
    USART_WakeUpConfig                       0x08005c3d   Thumb Code    18  stm32f4xx_usart.o(.text)
    USART_LINBreakDetectLengthConfig         0x08005c4f   Thumb Code    18  stm32f4xx_usart.o(.text)
    USART_LINCmd                             0x08005c61   Thumb Code    24  stm32f4xx_usart.o(.text)
    USART_SendBreak                          0x08005c79   Thumb Code    10  stm32f4xx_usart.o(.text)
    USART_HalfDuplexCmd                      0x08005c83   Thumb Code    24  stm32f4xx_usart.o(.text)
    USART_SetGuardTime                       0x08005c9b   Thumb Code    16  stm32f4xx_usart.o(.text)
    USART_SmartCardCmd                       0x08005cab   Thumb Code    24  stm32f4xx_usart.o(.text)
    USART_SmartCardNACKCmd                   0x08005cc3   Thumb Code    24  stm32f4xx_usart.o(.text)
    USART_IrDAConfig                         0x08005cdb   Thumb Code    18  stm32f4xx_usart.o(.text)
    USART_IrDACmd                            0x08005ced   Thumb Code    24  stm32f4xx_usart.o(.text)
    USART_DMACmd                             0x08005d05   Thumb Code    18  stm32f4xx_usart.o(.text)
    USART_ITConfig                           0x08005d17   Thumb Code    74  stm32f4xx_usart.o(.text)
    USART_GetFlagStatus                      0x08005d61   Thumb Code    26  stm32f4xx_usart.o(.text)
    USART_ClearFlag                          0x08005d7b   Thumb Code    18  stm32f4xx_usart.o(.text)
    USART_GetITStatus                        0x08005d8d   Thumb Code   118  stm32f4xx_usart.o(.text)
    USART_ClearITPendingBit                  0x08005e03   Thumb Code    30  stm32f4xx_usart.o(.text)
    RCC_DeInit                               0x08005e21   Thumb Code    82  stm32f4xx_rcc.o(.text)
    RCC_HSEConfig                            0x08005e73   Thumb Code    14  stm32f4xx_rcc.o(.text)
    RCC_GetFlagStatus                        0x08005e81   Thumb Code    60  stm32f4xx_rcc.o(.text)
    RCC_WaitForHSEStartUp                    0x08005ebd   Thumb Code    56  stm32f4xx_rcc.o(.text)
    RCC_AdjustHSICalibrationValue            0x08005ef5   Thumb Code    20  stm32f4xx_rcc.o(.text)
    RCC_HSICmd                               0x08005f09   Thumb Code     6  stm32f4xx_rcc.o(.text)
    RCC_LSEConfig                            0x08005f0f   Thumb Code    46  stm32f4xx_rcc.o(.text)
    RCC_LSICmd                               0x08005f3d   Thumb Code     6  stm32f4xx_rcc.o(.text)
    RCC_PLLConfig                            0x08005f43   Thumb Code    32  stm32f4xx_rcc.o(.text)
    RCC_PLLCmd                               0x08005f63   Thumb Code     6  stm32f4xx_rcc.o(.text)
    RCC_PLLI2SConfig                         0x08005f69   Thumb Code    14  stm32f4xx_rcc.o(.text)
    RCC_PLLI2SCmd                            0x08005f77   Thumb Code     6  stm32f4xx_rcc.o(.text)
    RCC_PLLSAIConfig                         0x08005f7d   Thumb Code    20  stm32f4xx_rcc.o(.text)
    RCC_PLLSAICmd                            0x08005f91   Thumb Code     6  stm32f4xx_rcc.o(.text)
    RCC_ClockSecuritySystemCmd               0x08005f97   Thumb Code     6  stm32f4xx_rcc.o(.text)
    RCC_MCO1Config                           0x08005f9d   Thumb Code    28  stm32f4xx_rcc.o(.text)
    RCC_MCO2Config                           0x08005fb9   Thumb Code    28  stm32f4xx_rcc.o(.text)
    RCC_SYSCLKConfig                         0x08005fd5   Thumb Code    20  stm32f4xx_rcc.o(.text)
    RCC_GetSYSCLKSource                      0x08005fe9   Thumb Code    12  stm32f4xx_rcc.o(.text)
    RCC_HCLKConfig                           0x08005ff5   Thumb Code    20  stm32f4xx_rcc.o(.text)
    RCC_PCLK1Config                          0x08006009   Thumb Code    20  stm32f4xx_rcc.o(.text)
    RCC_PCLK2Config                          0x0800601d   Thumb Code    22  stm32f4xx_rcc.o(.text)
    RCC_GetClocksFreq                        0x08006033   Thumb Code   222  stm32f4xx_rcc.o(.text)
    RCC_RTCCLKConfig                         0x08006111   Thumb Code    54  stm32f4xx_rcc.o(.text)
    RCC_RTCCLKCmd                            0x08006147   Thumb Code     8  stm32f4xx_rcc.o(.text)
    RCC_BackupResetCmd                       0x0800614f   Thumb Code     8  stm32f4xx_rcc.o(.text)
    RCC_I2SCLKConfig                         0x08006157   Thumb Code     6  stm32f4xx_rcc.o(.text)
    RCC_SAIPLLI2SClkDivConfig                0x0800615d   Thumb Code    26  stm32f4xx_rcc.o(.text)
    RCC_SAIPLLSAIClkDivConfig                0x08006177   Thumb Code    28  stm32f4xx_rcc.o(.text)
    RCC_SAIBlockACLKConfig                   0x08006193   Thumb Code    20  stm32f4xx_rcc.o(.text)
    RCC_SAIBlockBCLKConfig                   0x080061a7   Thumb Code    20  stm32f4xx_rcc.o(.text)
    RCC_LTDCCLKDivConfig                     0x080061bb   Thumb Code    20  stm32f4xx_rcc.o(.text)
    RCC_TIMCLKPresConfig                     0x080061cf   Thumb Code     6  stm32f4xx_rcc.o(.text)
    RCC_AHB1PeriphClockCmd                   0x080061d5   Thumb Code    34  stm32f4xx_rcc.o(.text)
    RCC_AHB2PeriphClockCmd                   0x080061f7   Thumb Code    78  stm32f4xx_rcc.o(.text)
    RCC_AHB3PeriphClockCmd                   0x08006245   Thumb Code    34  stm32f4xx_rcc.o(.text)
    RCC_APB1PeriphClockCmd                   0x08006267   Thumb Code    34  stm32f4xx_rcc.o(.text)
    RCC_APB2PeriphClockCmd                   0x08006289   Thumb Code    34  stm32f4xx_rcc.o(.text)
    RCC_AHB1PeriphResetCmd                   0x080062ab   Thumb Code    34  stm32f4xx_rcc.o(.text)
    RCC_AHB2PeriphResetCmd                   0x080062cd   Thumb Code    34  stm32f4xx_rcc.o(.text)
    RCC_AHB3PeriphResetCmd                   0x080062ef   Thumb Code    34  stm32f4xx_rcc.o(.text)
    RCC_APB1PeriphResetCmd                   0x08006311   Thumb Code    34  stm32f4xx_rcc.o(.text)
    RCC_APB2PeriphResetCmd                   0x08006333   Thumb Code    34  stm32f4xx_rcc.o(.text)
    RCC_AHB1PeriphClockLPModeCmd             0x08006355   Thumb Code    34  stm32f4xx_rcc.o(.text)
    RCC_AHB2PeriphClockLPModeCmd             0x08006377   Thumb Code    34  stm32f4xx_rcc.o(.text)
    RCC_AHB3PeriphClockLPModeCmd             0x08006399   Thumb Code    34  stm32f4xx_rcc.o(.text)
    RCC_APB1PeriphClockLPModeCmd             0x080063bb   Thumb Code    34  stm32f4xx_rcc.o(.text)
    RCC_APB2PeriphClockLPModeCmd             0x080063dd   Thumb Code    34  stm32f4xx_rcc.o(.text)
    RCC_LSEModeConfig                        0x080063ff   Thumb Code    40  stm32f4xx_rcc.o(.text)
    RCC_ITConfig                             0x08006427   Thumb Code    34  stm32f4xx_rcc.o(.text)
    RCC_ClearFlag                            0x08006449   Thumb Code    18  stm32f4xx_rcc.o(.text)
    RCC_GetITStatus                          0x0800645b   Thumb Code    22  stm32f4xx_rcc.o(.text)
    RCC_ClearITPendingBit                    0x08006471   Thumb Code     8  stm32f4xx_rcc.o(.text)
    buzzer_off                               0x0800647d   Thumb Code    12  buzzer.o(.text)
    buzzer_init                              0x08006489   Thumb Code   150  buzzer.o(.text)
    buzzer_on                                0x0800651f   Thumb Code    40  buzzer.o(.text)
    get_note_period                          0x08006547   Thumb Code    54  buzzer.o(.text)
    buzzer_set_note_period                   0x0800657d   Thumb Code    32  buzzer.o(.text)
    buzzer_check                             0x0800659d   Thumb Code   280  buzzer.o(.text)
    buzzer_stop_song                         0x080066b5   Thumb Code     8  buzzer.o(.text)
    buzzer_control                           0x080066bd   Thumb Code    42  buzzer.o(.text)
    buzzer_set_volume                        0x080066e7   Thumb Code    12  buzzer.o(.text)
    buzzer_play_song                         0x080066f3   Thumb Code    84  buzzer.o(.text)
    AF_config                                0x08006795   Thumb Code   280  gpio.o(.text)
    gpio_rcc_init                            0x080068ad   Thumb Code   156  gpio.o(.text)
    gpio_init                                0x08006949   Thumb Code    54  gpio.o(.text)
    timer_gpio_init                          0x0800697f   Thumb Code    48  gpio.o(.text)
    BUTTON_init                              0x080069af   Thumb Code    44  gpio.o(.text)
    LED_init                                 0x080069db   Thumb Code    78  gpio.o(.text)
    gpio_read_input                          0x08006a29   Thumb Code    14  gpio.o(.text)
    gpio_write                               0x08006a37   Thumb Code    18  gpio.o(.text)
    SysTick_Init                             0x08006a51   Thumb Code    90  ticks.o(.text)
    TimeTick_Decrement                       0x08006aab   Thumb Code    18  ticks.o(.text)
    TimeTick_Increment                       0x08006abd   Thumb Code    30  ticks.o(.text)
    get_ms_ticks                             0x08006adb   Thumb Code     6  ticks.o(.text)
    delay_1ms                                0x08006ae1   Thumb Code    18  ticks.o(.text)
    delay_nms                                0x08006af3   Thumb Code    16  ticks.o(.text)
    timer_rcc_init                           0x08006b1d   Thumb Code   228  timer.o(.text)
    timer_init                               0x08006c01   Thumb Code    54  timer.o(.text)
    pwm_timer_init                           0x08006c37   Thumb Code   178  timer.o(.text)
    LED_master_init                          0x08006d1d   Thumb Code    10  led.o(.text)
    LED_control                              0x08006d27   Thumb Code    30  led.o(.text)
    LED_blink                                0x08006d45   Thumb Code    50  led.o(.text)
    tft_spi_init                             0x08006d81   Thumb Code   178  1.8 tft_display.o(.text)
    tft_write_command                        0x08006e33   Thumb Code    72  1.8 tft_display.o(.text)
    tft_write_data                           0x08006e7b   Thumb Code    72  1.8 tft_display.o(.text)
    tft_config                               0x08006ec3   Thumb Code   514  1.8 tft_display.o(.text)
    tft_reset                                0x080070c5   Thumb Code    32  1.8 tft_display.o(.text)
    tft_fill_color                           0x080070e5   Thumb Code    98  1.8 tft_display.o(.text)
    tft_set_special_color                    0x08007147   Thumb Code     6  1.8 tft_display.o(.text)
    tft_set_text_color                       0x0800714d   Thumb Code     6  1.8 tft_display.o(.text)
    tft_set_bg_color                         0x08007153   Thumb Code     6  1.8 tft_display.o(.text)
    tft_init                                 0x08007159   Thumb Code   214  1.8 tft_display.o(.text)
    tft_enable                               0x0800722f   Thumb Code     8  1.8 tft_display.o(.text)
    tft_disable                              0x08007237   Thumb Code     8  1.8 tft_display.o(.text)
    tft_get_bg_color                         0x0800723f   Thumb Code     6  1.8 tft_display.o(.text)
    tft_get_text_color                       0x08007245   Thumb Code     6  1.8 tft_display.o(.text)
    tft_get_special_text_color               0x0800724b   Thumb Code     6  1.8 tft_display.o(.text)
    tft_get_orientation                      0x08007251   Thumb Code     6  1.8 tft_display.o(.text)
    tft_force_clear                          0x08007257   Thumb Code    86  1.8 tft_display.o(.text)
    tft_set_orientation                      0x080072ad   Thumb Code    28  1.8 tft_display.o(.text)
    tft_get_max_x_char                       0x080072c9   Thumb Code    24  1.8 tft_display.o(.text)
    tft_get_max_y_char                       0x080072e1   Thumb Code    24  1.8 tft_display.o(.text)
    tft_set_pixel_pos                        0x080072f9   Thumb Code    78  1.8 tft_display.o(.text)
    tft_set_char_pos                         0x08007347   Thumb Code    82  1.8 tft_display.o(.text)
    tft_clear_line                           0x08007399   Thumb Code    68  1.8 tft_display.o(.text)
    tft_clear                                0x080073dd   Thumb Code    22  1.8 tft_display.o(.text)
    tft_toggle                               0x080073f3   Thumb Code    34  1.8 tft_display.o(.text)
    tft_put_pixel                            0x08007415   Thumb Code   100  1.8 tft_display.o(.text)
    tft_char_is_changed                      0x08007479   Thumb Code   186  1.8 tft_display.o(.text)
    tft_prints                               0x08007533   Thumb Code   268  1.8 tft_display.o(.text)
    tft_update                               0x0800763f   Thumb Code  1454  1.8 tft_display.o(.text)
    writeFlash                               0x08007bfd   Thumb Code    58  flash.o(.text)
    readFlash                                0x08007c37   Thumb Code    12  flash.o(.text)
    gyro_spi_init                            0x08007c49   Thumb Code   306  yaw_gyro.o(.text)
    gyro_chip_deselect                       0x08007d7b   Thumb Code    12  yaw_gyro.o(.text)
    gyro_chip_select                         0x08007d87   Thumb Code    12  yaw_gyro.o(.text)
    spi_frame                                0x08007d93   Thumb Code    72  yaw_gyro.o(.text)
    adis_write                               0x08007ddb   Thumb Code    50  yaw_gyro.o(.text)
    adis_read                                0x08007e0d   Thumb Code    34  yaw_gyro.o(.text)
    gyro_init                                0x08007e2f   Thumb Code    68  yaw_gyro.o(.text)
    gyro_get_vel                             0x08007e73   Thumb Code    40  yaw_gyro.o(.text)
    gyro_cal                                 0x08007e9b   Thumb Code   116  yaw_gyro.o(.text)
    Abs                                      0x08007f0f   Thumb Code    14  yaw_gyro.o(.text)
    gyro_get_off                             0x08007f1d   Thumb Code    40  yaw_gyro.o(.text)
    gyro_cal_short                           0x08007f45   Thumb Code   140  yaw_gyro.o(.text)
    gyro_get_angle                           0x08007fd1   Thumb Code    18  yaw_gyro.o(.text)
    gyro_update                              0x08007fe3   Thumb Code   434  yaw_gyro.o(.text)
    get_angle                                0x08008195   Thumb Code     8  yaw_gyro.o(.text)
    gyro_get_flash                           0x0800819d   Thumb Code    16  yaw_gyro.o(.text)
    gyro_get_power                           0x080081ad   Thumb Code    30  yaw_gyro.o(.text)
    gyro_get_adc                             0x080081cb   Thumb Code    30  yaw_gyro.o(.text)
    gyro_get_temp                            0x080081e9   Thumb Code    30  yaw_gyro.o(.text)
    set_angle                                0x08008207   Thumb Code    18  yaw_gyro.o(.text)
    TIM5_Int_Init                            0x08008219   Thumb Code   104  yaw_gyro.o(.text)
    yaw_axis_pid_cal                         0x08008281   Thumb Code   110  yaw_gyro.o(.text)
    TIM5_IRQHandler                          0x080082ef   Thumb Code   158  yaw_gyro.o(.text)
    ADC1_init                                0x080083e9   Thumb Code   254  adc.o(.text)
    ADC_raw_data                             0x080084e7   Thumb Code    12  adc.o(.text)
    get_5v                                   0x080084f3   Thumb Code    30  adc.o(.text)
    get_mcu_temperature                      0x08008511   Thumb Code     6  adc.o(.text)
    pneumatic_init                           0x08008531   Thumb Code    28  pneumatic.o(.text)
    pneumatic_control                        0x0800854d   Thumb Code    80  pneumatic.o(.text)
    CAN1_Configuration                       0x080085b1   Thumb Code   262  can1.o(.text)
    CAN1_TX_IRQHandler                       0x080086b7   Thumb Code    22  can1.o(.text)
    CAN1_RX0_IRQHandler                      0x080086cd   Thumb Code    42  can1.o(.text)
    CAN2_Configuration                       0x08008701   Thumb Code   264  can2.o(.text)
    CAN2_TX_IRQHandler                       0x08008809   Thumb Code    22  can2.o(.text)
    CAN2_RX0_IRQHandler                      0x0800881f   Thumb Code    42  can2.o(.text)
    GetEncoderBias                           0x08008851   Thumb Code    26  canbusprocess.o(.text)
    EncoderProcess                           0x0800886b   Thumb Code   212  canbusprocess.o(.text)
    CanReceiveMsgProcess_for_chassis         0x0800893f   Thumb Code   162  canbusprocess.o(.text)
    CanReceiveMsgProcess_for_gimbal          0x080089e1   Thumb Code    98  canbusprocess.o(.text)
    CanCheckConnection_for_Chassis           0x08008a43   Thumb Code    28  canbusprocess.o(.text)
    CanCheckConnection_for_Gimbal            0x08008a5f   Thumb Code    28  canbusprocess.o(.text)
    Set_CM_Speed                             0x08008a7b   Thumb Code    92  canbusprocess.o(.text)
    Set_Gimbal_Current                       0x08008ad7   Thumb Code    92  canbusprocess.o(.text)
    Dbus_init                                0x08008b6d   Thumb Code   268  dbus.o(.text)
    DBUS_DataDecoding                        0x08008c79   Thumb Code   306  dbus.o(.text)
    DBUS_CheckPush                           0x08008dab   Thumb Code    26  dbus.o(.text)
    DBUS_CheckConnection                     0x08008dc5   Thumb Code    28  dbus.o(.text)
    DBUS_ResetBuffer                         0x08008de1   Thumb Code    20  dbus.o(.text)
    USART1_IRQHandler                        0x08008df5   Thumb Code    76  dbus.o(.text)
    judging_system_init                      0x08008e6d   Thumb Code   270  judge.o(.text)
    Get_CRC8_Check_Sum                       0x08008f7b   Thumb Code    30  judge.o(.text)
    Verify_CRC8_Check_Sum                    0x08008f99   Thumb Code    46  judge.o(.text)
    Append_CRC8_Check_Sum                    0x08008fc7   Thumb Code    36  judge.o(.text)
    Get_CRC16_Check_Sum                      0x08008feb   Thumb Code    46  judge.o(.text)
    Verify_CRC16_Check_Sum                   0x08009019   Thumb Code    60  judge.o(.text)
    Append_CRC16_Check_Sum                   0x08009055   Thumb Code    44  judge.o(.text)
    Judge_InitConfig                         0x08009081   Thumb Code    38  judge.o(.text)
    USART3_IRQHandler                        0x080090a7   Thumb Code   166  judge.o(.text)
    DataMonitor_Init                         0x08009185   Thumb Code    90  data_monitor.o(.text)
    DataMonitor_Send                         0x080091df   Thumb Code    62  data_monitor.o(.text)
    ENCODER_BSP_Init                         0x08009229   Thumb Code   106  driver_encoder.o(.text)
    ENCODER_Init                             0x08009293   Thumb Code    14  driver_encoder.o(.text)
    ENCODER_Update                           0x080092a1   Thumb Code    38  driver_encoder.o(.text)
    GUN_BSP_Init                             0x080092d5   Thumb Code   426  driver_gun.o(.text)
    PID_Reset                                0x0800947f   Thumb Code    38  driver_gun.o(.text)
    GUN_Init                                 0x080094a5   Thumb Code   164  driver_gun.o(.text)
    GUN_ShootOne                             0x08009549   Thumb Code    14  driver_gun.o(.text)
    GUN_SetMotion                            0x08009557   Thumb Code   230  driver_gun.o(.text)
    PID_Update                               0x08009671   Thumb Code   694  driver_gun.o(.text)
    GUN_PokeSpeedControl                     0x08009927   Thumb Code   134  driver_gun.o(.text)
    GUN_PokeControl                          0x080099ad   Thumb Code    58  driver_gun.o(.text)
    GUN_SetFree                              0x080099e7   Thumb Code    26  driver_gun.o(.text)
    vsprintf                                 0x08009a15   Thumb Code    32  vsprintf.o(.text)
    __aeabi_memcpy4                          0x08009a39   Thumb Code     0  rt_memcpy_w.o(.text)
    __aeabi_memcpy8                          0x08009a39   Thumb Code     0  rt_memcpy_w.o(.text)
    __rt_memcpy_w                            0x08009a39   Thumb Code   100  rt_memcpy_w.o(.text)
    _memcpy_lastbytes_aligned                0x08009a81   Thumb Code     0  rt_memcpy_w.o(.text)
    __use_two_region_memory                  0x08009a9d   Thumb Code     2  heapauxi.o(.text)
    __rt_heap_escrow$2region                 0x08009a9f   Thumb Code     2  heapauxi.o(.text)
    __rt_heap_expand$2region                 0x08009aa1   Thumb Code     2  heapauxi.o(.text)
    _printf_pre_padding                      0x08009aa3   Thumb Code    44  _printf_pad.o(.text)
    _printf_post_padding                     0x08009acf   Thumb Code    34  _printf_pad.o(.text)
    _printf_truncate_signed                  0x08009af1   Thumb Code    18  _printf_truncate.o(.text)
    _printf_truncate_unsigned                0x08009b03   Thumb Code    18  _printf_truncate.o(.text)
    _printf_str                              0x08009b15   Thumb Code    82  _printf_str.o(.text)
    _printf_int_dec                          0x08009b69   Thumb Code   104  _printf_dec.o(.text)
    _printf_charcount                        0x08009be1   Thumb Code    40  _printf_charcount.o(.text)
    _printf_char_common                      0x08009c13   Thumb Code    32  _printf_char_common.o(.text)
    _sputc                                   0x08009c39   Thumb Code    10  _sputc.o(.text)
    _printf_wctomb                           0x08009c45   Thumb Code   182  _printf_wctomb.o(.text)
    _printf_longlong_dec                     0x08009d01   Thumb Code   108  _printf_longlong_dec.o(.text)
    _printf_longlong_oct                     0x08009d7d   Thumb Code    66  _printf_oct_int_ll.o(.text)
    _printf_int_oct                          0x08009dbf   Thumb Code    24  _printf_oct_int_ll.o(.text)
    _printf_ll_oct                           0x08009dd7   Thumb Code    12  _printf_oct_int_ll.o(.text)
    _printf_longlong_hex                     0x08009ded   Thumb Code    86  _printf_hex_int_ll_ptr.o(.text)
    _printf_int_hex                          0x08009e43   Thumb Code    28  _printf_hex_int_ll_ptr.o(.text)
    _printf_ll_hex                           0x08009e5f   Thumb Code    12  _printf_hex_int_ll_ptr.o(.text)
    _printf_hex_ptr                          0x08009e6b   Thumb Code    18  _printf_hex_int_ll_ptr.o(.text)
    __printf                                 0x08009e81   Thumb Code   388  __printf_flags_ss_wp.o(.text)
    _ll_udiv10                               0x0800a009   Thumb Code   138  lludiv10.o(.text)
    _printf_int_common                       0x0800a093   Thumb Code   178  _printf_intcommon.o(.text)
    __lib_sel_fp_printf                      0x0800a145   Thumb Code     2  _printf_fp_dec.o(.text)
    _printf_fp_dec_real                      0x0800a2f3   Thumb Code   620  _printf_fp_dec.o(.text)
    _printf_fp_hex_real                      0x0800a561   Thumb Code   756  _printf_fp_hex.o(.text)
    _printf_cs_common                        0x0800a85d   Thumb Code    20  _printf_char.o(.text)
    _printf_char                             0x0800a871   Thumb Code    16  _printf_char.o(.text)
    _printf_string                           0x0800a881   Thumb Code     8  _printf_char.o(.text)
    _printf_lcs_common                       0x0800a889   Thumb Code    20  _printf_wchar.o(.text)
    _printf_wchar                            0x0800a89d   Thumb Code    16  _printf_wchar.o(.text)
    _printf_wstring                          0x0800a8ad   Thumb Code     8  _printf_wchar.o(.text)
    _wcrtomb                                 0x0800a8b5   Thumb Code    64  _wcrtomb.o(.text)
    __user_setup_stackheap                   0x0800a8f5   Thumb Code    74  sys_stackheap_outer.o(.text)
    __rt_ctype_table                         0x0800a941   Thumb Code    16  rt_ctype_table.o(.text)
    __rt_locale                              0x0800a951   Thumb Code     8  rt_locale_intlibspace.o(.text)
    _printf_fp_infnan                        0x0800a959   Thumb Code   112  _printf_fp_infnan.o(.text)
    _btod_etento                             0x0800a9d9   Thumb Code   216  bigflt0.o(.text)
    exit                                     0x0800aab5   Thumb Code    18  exit.o(.text)
    __user_libspace                          0x0800aac9   Thumb Code     8  libspace.o(.text)
    __user_perproc_libspace                  0x0800aac9   Thumb Code     0  libspace.o(.text)
    __user_perthread_libspace                0x0800aac9   Thumb Code     0  libspace.o(.text)
    strcmp                                   0x0800aad1   Thumb Code   128  strcmpv7m.o(.text)
    _sys_exit                                0x0800ab51   Thumb Code     8  sys_exit.o(.text)
    __I$use$semihosting                      0x0800ab5d   Thumb Code     0  use_no_semi.o(.text)
    __use_no_semihosting_swi                 0x0800ab5d   Thumb Code     2  use_no_semi.o(.text)
    __semihosting_library_function           0x0800ab5f   Thumb Code     0  indicate_semi.o(.text)
    _btod_d2e                                0x0800ab5f   Thumb Code    62  btod.o(CL$$btod_d2e)
    _d2e_denorm_low                          0x0800ab9d   Thumb Code    70  btod.o(CL$$btod_d2e_denorm_low)
    _d2e_norm_op1                            0x0800abe3   Thumb Code    96  btod.o(CL$$btod_d2e_norm_op1)
    __btod_div_common                        0x0800ac43   Thumb Code   696  btod.o(CL$$btod_div_common)
    _e2e                                     0x0800af7b   Thumb Code   198  btod.o(CL$$btod_e2e)
    _btod_ediv                               0x0800b041   Thumb Code    40  btod.o(CL$$btod_ediv)
    _btod_emul                               0x0800b069   Thumb Code    40  btod.o(CL$$btod_emul)
    __btod_mult_common                       0x0800b091   Thumb Code   580  btod.o(CL$$btod_mult_common)
    __ARM_fpclassify                         0x0800b2d5   Thumb Code    48  fpclassify.o(i.__ARM_fpclassify)
    _is_digit                                0x0800b305   Thumb Code    14  __printf_wp.o(i._is_digit)
    fabs                                     0x0800b313   Thumb Code    24  fabs.o(i.fabs)
    _get_lc_numeric                          0x0800b32d   Thumb Code    44  lc_numeric_c.o(locale$$code)
    _get_lc_ctype                            0x0800b359   Thumb Code    44  lc_ctype_c.o(locale$$code)
    __aeabi_d2f                              0x0800b385   Thumb Code     0  d2f.o(x$fpl$d2f)
    _d2f                                     0x0800b385   Thumb Code    98  d2f.o(x$fpl$d2f)
    __aeabi_dadd                             0x0800b3e9   Thumb Code     0  daddsub_clz.o(x$fpl$dadd)
    _dadd                                    0x0800b3e9   Thumb Code   332  daddsub_clz.o(x$fpl$dadd)
    __aeabi_ddiv                             0x0800b539   Thumb Code     0  ddiv.o(x$fpl$ddiv)
    _ddiv                                    0x0800b539   Thumb Code   552  ddiv.o(x$fpl$ddiv)
    __aeabi_d2iz                             0x0800b7e9   Thumb Code     0  dfix.o(x$fpl$dfix)
    _dfix                                    0x0800b7e9   Thumb Code    94  dfix.o(x$fpl$dfix)
    __aeabi_i2d                              0x0800b847   Thumb Code     0  dflt_clz.o(x$fpl$dflt)
    _dflt                                    0x0800b847   Thumb Code    46  dflt_clz.o(x$fpl$dflt)
    __aeabi_dmul                             0x0800b875   Thumb Code     0  dmul.o(x$fpl$dmul)
    _dmul                                    0x0800b875   Thumb Code   332  dmul.o(x$fpl$dmul)
    __fpl_dnaninf                            0x0800b9c9   Thumb Code   156  dnaninf.o(x$fpl$dnaninf)
    __fpl_dretinf                            0x0800ba65   Thumb Code    12  dretinf.o(x$fpl$dretinf)
    __aeabi_dsub                             0x0800ba71   Thumb Code     0  daddsub_clz.o(x$fpl$dsub)
    _dsub                                    0x0800ba71   Thumb Code   464  daddsub_clz.o(x$fpl$dsub)
    __aeabi_f2d                              0x0800bc45   Thumb Code     0  f2d.o(x$fpl$f2d)
    _f2d                                     0x0800bc45   Thumb Code    86  f2d.o(x$fpl$f2d)
    __fpl_fnaninf                            0x0800bc9b   Thumb Code   140  fnaninf.o(x$fpl$fnaninf)
    _fp_init                                 0x0800bd27   Thumb Code    10  fpinit.o(x$fpl$fpinit)
    __fplib_config_fpu_vfp                   0x0800bd2f   Thumb Code     0  fpinit.o(x$fpl$fpinit)
    __fplib_config_pureend_doubles           0x0800bd2f   Thumb Code     0  fpinit.o(x$fpl$fpinit)
    __fpl_fretinf                            0x0800bd31   Thumb Code    10  fretinf.o(x$fpl$fretinf)
    _printf_fp_dec                           0x0800bd3b   Thumb Code     4  printf1.o(x$fpl$printf1)
    _printf_fp_hex                           0x0800bd3f   Thumb Code     4  printf2.o(x$fpl$printf2)
    __I$use$fp                               0x0800bd42   Number         0  usenofp.o(x$fpl$usenofp)
    YAW_SPEED_TO_CHASSIS_CH2                 0x0800bd44   Data           4  main.o(.constdata)
    PA0                                      0x0800bd48   Data           8  gpio.o(.constdata)
    PA1                                      0x0800bd50   Data           8  gpio.o(.constdata)
    PA2                                      0x0800bd58   Data           8  gpio.o(.constdata)
    PA3                                      0x0800bd60   Data           8  gpio.o(.constdata)
    PA4                                      0x0800bd68   Data           8  gpio.o(.constdata)
    PA5                                      0x0800bd70   Data           8  gpio.o(.constdata)
    PA6                                      0x0800bd78   Data           8  gpio.o(.constdata)
    PA7                                      0x0800bd80   Data           8  gpio.o(.constdata)
    PA8                                      0x0800bd88   Data           8  gpio.o(.constdata)
    PA9                                      0x0800bd90   Data           8  gpio.o(.constdata)
    PA10                                     0x0800bd98   Data           8  gpio.o(.constdata)
    PA11                                     0x0800bda0   Data           8  gpio.o(.constdata)
    PA12                                     0x0800bda8   Data           8  gpio.o(.constdata)
    PA13                                     0x0800bdb0   Data           8  gpio.o(.constdata)
    PA14                                     0x0800bdb8   Data           8  gpio.o(.constdata)
    PA15                                     0x0800bdc0   Data           8  gpio.o(.constdata)
    PB0                                      0x0800bdc8   Data           8  gpio.o(.constdata)
    PB1                                      0x0800bdd0   Data           8  gpio.o(.constdata)
    PB2                                      0x0800bdd8   Data           8  gpio.o(.constdata)
    PB3                                      0x0800bde0   Data           8  gpio.o(.constdata)
    PB4                                      0x0800bde8   Data           8  gpio.o(.constdata)
    PB5                                      0x0800bdf0   Data           8  gpio.o(.constdata)
    PB6                                      0x0800bdf8   Data           8  gpio.o(.constdata)
    PB7                                      0x0800be00   Data           8  gpio.o(.constdata)
    PB8                                      0x0800be08   Data           8  gpio.o(.constdata)
    PB9                                      0x0800be10   Data           8  gpio.o(.constdata)
    PB10                                     0x0800be18   Data           8  gpio.o(.constdata)
    PB11                                     0x0800be20   Data           8  gpio.o(.constdata)
    PB12                                     0x0800be28   Data           8  gpio.o(.constdata)
    PB13                                     0x0800be30   Data           8  gpio.o(.constdata)
    PB14                                     0x0800be38   Data           8  gpio.o(.constdata)
    PB15                                     0x0800be40   Data           8  gpio.o(.constdata)
    PC0                                      0x0800be48   Data           8  gpio.o(.constdata)
    PC1                                      0x0800be50   Data           8  gpio.o(.constdata)
    PC2                                      0x0800be58   Data           8  gpio.o(.constdata)
    PC3                                      0x0800be60   Data           8  gpio.o(.constdata)
    PC4                                      0x0800be68   Data           8  gpio.o(.constdata)
    PC5                                      0x0800be70   Data           8  gpio.o(.constdata)
    PC6                                      0x0800be78   Data           8  gpio.o(.constdata)
    PC7                                      0x0800be80   Data           8  gpio.o(.constdata)
    PC8                                      0x0800be88   Data           8  gpio.o(.constdata)
    PC9                                      0x0800be90   Data           8  gpio.o(.constdata)
    PC10                                     0x0800be98   Data           8  gpio.o(.constdata)
    PC11                                     0x0800bea0   Data           8  gpio.o(.constdata)
    PC12                                     0x0800bea8   Data           8  gpio.o(.constdata)
    PC13                                     0x0800beb0   Data           8  gpio.o(.constdata)
    PC14                                     0x0800beb8   Data           8  gpio.o(.constdata)
    PC15                                     0x0800bec0   Data           8  gpio.o(.constdata)
    PD0                                      0x0800bec8   Data           8  gpio.o(.constdata)
    PD1                                      0x0800bed0   Data           8  gpio.o(.constdata)
    PD2                                      0x0800bed8   Data           8  gpio.o(.constdata)
    PD3                                      0x0800bee0   Data           8  gpio.o(.constdata)
    PD4                                      0x0800bee8   Data           8  gpio.o(.constdata)
    PD5                                      0x0800bef0   Data           8  gpio.o(.constdata)
    PD6                                      0x0800bef8   Data           8  gpio.o(.constdata)
    PD7                                      0x0800bf00   Data           8  gpio.o(.constdata)
    PD8                                      0x0800bf08   Data           8  gpio.o(.constdata)
    PD9                                      0x0800bf10   Data           8  gpio.o(.constdata)
    PD10                                     0x0800bf18   Data           8  gpio.o(.constdata)
    PD11                                     0x0800bf20   Data           8  gpio.o(.constdata)
    PD12                                     0x0800bf28   Data           8  gpio.o(.constdata)
    PD13                                     0x0800bf30   Data           8  gpio.o(.constdata)
    PD14                                     0x0800bf38   Data           8  gpio.o(.constdata)
    PD15                                     0x0800bf40   Data           8  gpio.o(.constdata)
    PE0                                      0x0800bf48   Data           8  gpio.o(.constdata)
    PE1                                      0x0800bf50   Data           8  gpio.o(.constdata)
    PE2                                      0x0800bf58   Data           8  gpio.o(.constdata)
    PE3                                      0x0800bf60   Data           8  gpio.o(.constdata)
    PE4                                      0x0800bf68   Data           8  gpio.o(.constdata)
    PE5                                      0x0800bf70   Data           8  gpio.o(.constdata)
    PE6                                      0x0800bf78   Data           8  gpio.o(.constdata)
    PE7                                      0x0800bf80   Data           8  gpio.o(.constdata)
    PE8                                      0x0800bf88   Data           8  gpio.o(.constdata)
    PE9                                      0x0800bf90   Data           8  gpio.o(.constdata)
    PE10                                     0x0800bf98   Data           8  gpio.o(.constdata)
    PE11                                     0x0800bfa0   Data           8  gpio.o(.constdata)
    PE12                                     0x0800bfa8   Data           8  gpio.o(.constdata)
    PE13                                     0x0800bfb0   Data           8  gpio.o(.constdata)
    PE14                                     0x0800bfb8   Data           8  gpio.o(.constdata)
    PE15                                     0x0800bfc0   Data           8  gpio.o(.constdata)
    PF0                                      0x0800bfc8   Data           8  gpio.o(.constdata)
    PF1                                      0x0800bfd0   Data           8  gpio.o(.constdata)
    PF2                                      0x0800bfd8   Data           8  gpio.o(.constdata)
    PF3                                      0x0800bfe0   Data           8  gpio.o(.constdata)
    PF4                                      0x0800bfe8   Data           8  gpio.o(.constdata)
    PF5                                      0x0800bff0   Data           8  gpio.o(.constdata)
    PF6                                      0x0800bff8   Data           8  gpio.o(.constdata)
    PF7                                      0x0800c000   Data           8  gpio.o(.constdata)
    PF8                                      0x0800c008   Data           8  gpio.o(.constdata)
    PF9                                      0x0800c010   Data           8  gpio.o(.constdata)
    PF10                                     0x0800c018   Data           8  gpio.o(.constdata)
    PF11                                     0x0800c020   Data           8  gpio.o(.constdata)
    PF12                                     0x0800c028   Data           8  gpio.o(.constdata)
    PF13                                     0x0800c030   Data           8  gpio.o(.constdata)
    PF14                                     0x0800c038   Data           8  gpio.o(.constdata)
    PF15                                     0x0800c040   Data           8  gpio.o(.constdata)
    PG0                                      0x0800c048   Data           8  gpio.o(.constdata)
    PG1                                      0x0800c050   Data           8  gpio.o(.constdata)
    PG2                                      0x0800c058   Data           8  gpio.o(.constdata)
    PG3                                      0x0800c060   Data           8  gpio.o(.constdata)
    PG4                                      0x0800c068   Data           8  gpio.o(.constdata)
    PG5                                      0x0800c070   Data           8  gpio.o(.constdata)
    PG6                                      0x0800c078   Data           8  gpio.o(.constdata)
    PG7                                      0x0800c080   Data           8  gpio.o(.constdata)
    PG8                                      0x0800c088   Data           8  gpio.o(.constdata)
    PG9                                      0x0800c090   Data           8  gpio.o(.constdata)
    PG10                                     0x0800c098   Data           8  gpio.o(.constdata)
    PG11                                     0x0800c0a0   Data           8  gpio.o(.constdata)
    PG12                                     0x0800c0a8   Data           8  gpio.o(.constdata)
    PG13                                     0x0800c0b0   Data           8  gpio.o(.constdata)
    PG14                                     0x0800c0b8   Data           8  gpio.o(.constdata)
    PG15                                     0x0800c0c0   Data           8  gpio.o(.constdata)
    START_UP                                 0x0800c0c8   Data          12  buzzer_song.o(.constdata)
    SUCCESSFUL_SOUND                         0x0800c0d4   Data           8  buzzer_song.o(.constdata)
    FAIL_SOUND                               0x0800c0dc   Data           6  buzzer_song.o(.constdata)
    CLICK_LEFT                               0x0800c0e2   Data           4  buzzer_song.o(.constdata)
    CLICK_RIGHT                              0x0800c0e6   Data           4  buzzer_song.o(.constdata)
    CLICK_DOWN                               0x0800c0ea   Data           4  buzzer_song.o(.constdata)
    CLICK_UP                                 0x0800c0ee   Data           4  buzzer_song.o(.constdata)
    CLICK_CENTER                             0x0800c0f2   Data           4  buzzer_song.o(.constdata)
    CLICK_SMALL_BUTTON                       0x0800c0f6   Data           4  buzzer_song.o(.constdata)
    CLICK_MUSIC                              0x0800c0fa   Data           4  buzzer_song.o(.constdata)
    BIRTHDAY_SONG                            0x0800c0fe   Data         144  buzzer_song.o(.constdata)
    CRC8_INIT                                0x0800c18e   Data           1  judge.o(.constdata)
    CRC8_TAB                                 0x0800c18f   Data         256  judge.o(.constdata)
    wCRC_Table                               0x0800c290   Data         512  judge.o(.constdata)
    Region$$Table$$Base                      0x0800c58c   Number         0  anon$$obj.o(Region$$Table)
    Region$$Table$$Limit                     0x0800c5ac   Number         0  anon$$obj.o(Region$$Table)
    __ctype                                  0x0800c5d5   Data           0  lc_ctype_c.o(locale$$data)
    ticks_msimg                              0x20001000   Data           4  main.o(.data)
    float_debug                              0x20001004   Data           4  main.o(.data)
    int_debug                                0x20001008   Data           2  main.o(.data)
    int_debug2                               0x2000100a   Data           2  main.o(.data)
    target_angle                             0x2000100c   Data           4  main.o(.data)
    current_angle                            0x20001010   Data           4  main.o(.data)
    M_wheel_result                           0x20001014   Data           8  main.o(.data)
    buffer_remain                            0x2000101c   Data           4  main.o(.data)
    init_yaw_pos                             0x20001020   Data           4  main.o(.data)
    init_pitch_pos                           0x20001024   Data           4  main.o(.data)
    buff_yaw_pos                             0x20001028   Data           6  main.o(.data)
    buff_pitch_pos                           0x2000102e   Data           6  main.o(.data)
    Chassis_Connected                        0x20001034   Data           1  main.o(.data)
    Gimbal_Connected                         0x20001035   Data           1  main.o(.data)
    DBUS_Connected                           0x20001036   Data           1  main.o(.data)
    chassis_ch2                              0x20001038   Data           2  main.o(.data)
    last_ch_input                            0x2000103a   Data           8  main.o(.data)
    ch_input                                 0x20001042   Data           8  main.o(.data)
    mouse_input                              0x2000104a   Data           4  main.o(.data)
    last_mouse_input                         0x2000104e   Data           4  main.o(.data)
    SystemCoreClock                          0x20001054   Data           4  system_stm32f4xx.o(.data)
    AHBPrescTable                            0x20001058   Data          16  system_stm32f4xx.o(.data)
    sin_table                                0x20003078   Data        3600  customized_function.o(.data)
    cos_table                                0x20003e88   Data        3600  customized_function.o(.data)
    curr_bg_color                            0x20005cce   Data           2  1.8 tft_display.o(.data)
    curr_text_color                          0x20005cd0   Data           2  1.8 tft_display.o(.data)
    curr_text_color_sp                       0x20005cd2   Data           2  1.8 tft_display.o(.data)
    tft_orientation                          0x20005cd4   Data           1  1.8 tft_display.o(.data)
    tft_enabled                              0x20005cd5   Data           1  1.8 tft_display.o(.data)
    print_pos                                0x20005cd6   Data           2  1.8 tft_display.o(.data)
    startAddress                             0x20005cd8   Data           4  flash.o(.data)
    curr_ang_vel                             0x20006cdc   Data           2  yaw_gyro.o(.data)
    prev_ang_vel                             0x20006cde   Data           2  yaw_gyro.o(.data)
    gyro_angle                               0x20006ce0   Data           4  yaw_gyro.o(.data)
    curr_real_angle                          0x20006ce4   Data           2  yaw_gyro.o(.data)
    prev_real_angle                          0x20006ce6   Data           2  yaw_gyro.o(.data)
    gyro_cal_result                          0x20006ce8   Data           2  yaw_gyro.o(.data)
    gyro_state                               0x20006cea   Data           1  yaw_gyro.o(.data)
    sim1_angle                               0x20006cec   Data           4  yaw_gyro.o(.data)
    sim2_angle                               0x20006cf0   Data           4  yaw_gyro.o(.data)
    sim_factor                               0x20006cf4   Data           1  yaw_gyro.o(.data)
    sim_before                               0x20006cf8   Data           4  yaw_gyro.o(.data)
    sim_now                                  0x20006cfc   Data           4  yaw_gyro.o(.data)
    sim_angle                                0x20006d00   Data           4  yaw_gyro.o(.data)
    real_angle                               0x20006d04   Data           2  yaw_gyro.o(.data)
    sim_angle_off                            0x20006d06   Data           2  yaw_gyro.o(.data)
    yaw_Kp                                   0x20006d08   Data           4  yaw_gyro.o(.data)
    yaw_Ki                                   0x20006d0c   Data           4  yaw_gyro.o(.data)
    yaw_Kd                                   0x20006d10   Data           4  yaw_gyro.o(.data)
    yaw_temp_derivative                      0x20006d14   Data           4  yaw_gyro.o(.data)
    yaw_temp_integral                        0x20006d18   Data           4  yaw_gyro.o(.data)
    yaw_pre_error                            0x20006d1c   Data           4  yaw_gyro.o(.data)
    yaw_pid_output_angle                     0x20006d20   Data           4  yaw_gyro.o(.data)
    angle_updated                            0x20006d24   Data           4  yaw_gyro.o(.data)
    old_yaw                                  0x20006d28   Data           4  yaw_gyro.o(.data)
    yaw_turn_time                            0x20006d2c   Data           2  yaw_gyro.o(.data)
    output_angle                             0x20006d30   Data           4  yaw_gyro.o(.data)
    can_chassis_count                        0x20006d38   Data           4  canbusprocess.o(.data)
    can_chassis_last_count                   0x20006d3c   Data           4  canbusprocess.o(.data)
    can_gimbal_count                         0x20006d40   Data           4  canbusprocess.o(.data)
    can_gimbal_last_count                    0x20006d44   Data           4  canbusprocess.o(.data)
    connected_timer                          0x20006d48   Data           1  dbus.o(.data)
    DBUS_count                               0x20006d4c   Data           4  dbus.o(.data)
    DBUS_last_count                          0x20006d50   Data           4  dbus.o(.data)
    UARTtemp                                 0x20006d54   Data           1  dbus.o(.data)
    CRC_INIT                                 0x20007d58   Data           2  judge.o(.data)
    UARTtemp1                                0x20007d5a   Data           1  judge.o(.data)
    FT                                       0x20007d5c   Data           4  judge.o(.data)
    ENCODER_Data                             0x20007d60   Data           4  driver_encoder.o(.data)
    wheels_pos_pid                           0x20007d70   Data         176  main.o(.bss)
    wheels_speed_pid                         0x20007e20   Data         176  main.o(.bss)
    wheels_speed_semi_closed_pid             0x20007ed0   Data         176  main.o(.bss)
    angle_pid                                0x20007f80   Data          44  main.o(.bss)
    buffer_pid                               0x20007fac   Data          44  main.o(.bss)
    gimbal_speed_pid                         0x20007fd8   Data          88  main.o(.bss)
    gimbal_pos_pid                           0x20008030   Data          88  main.o(.bss)
    gimbal_reset_pid                         0x20008088   Data          44  main.o(.bss)
    gimbal_relative_angle_pid                0x200080b4   Data          44  main.o(.bss)
    str                                      0x200080e0   Data         256  main.o(.bss)
    manual_buff_pos                          0x200081e0   Data          72  main.o(.bss)
    text                                     0x20008242   Data         240  1.8 tft_display.o(.bss)
    text_prev                                0x20008332   Data         240  1.8 tft_display.o(.bss)
    text_color                               0x20008422   Data         480  1.8 tft_display.o(.bss)
    text_color_prev                          0x20008602   Data         480  1.8 tft_display.o(.bss)
    bg_color                                 0x200087e2   Data         480  1.8 tft_display.o(.bss)
    bg_color_prev                            0x200089c2   Data         480  1.8 tft_display.o(.bss)
    text_bg_color_prev                       0x20008ba2   Data         240  1.8 tft_display.o(.bss)
    ADC1_level                               0x20008c92   Data          34  adc.o(.bss)
    CM1Encoder                               0x20008cb4   Data          64  canbusprocess.o(.bss)
    CM2Encoder                               0x20008cf4   Data          64  canbusprocess.o(.bss)
    CM3Encoder                               0x20008d34   Data          64  canbusprocess.o(.bss)
    CM4Encoder                               0x20008d74   Data          64  canbusprocess.o(.bss)
    GMYawEncoder                             0x20008db4   Data          64  canbusprocess.o(.bss)
    GMPitchEncoder                           0x20008df4   Data          64  canbusprocess.o(.bss)
    GMxEncoder                               0x20008e34   Data          64  canbusprocess.o(.bss)
    DBUS_ReceiveData                         0x20008e74   Data          32  dbus.o(.bss)
    LASTDBUS_ReceiveData                     0x20008e94   Data          32  dbus.o(.bss)
    DBUSBuffer                               0x20008eb4   Data          19  dbus.o(.bss)
    InfantryJudge                            0x20008ec8   Data          16  judge.o(.bss)
    JudgeDataBuffer                          0x20008ed8   Data         150  judge.o(.bss)
    GUN_Data                                 0x20008fac   Data          16  driver_gun.o(.bss)
    __libspace_start                         0x2000905c   Data          96  libspace.o(.bss)
    __temporary_stack_top$libspace           0x200090bc   Data           0  libspace.o(.bss)



==============================================================================

Memory Map of the image

  Image Entry point : 0x08000189

  Load Region LR_IROM1 (Base: 0x08000000, Size: 0x00014448, Max: 0x00100000, ABSOLUTE, COMPRESSED[0x0000e738])

    Execution Region ER_IROM1 (Base: 0x08000000, Size: 0x0000c6d8, Max: 0x00100000, ABSOLUTE)

    Base Addr    Size         Type   Attr      Idx    E Section Name        Object

    0x08000000   0x00000188   Data   RO          531    RESET               startup_stm32f40_41xxx.o
    0x08000188   0x00000008   Code   RO         1503  * !!!main             c_w.l(__main.o)
    0x08000190   0x00000034   Code   RO         1866    !!!scatter          c_w.l(__scatter.o)
    0x080001c4   0x00000064   Code   RO         1864    !!dclz77c           c_w.l(__dclz77c.o)
    0x08000228   0x0000001c   Code   RO         1868    !!handler_zi        c_w.l(__scatter_zi.o)
    0x08000244   0x00000000   Code   RO         1619    .ARM.Collect$$_printf_percent$$00000000  c_w.l(_printf_percent.o)
    0x08000244   0x00000006   Code   RO         1608    .ARM.Collect$$_printf_percent$$00000001  c_w.l(_printf_n.o)
    0x0800024a   0x00000006   Code   RO         1610    .ARM.Collect$$_printf_percent$$00000002  c_w.l(_printf_p.o)
    0x08000250   0x00000006   Code   RO         1615    .ARM.Collect$$_printf_percent$$00000003  c_w.l(_printf_f.o)
    0x08000256   0x00000006   Code   RO         1616    .ARM.Collect$$_printf_percent$$00000004  c_w.l(_printf_e.o)
    0x0800025c   0x00000006   Code   RO         1617    .ARM.Collect$$_printf_percent$$00000005  c_w.l(_printf_g.o)
    0x08000262   0x00000006   Code   RO         1618    .ARM.Collect$$_printf_percent$$00000006  c_w.l(_printf_a.o)
    0x08000268   0x0000000a   Code   RO         1623    .ARM.Collect$$_printf_percent$$00000007  c_w.l(_printf_ll.o)
    0x08000272   0x00000006   Code   RO         1612    .ARM.Collect$$_printf_percent$$00000008  c_w.l(_printf_i.o)
    0x08000278   0x00000006   Code   RO         1613    .ARM.Collect$$_printf_percent$$00000009  c_w.l(_printf_d.o)
    0x0800027e   0x00000006   Code   RO         1614    .ARM.Collect$$_printf_percent$$0000000A  c_w.l(_printf_u.o)
    0x08000284   0x00000006   Code   RO         1611    .ARM.Collect$$_printf_percent$$0000000B  c_w.l(_printf_o.o)
    0x0800028a   0x00000006   Code   RO         1609    .ARM.Collect$$_printf_percent$$0000000C  c_w.l(_printf_x.o)
    0x08000290   0x00000006   Code   RO         1620    .ARM.Collect$$_printf_percent$$0000000D  c_w.l(_printf_lli.o)
    0x08000296   0x00000006   Code   RO         1621    .ARM.Collect$$_printf_percent$$0000000E  c_w.l(_printf_lld.o)
    0x0800029c   0x00000006   Code   RO         1622    .ARM.Collect$$_printf_percent$$0000000F  c_w.l(_printf_llu.o)
    0x080002a2   0x00000006   Code   RO         1627    .ARM.Collect$$_printf_percent$$00000010  c_w.l(_printf_llo.o)
    0x080002a8   0x00000006   Code   RO         1628    .ARM.Collect$$_printf_percent$$00000011  c_w.l(_printf_llx.o)
    0x080002ae   0x0000000a   Code   RO         1624    .ARM.Collect$$_printf_percent$$00000012  c_w.l(_printf_l.o)
    0x080002b8   0x00000006   Code   RO         1606    .ARM.Collect$$_printf_percent$$00000013  c_w.l(_printf_c.o)
    0x080002be   0x00000006   Code   RO         1607    .ARM.Collect$$_printf_percent$$00000014  c_w.l(_printf_s.o)
    0x080002c4   0x00000006   Code   RO         1625    .ARM.Collect$$_printf_percent$$00000015  c_w.l(_printf_lc.o)
    0x080002ca   0x00000006   Code   RO         1626    .ARM.Collect$$_printf_percent$$00000016  c_w.l(_printf_ls.o)
    0x080002d0   0x00000004   Code   RO         1676    .ARM.Collect$$_printf_percent$$00000017  c_w.l(_printf_percent_end.o)
    0x080002d4   0x00000002   Code   RO         1725    .ARM.Collect$$libinit$$00000000  c_w.l(libinit.o)
    0x080002d6   0x00000004   Code   RO         1740    .ARM.Collect$$libinit$$00000001  c_w.l(libinit2.o)
    0x080002da   0x00000000   Code   RO         1743    .ARM.Collect$$libinit$$00000004  c_w.l(libinit2.o)
    0x080002da   0x00000000   Code   RO         1746    .ARM.Collect$$libinit$$0000000A  c_w.l(libinit2.o)
    0x080002da   0x00000000   Code   RO         1748    .ARM.Collect$$libinit$$0000000C  c_w.l(libinit2.o)
    0x080002da   0x00000000   Code   RO         1750    .ARM.Collect$$libinit$$0000000E  c_w.l(libinit2.o)
    0x080002da   0x00000006   Code   RO         1751    .ARM.Collect$$libinit$$0000000F  c_w.l(libinit2.o)
    0x080002e0   0x00000000   Code   RO         1753    .ARM.Collect$$libinit$$00000011  c_w.l(libinit2.o)
    0x080002e0   0x0000000c   Code   RO         1754    .ARM.Collect$$libinit$$00000012  c_w.l(libinit2.o)
    0x080002ec   0x00000000   Code   RO         1755    .ARM.Collect$$libinit$$00000013  c_w.l(libinit2.o)
    0x080002ec   0x00000000   Code   RO         1757    .ARM.Collect$$libinit$$00000015  c_w.l(libinit2.o)
    0x080002ec   0x0000000a   Code   RO         1758    .ARM.Collect$$libinit$$00000016  c_w.l(libinit2.o)
    0x080002f6   0x00000000   Code   RO         1759    .ARM.Collect$$libinit$$00000017  c_w.l(libinit2.o)
    0x080002f6   0x00000000   Code   RO         1761    .ARM.Collect$$libinit$$00000019  c_w.l(libinit2.o)
    0x080002f6   0x00000000   Code   RO         1763    .ARM.Collect$$libinit$$0000001B  c_w.l(libinit2.o)
    0x080002f6   0x00000000   Code   RO         1765    .ARM.Collect$$libinit$$0000001D  c_w.l(libinit2.o)
    0x080002f6   0x00000000   Code   RO         1767    .ARM.Collect$$libinit$$0000001F  c_w.l(libinit2.o)
    0x080002f6   0x00000000   Code   RO         1769    .ARM.Collect$$libinit$$00000021  c_w.l(libinit2.o)
    0x080002f6   0x00000000   Code   RO         1771    .ARM.Collect$$libinit$$00000023  c_w.l(libinit2.o)
    0x080002f6   0x00000000   Code   RO         1773    .ARM.Collect$$libinit$$00000025  c_w.l(libinit2.o)
    0x080002f6   0x00000000   Code   RO         1777    .ARM.Collect$$libinit$$0000002C  c_w.l(libinit2.o)
    0x080002f6   0x00000000   Code   RO         1779    .ARM.Collect$$libinit$$0000002E  c_w.l(libinit2.o)
    0x080002f6   0x00000000   Code   RO         1781    .ARM.Collect$$libinit$$00000030  c_w.l(libinit2.o)
    0x080002f6   0x00000000   Code   RO         1783    .ARM.Collect$$libinit$$00000032  c_w.l(libinit2.o)
    0x080002f6   0x00000002   Code   RO         1784    .ARM.Collect$$libinit$$00000033  c_w.l(libinit2.o)
    0x080002f8   0x00000002   Code   RO         1804    .ARM.Collect$$libshutdown$$00000000  c_w.l(libshutdown.o)
    0x080002fa   0x00000000   Code   RO         1817    .ARM.Collect$$libshutdown$$00000002  c_w.l(libshutdown2.o)
    0x080002fa   0x00000000   Code   RO         1819    .ARM.Collect$$libshutdown$$00000004  c_w.l(libshutdown2.o)
    0x080002fa   0x00000000   Code   RO         1822    .ARM.Collect$$libshutdown$$00000007  c_w.l(libshutdown2.o)
    0x080002fa   0x00000000   Code   RO         1825    .ARM.Collect$$libshutdown$$0000000A  c_w.l(libshutdown2.o)
    0x080002fa   0x00000000   Code   RO         1827    .ARM.Collect$$libshutdown$$0000000C  c_w.l(libshutdown2.o)
    0x080002fa   0x00000000   Code   RO         1830    .ARM.Collect$$libshutdown$$0000000F  c_w.l(libshutdown2.o)
    0x080002fa   0x00000002   Code   RO         1831    .ARM.Collect$$libshutdown$$00000010  c_w.l(libshutdown2.o)
    0x080002fc   0x00000000   Code   RO         1537    .ARM.Collect$$rtentry$$00000000  c_w.l(__rtentry.o)
    0x080002fc   0x00000000   Code   RO         1647    .ARM.Collect$$rtentry$$00000002  c_w.l(__rtentry2.o)
    0x080002fc   0x00000006   Code   RO         1659    .ARM.Collect$$rtentry$$00000004  c_w.l(__rtentry4.o)
    0x08000302   0x00000000   Code   RO         1649    .ARM.Collect$$rtentry$$00000009  c_w.l(__rtentry2.o)
    0x08000302   0x00000004   Code   RO         1650    .ARM.Collect$$rtentry$$0000000A  c_w.l(__rtentry2.o)
    0x08000306   0x00000000   Code   RO         1652    .ARM.Collect$$rtentry$$0000000C  c_w.l(__rtentry2.o)
    0x08000306   0x00000008   Code   RO         1653    .ARM.Collect$$rtentry$$0000000D  c_w.l(__rtentry2.o)
    0x0800030e   0x00000002   Code   RO         1733    .ARM.Collect$$rtexit$$00000000  c_w.l(rtexit.o)
    0x08000310   0x00000000   Code   RO         1786    .ARM.Collect$$rtexit$$00000002  c_w.l(rtexit2.o)
    0x08000310   0x00000004   Code   RO         1787    .ARM.Collect$$rtexit$$00000003  c_w.l(rtexit2.o)
    0x08000314   0x00000006   Code   RO         1788    .ARM.Collect$$rtexit$$00000004  c_w.l(rtexit2.o)
    0x0800031a   0x00000024   Code   RO            4    .text               stm32f4xx_it.o
    0x0800033e   0x00000002   PAD
    0x08000340   0x00000230   Code   RO          151    .text               main.o
    0x08000570   0x00000210   Code   RO          290    .text               system_stm32f4xx.o
    0x08000780   0x00000c00   Code   RO          320    .text               external_control.o
    0x08001380   0x00000644   Code   RO          415    .text               gimbal_control.o
    0x080019c4   0x0000058c   Code   RO          438    .text               pid_s.o
    0x08001f50   0x0000085c   Code   RO          479    .text               chassis_control.o
    0x080027ac   0x000004b8   Code   RO          505    .text               customized_function.o
    0x08002c64   0x00000040   Code   RO          532    .text               startup_stm32f40_41xxx.o
    0x08002ca4   0x000000e0   Code   RO          539    .text               misc.o
    0x08002d84   0x00000464   Code   RO          563    .text               stm32f4xx_adc.o
    0x080031e8   0x000009f0   Code   RO          587    .text               stm32f4xx_can.o
    0x08003bd8   0x000003a8   Code   RO          635    .text               stm32f4xx_dma.o
    0x08003f80   0x00000694   Code   RO          659    .text               stm32f4xx_flash.o
    0x08004614   0x00000294   Code   RO          683    .text               stm32f4xx_gpio.o
    0x080048a8   0x00000480   Code   RO          731    .text               stm32f4xx_spi.o
    0x08004d28   0x00000ca2   Code   RO          779    .text               stm32f4xx_tim.o
    0x080059ca   0x00000002   PAD
    0x080059cc   0x00000454   Code   RO          803    .text               stm32f4xx_usart.o
    0x08005e20   0x0000065c   Code   RO          827    .text               stm32f4xx_rcc.o
    0x0800647c   0x00000318   Code   RO          853    .text               buzzer.o
    0x08006794   0x000002bc   Code   RO          880    .text               gpio.o
    0x08006a50   0x000000cc   Code   RO          910    .text               ticks.o
    0x08006b1c   0x00000200   Code   RO          964    .text               timer.o
    0x08006d1c   0x00000064   Code   RO         1015    .text               led.o
    0x08006d80   0x00000e7c   Code   RO         1068    .text               1.8 tft_display.o
    0x08007bfc   0x0000004c   Code   RO         1110    .text               flash.o
    0x08007c48   0x000007a0   Code   RO         1137    .text               yaw_gyro.o
    0x080083e8   0x00000148   Code   RO         1172    .text               adc.o
    0x08008530   0x00000080   Code   RO         1230    .text               pneumatic.o
    0x080085b0   0x00000150   Code   RO         1254    .text               can1.o
    0x08008700   0x00000150   Code   RO         1282    .text               can2.o
    0x08008850   0x0000031c   Code   RO         1309    .text               canbusprocess.o
    0x08008b6c   0x00000300   Code   RO         1344    .text               dbus.o
    0x08008e6c   0x00000318   Code   RO         1375    .text               judge.o
    0x08009184   0x000000a4   Code   RO         1407    .text               data_monitor.o
    0x08009228   0x000000ac   Code   RO         1433    .text               driver_encoder.o
    0x080092d4   0x00000740   Code   RO         1463    .text               driver_gun.o
    0x08009a14   0x00000024   Code   RO         1497    .text               c_w.l(vsprintf.o)
    0x08009a38   0x00000064   Code   RO         1499    .text               c_w.l(rt_memcpy_w.o)
    0x08009a9c   0x00000006   Code   RO         1501    .text               c_w.l(heapauxi.o)
    0x08009aa2   0x0000004e   Code   RO         1540    .text               c_w.l(_printf_pad.o)
    0x08009af0   0x00000024   Code   RO         1542    .text               c_w.l(_printf_truncate.o)
    0x08009b14   0x00000052   Code   RO         1544    .text               c_w.l(_printf_str.o)
    0x08009b66   0x00000002   PAD
    0x08009b68   0x00000078   Code   RO         1546    .text               c_w.l(_printf_dec.o)
    0x08009be0   0x00000028   Code   RO         1548    .text               c_w.l(_printf_charcount.o)
    0x08009c08   0x00000030   Code   RO         1550    .text               c_w.l(_printf_char_common.o)
    0x08009c38   0x0000000a   Code   RO         1552    .text               c_w.l(_sputc.o)
    0x08009c42   0x00000002   PAD
    0x08009c44   0x000000bc   Code   RO         1554    .text               c_w.l(_printf_wctomb.o)
    0x08009d00   0x0000007c   Code   RO         1557    .text               c_w.l(_printf_longlong_dec.o)
    0x08009d7c   0x00000070   Code   RO         1563    .text               c_w.l(_printf_oct_int_ll.o)
    0x08009dec   0x00000094   Code   RO         1583    .text               c_w.l(_printf_hex_int_ll_ptr.o)
    0x08009e80   0x00000188   Code   RO         1603    .text               c_w.l(__printf_flags_ss_wp.o)
    0x0800a008   0x0000008a   Code   RO         1661    .text               c_w.l(lludiv10.o)
    0x0800a092   0x000000b2   Code   RO         1663    .text               c_w.l(_printf_intcommon.o)
    0x0800a144   0x0000041a   Code   RO         1665    .text               c_w.l(_printf_fp_dec.o)
    0x0800a55e   0x00000002   PAD
    0x0800a560   0x000002fc   Code   RO         1667    .text               c_w.l(_printf_fp_hex.o)
    0x0800a85c   0x0000002c   Code   RO         1672    .text               c_w.l(_printf_char.o)
    0x0800a888   0x0000002c   Code   RO         1674    .text               c_w.l(_printf_wchar.o)
    0x0800a8b4   0x00000040   Code   RO         1677    .text               c_w.l(_wcrtomb.o)
    0x0800a8f4   0x0000004a   Code   RO         1679    .text               c_w.l(sys_stackheap_outer.o)
    0x0800a93e   0x00000002   PAD
    0x0800a940   0x00000010   Code   RO         1681    .text               c_w.l(rt_ctype_table.o)
    0x0800a950   0x00000008   Code   RO         1686    .text               c_w.l(rt_locale_intlibspace.o)
    0x0800a958   0x00000080   Code   RO         1688    .text               c_w.l(_printf_fp_infnan.o)
    0x0800a9d8   0x000000dc   Code   RO         1690    .text               c_w.l(bigflt0.o)
    0x0800aab4   0x00000012   Code   RO         1718    .text               c_w.l(exit.o)
    0x0800aac6   0x00000002   PAD
    0x0800aac8   0x00000008   Code   RO         1730    .text               c_w.l(libspace.o)
    0x0800aad0   0x00000080   Code   RO         1738    .text               c_w.l(strcmpv7m.o)
    0x0800ab50   0x0000000c   Code   RO         1796    .text               c_w.l(sys_exit.o)
    0x0800ab5c   0x00000002   Code   RO         1807    .text               c_w.l(use_no_semi.o)
    0x0800ab5e   0x00000000   Code   RO         1809    .text               c_w.l(indicate_semi.o)
    0x0800ab5e   0x0000003e   Code   RO         1693    CL$$btod_d2e        c_w.l(btod.o)
    0x0800ab9c   0x00000046   Code   RO         1695    CL$$btod_d2e_denorm_low  c_w.l(btod.o)
    0x0800abe2   0x00000060   Code   RO         1694    CL$$btod_d2e_norm_op1  c_w.l(btod.o)
    0x0800ac42   0x00000338   Code   RO         1703    CL$$btod_div_common  c_w.l(btod.o)
    0x0800af7a   0x000000c6   Code   RO         1700    CL$$btod_e2e        c_w.l(btod.o)
    0x0800b040   0x00000028   Code   RO         1697    CL$$btod_ediv       c_w.l(btod.o)
    0x0800b068   0x00000028   Code   RO         1696    CL$$btod_emul       c_w.l(btod.o)
    0x0800b090   0x00000244   Code   RO         1702    CL$$btod_mult_common  c_w.l(btod.o)
    0x0800b2d4   0x00000030   Code   RO         1728    i.__ARM_fpclassify  m_wm.l(fpclassify.o)
    0x0800b304   0x0000000e   Code   RO         1596    i._is_digit         c_w.l(__printf_wp.o)
    0x0800b312   0x00000018   Code   RO         1533    i.fabs              m_wm.l(fabs.o)
    0x0800b32a   0x00000002   PAD
    0x0800b32c   0x0000002c   Code   RO         1716    locale$$code        c_w.l(lc_numeric_c.o)
    0x0800b358   0x0000002c   Code   RO         1736    locale$$code        c_w.l(lc_ctype_c.o)
    0x0800b384   0x00000062   Code   RO         1505    x$fpl$d2f           fz_wm.l(d2f.o)
    0x0800b3e6   0x00000002   PAD
    0x0800b3e8   0x00000150   Code   RO         1507    x$fpl$dadd          fz_wm.l(daddsub_clz.o)
    0x0800b538   0x000002b0   Code   RO         1514    x$fpl$ddiv          fz_wm.l(ddiv.o)
    0x0800b7e8   0x0000005e   Code   RO         1517    x$fpl$dfix          fz_wm.l(dfix.o)
    0x0800b846   0x0000002e   Code   RO         1522    x$fpl$dflt          fz_wm.l(dflt_clz.o)
    0x0800b874   0x00000154   Code   RO         1527    x$fpl$dmul          fz_wm.l(dmul.o)
    0x0800b9c8   0x0000009c   Code   RO         1629    x$fpl$dnaninf       fz_wm.l(dnaninf.o)
    0x0800ba64   0x0000000c   Code   RO         1631    x$fpl$dretinf       fz_wm.l(dretinf.o)
    0x0800ba70   0x000001d4   Code   RO         1509    x$fpl$dsub          fz_wm.l(daddsub_clz.o)
    0x0800bc44   0x00000056   Code   RO         1529    x$fpl$f2d           fz_wm.l(f2d.o)
    0x0800bc9a   0x0000008c   Code   RO         1633    x$fpl$fnaninf       fz_wm.l(fnaninf.o)
    0x0800bd26   0x0000000a   Code   RO         1794    x$fpl$fpinit        fz_wm.l(fpinit.o)
    0x0800bd30   0x0000000a   Code   RO         1635    x$fpl$fretinf       fz_wm.l(fretinf.o)
    0x0800bd3a   0x00000004   Code   RO         1637    x$fpl$printf1       fz_wm.l(printf1.o)
    0x0800bd3e   0x00000004   Code   RO         1639    x$fpl$printf2       fz_wm.l(printf2.o)
    0x0800bd42   0x00000000   Code   RO         1645    x$fpl$usenofp       fz_wm.l(usenofp.o)
    0x0800bd42   0x00000002   PAD
    0x0800bd44   0x00000004   Data   RO          153    .constdata          main.o
    0x0800bd48   0x00000380   Data   RO          881    .constdata          gpio.o
    0x0800c0c8   0x000000c6   Data   RO         1044    .constdata          buzzer_song.o
    0x0800c18e   0x00000302   Data   RO         1377    .constdata          judge.o
    0x0800c490   0x00000008   Data   RO         1555    .constdata          c_w.l(_printf_wctomb.o)
    0x0800c498   0x00000028   Data   RO         1584    .constdata          c_w.l(_printf_hex_int_ll_ptr.o)
    0x0800c4c0   0x00000011   Data   RO         1604    .constdata          c_w.l(__printf_flags_ss_wp.o)
    0x0800c4d1   0x00000026   Data   RO         1668    .constdata          c_w.l(_printf_fp_hex.o)
    0x0800c4f7   0x00000001   PAD
    0x0800c4f8   0x00000094   Data   RO         1691    .constdata          c_w.l(bigflt0.o)
    0x0800c58c   0x00000020   Data   RO         1862    Region$$Table       anon$$obj.o
    0x0800c5ac   0x0000001c   Data   RO         1715    locale$$data        c_w.l(lc_numeric_c.o)
    0x0800c5c8   0x00000110   Data   RO         1735    locale$$data        c_w.l(lc_ctype_c.o)


    Execution Region RW_IRAM1 (Base: 0x20000000, Size: 0x000096c0, Max: 0x00020000, ABSOLUTE, COMPRESSED[0x00002060])

    Base Addr    Size         Type   Attr      Idx    E Section Name        Object

    0x20000000   0x00001052   Data   RW          154    .data               main.o
    0x20001052   0x00000002   PAD
    0x20001054   0x00000014   Data   RW          291    .data               system_stm32f4xx.o
    0x20001068   0x00001010   Data   RW          321    .data               external_control.o
    0x20002078   0x00002c20   Data   RW          506    .data               customized_function.o
    0x20004c98   0x00000010   Data   RW          828    .data               stm32f4xx_rcc.o
    0x20004ca8   0x0000001a   Data   RW          855    .data               buzzer.o
    0x20004cc2   0x00000002   PAD
    0x20004cc4   0x00000008   Data   RW          911    .data               ticks.o
    0x20004ccc   0x00000001   Data   RW         1016    .data               led.o
    0x20004ccd   0x00000001   PAD
    0x20004cce   0x0000100a   Data   RW         1070    .data               1.8 tft_display.o
    0x20005cd8   0x00000004   Data   RW         1111    .data               flash.o
    0x20005cdc   0x00001058   Data   RW         1138    .data               yaw_gyro.o
    0x20006d34   0x00000014   Data   RW         1311    .data               canbusprocess.o
    0x20006d48   0x0000000d   Data   RW         1346    .data               dbus.o
    0x20006d55   0x00000003   PAD
    0x20006d58   0x00001008   Data   RW         1378    .data               judge.o
    0x20007d60   0x00000004   Data   RW         1434    .data               driver_encoder.o
    0x20007d64   0x0000000c   Data   RW         1465    .data               driver_gun.o
    0x20007d70   0x000004b8   Zero   RW          152    .bss                main.o
    0x20008228   0x0000001a   Zero   RW          854    .bss                buzzer.o
    0x20008242   0x00000a50   Zero   RW         1069    .bss                1.8 tft_display.o
    0x20008c92   0x00000022   Zero   RW         1173    .bss                adc.o
    0x20008cb4   0x000001c0   Zero   RW         1310    .bss                canbusprocess.o
    0x20008e74   0x00000053   Zero   RW         1345    .bss                dbus.o
    0x20008ec7   0x00000001   PAD
    0x20008ec8   0x000000a6   Zero   RW         1376    .bss                judge.o
    0x20008f6e   0x00000002   PAD
    0x20008f70   0x0000003c   Zero   RW         1408    .bss                data_monitor.o
    0x20008fac   0x000000b0   Zero   RW         1464    .bss                driver_gun.o
    0x2000905c   0x00000060   Zero   RW         1731    .bss                c_w.l(libspace.o)
    0x200090bc   0x00000004   PAD
    0x200090c0   0x00000200   Zero   RW          530    HEAP                startup_stm32f40_41xxx.o
    0x200092c0   0x00000400   Zero   RW          529    STACK               startup_stm32f40_41xxx.o


==============================================================================

Image component sizes


      Code (inc. data)   RO Data    RW Data    ZI Data      Debug   Object Name

      3708        144          0       4106       2640      10047   1.8 tft_display.o
       328         26          0          0         34       2053   adc.o
       792         78          0         26         26       3594   buzzer.o
         0          0        198          0          0        968   buzzer_song.o
       336         10          0          0          0       1056   can1.o
       336          8          0          0          0       1048   can2.o
       796         58          0         20        448       4899   canbusprocess.o
      2140        140          0          0          0       4123   chassis_control.o
      1208        106          0      11296          0       3936   customized_function.o
       164         12          0          0         60       1248   data_monitor.o
       768         44          0         13         83       3440   dbus.o
       172         14          0          4          0       1090   driver_encoder.o
      1856        110          0         12        176       4830   driver_gun.o
      3072        174          0       4112          0     258272   external_control.o
        76          6          0          4          0       1314   flash.o
      1604        112          0          0          0       6183   gimbal_control.o
       700         20        896          0          0       6080   gpio.o
       792         56        770       4104        166       4690   judge.o
       100         10          0          1          0       1228   led.o
       560        166          4       4178       1208       4155   main.o
       224         20          0          0          0       1813   misc.o
      1420          4          0          0          0       2674   pid_s.o
       128         20          0          0          0        731   pneumatic.o
        64         26        392          0       1536        836   startup_stm32f40_41xxx.o
      1124         24          0          0          0      10686   stm32f4xx_adc.o
      2544         38          0          0          0       8140   stm32f4xx_can.o
       936         32          0          0          0       6389   stm32f4xx_dma.o
      1684         28          0          0          0       9418   stm32f4xx_flash.o
       660         44          0          0          0       4153   stm32f4xx_gpio.o
        36          0          0          0          0     320766   stm32f4xx_it.o
      1628         52          0         16          0      13028   stm32f4xx_rcc.o
      1152         36          0          0          0       6905   stm32f4xx_spi.o
      3234         60          0          0          0      23012   stm32f4xx_tim.o
      1108         34          0          0          0       7880   stm32f4xx_usart.o
       528         46          0         20          0       1771   system_stm32f4xx.o
       204         26          0          8          0      28245   ticks.o
       512         52          0          0          0       1875   timer.o
      1952        144          0       4184          0       7234   yaw_gyro.o

    ----------------------------------------------------------------------
     38650       1980       2292      32112       6380     779810   Object Totals
         0          0         32          0          0          0   (incl. Generated)
         4          0          0          8          3          0   (incl. Padding)

    ----------------------------------------------------------------------

      Code (inc. data)   RO Data    RW Data    ZI Data      Debug   Library Member Name

       100          0          0          0          0          0   __dclz77c.o
         8          0          0          0          0         68   __main.o
       392          4         17          0          0         92   __printf_flags_ss_wp.o
        14          0          0          0          0         68   __printf_wp.o
         0          0          0          0          0          0   __rtentry.o
        12          0          0          0          0          0   __rtentry2.o
         6          0          0          0          0          0   __rtentry4.o
        52          8          0          0          0          0   __scatter.o
        28          0          0          0          0          0   __scatter_zi.o
         6          0          0          0          0          0   _printf_a.o
         6          0          0          0          0          0   _printf_c.o
        44          0          0          0          0        108   _printf_char.o
        48          6          0          0          0         96   _printf_char_common.o
        40          0          0          0          0         68   _printf_charcount.o
         6          0          0          0          0          0   _printf_d.o
       120         16          0          0          0         92   _printf_dec.o
         6          0          0          0          0          0   _printf_e.o
         6          0          0          0          0          0   _printf_f.o
      1050          0          0          0          0        216   _printf_fp_dec.o
       764          8         38          0          0        100   _printf_fp_hex.o
       128         16          0          0          0         84   _printf_fp_infnan.o
         6          0          0          0          0          0   _printf_g.o
       148          4         40          0          0        160   _printf_hex_int_ll_ptr.o
         6          0          0          0          0          0   _printf_i.o
       178          0          0          0          0         88   _printf_intcommon.o
        10          0          0          0          0          0   _printf_l.o
         6          0          0          0          0          0   _printf_lc.o
        10          0          0          0          0          0   _printf_ll.o
         6          0          0          0          0          0   _printf_lld.o
         6          0          0          0          0          0   _printf_lli.o
         6          0          0          0          0          0   _printf_llo.o
         6          0          0          0          0          0   _printf_llu.o
         6          0          0          0          0          0   _printf_llx.o
       124         16          0          0          0         92   _printf_longlong_dec.o
         6          0          0          0          0          0   _printf_ls.o
         6          0          0          0          0          0   _printf_n.o
         6          0          0          0          0          0   _printf_o.o
       112         10          0          0          0        124   _printf_oct_int_ll.o
         6          0          0          0          0          0   _printf_p.o
        78          0          0          0          0        108   _printf_pad.o
         0          0          0          0          0          0   _printf_percent.o
         4          0          0          0          0          0   _printf_percent_end.o
         6          0          0          0          0          0   _printf_s.o
        82          0          0          0          0         80   _printf_str.o
        36          0          0          0          0         84   _printf_truncate.o
         6          0          0          0          0          0   _printf_u.o
        44          0          0          0          0        108   _printf_wchar.o
       188          6          8          0          0         92   _printf_wctomb.o
         6          0          0          0          0          0   _printf_x.o
        10          0          0          0          0         68   _sputc.o
        64          0          0          0          0         92   _wcrtomb.o
       220          4        148          0          0         96   bigflt0.o
      1910        128          0          0          0        672   btod.o
        18          0          0          0          0         80   exit.o
         6          0          0          0          0        152   heapauxi.o
         0          0          0          0          0          0   indicate_semi.o
        44         10        272          0          0         76   lc_ctype_c.o
        44         10         28          0          0         76   lc_numeric_c.o
         2          0          0          0          0          0   libinit.o
        34          0          0          0          0          0   libinit2.o
         2          0          0          0          0          0   libshutdown.o
         2          0          0          0          0          0   libshutdown2.o
         8          4          0          0         96         68   libspace.o
       138          0          0          0          0         80   lludiv10.o
        16          4          0          0          0         76   rt_ctype_table.o
         8          4          0          0          0         68   rt_locale_intlibspace.o
       100          0          0          0          0         80   rt_memcpy_w.o
         2          0          0          0          0          0   rtexit.o
        10          0          0          0          0          0   rtexit2.o
       128          0          0          0          0         68   strcmpv7m.o
        12          4          0          0          0         68   sys_exit.o
        74          0          0          0          0         80   sys_stackheap_outer.o
         2          0          0          0          0         68   use_no_semi.o
        36          4          0          0          0         76   vsprintf.o
        98          4          0          0          0        140   d2f.o
       804         16          0          0          0        368   daddsub_clz.o
       688        140          0          0          0        256   ddiv.o
        94          4          0          0          0        140   dfix.o
        46          0          0          0          0        116   dflt_clz.o
       340         12          0          0          0        152   dmul.o
       156          4          0          0          0        140   dnaninf.o
        12          0          0          0          0        116   dretinf.o
        86          4          0          0          0        132   f2d.o
       140          4          0          0          0        132   fnaninf.o
        10          0          0          0          0        116   fpinit.o
        10          0          0          0          0        116   fretinf.o
         4          0          0          0          0        116   printf1.o
         4          0          0          0          0        116   printf2.o
         0          0          0          0          0          0   usenofp.o
        24          0          0          0          0        124   fabs.o
        48          0          0          0          0        124   fpclassify.o

    ----------------------------------------------------------------------
      9410        454        552          0        100       6376   Library Totals
        16          0          1          0          4          0   (incl. Padding)

    ----------------------------------------------------------------------

      Code (inc. data)   RO Data    RW Data    ZI Data      Debug   Library Name

      6830        266        551          0         96       3972   c_w.l
      2492        188          0          0          0       2156   fz_wm.l
        72          0          0          0          0        248   m_wm.l

    ----------------------------------------------------------------------
      9410        454        552          0        100       6376   Library Totals

    ----------------------------------------------------------------------

==============================================================================


      Code (inc. data)   RO Data    RW Data    ZI Data      Debug   

     48060       2434       2844      32112       6480     773854   Grand Totals
     48060       2434       2844       8288       6480     773854   ELF Image Totals (compressed)
     48060       2434       2844       8288          0          0   ROM Totals

==============================================================================

    Total RO  Size (Code + RO Data)                50904 (  49.71kB)
    Total RW  Size (RW Data + ZI Data)             38592 (  37.69kB)
    Total ROM Size (Code + RO Data + RW Data)      59192 (  57.80kB)

==============================================================================

